Archive member included to satisfy reference by file (symbol)

C:\Users\20614\Desktop\DSPforClion\DSPforClion\libarm_cortexM7lfsp_math.a(arm_rms_f32.o)
                              CMakeFiles/DSPforClion.elf.dir/Core/Software/myfft.c.obj (arm_rms_f32)
C:\Users\20614\Desktop\DSPforClion\DSPforClion\libarm_cortexM7lfsp_math.a(arm_min_f32.o)
                              CMakeFiles/DSPforClion.elf.dir/Core/Software/myfft.c.obj (arm_min_f32)
C:\Users\20614\Desktop\DSPforClion\DSPforClion\libarm_cortexM7lfsp_math.a(arm_max_f32.o)
                              CMakeFiles/DSPforClion.elf.dir/Core/Software/fft_phase.c.obj (arm_max_f32)
c:/programdata/gcc-arm-none-eabi-10.3-2021.10/bin/../lib/gcc/arm-none-eabi/10.3.1/thumb/v7e-m+fp/hard\libgcc.a(_arm_muldf3.o)
                              CMakeFiles/DSPforClion.elf.dir/Core/Software/fft_phase.c.obj (__aeabi_dmul)
c:/programdata/gcc-arm-none-eabi-10.3-2021.10/bin/../lib/gcc/arm-none-eabi/10.3.1/thumb/v7e-m+fp/hard\libgcc.a(_arm_addsubdf3.o)
                              CMakeFiles/DSPforClion.elf.dir/Core/Software/fft_phase.c.obj (__aeabi_dadd)
c:/programdata/gcc-arm-none-eabi-10.3-2021.10/bin/../lib/gcc/arm-none-eabi/10.3.1/thumb/v7e-m+fp/hard\libgcc.a(_arm_muldivdf3.o)
                              CMakeFiles/DSPforClion.elf.dir/Core/Software/fft.c.obj (__aeabi_ddiv)
c:/programdata/gcc-arm-none-eabi-10.3-2021.10/bin/../lib/gcc/arm-none-eabi/10.3.1/thumb/v7e-m+fp/hard\libgcc.a(_arm_fixunsdfsi.o)
                              CMakeFiles/DSPforClion.elf.dir/Core/Software/fft.c.obj (__aeabi_d2uiz)
c:/programdata/gcc-arm-none-eabi-10.3-2021.10/bin/../lib/gcc/arm-none-eabi/10.3.1/thumb/v7e-m+fp/hard\libgcc.a(_arm_truncdfsf2.o)
                              CMakeFiles/DSPforClion.elf.dir/Core/Software/fft_phase.c.obj (__aeabi_d2f)
c:/programdata/gcc-arm-none-eabi-10.3-2021.10/bin/../lib/gcc/arm-none-eabi/10.3.1/thumb/v7e-m+fp/hard\libgcc.a(_aeabi_uldivmod.o)
                              CMakeFiles/DSPforClion.elf.dir/Drivers/STM32H7xx_HAL_Driver/Src/stm32h7xx_hal_uart.c.obj (__aeabi_uldivmod)
c:/programdata/gcc-arm-none-eabi-10.3-2021.10/bin/../lib/gcc/arm-none-eabi/10.3.1/thumb/v7e-m+fp/hard\libgcc.a(_udivmoddi4.o)
                              c:/programdata/gcc-arm-none-eabi-10.3-2021.10/bin/../lib/gcc/arm-none-eabi/10.3.1/thumb/v7e-m+fp/hard\libgcc.a(_aeabi_uldivmod.o) (__udivmoddi4)
c:/programdata/gcc-arm-none-eabi-10.3-2021.10/bin/../lib/gcc/arm-none-eabi/10.3.1/thumb/v7e-m+fp/hard\libgcc.a(_dvmd_tls.o)
                              c:/programdata/gcc-arm-none-eabi-10.3-2021.10/bin/../lib/gcc/arm-none-eabi/10.3.1/thumb/v7e-m+fp/hard\libgcc.a(_aeabi_uldivmod.o) (__aeabi_ldiv0)
c:/programdata/gcc-arm-none-eabi-10.3-2021.10/bin/../lib/gcc/arm-none-eabi/10.3.1/../../../../arm-none-eabi/lib/thumb/v7e-m+fp/hard\libg.a(lib_a-calloc.o)
                              CMakeFiles/DSPforClion.elf.dir/Core/Software/myfft.c.obj (calloc)
c:/programdata/gcc-arm-none-eabi-10.3-2021.10/bin/../lib/gcc/arm-none-eabi/10.3.1/../../../../arm-none-eabi/lib/thumb/v7e-m+fp/hard\libg.a(lib_a-callocr.o)
                              c:/programdata/gcc-arm-none-eabi-10.3-2021.10/bin/../lib/gcc/arm-none-eabi/10.3.1/../../../../arm-none-eabi/lib/thumb/v7e-m+fp/hard\libg.a(lib_a-calloc.o) (_calloc_r)
c:/programdata/gcc-arm-none-eabi-10.3-2021.10/bin/../lib/gcc/arm-none-eabi/10.3.1/../../../../arm-none-eabi/lib/thumb/v7e-m+fp/hard\libg.a(lib_a-errno.o)
                              CMakeFiles/DSPforClion.elf.dir/Core/Src/syscalls.c.obj (__errno)
c:/programdata/gcc-arm-none-eabi-10.3-2021.10/bin/../lib/gcc/arm-none-eabi/10.3.1/../../../../arm-none-eabi/lib/thumb/v7e-m+fp/hard\libg.a(lib_a-exit.o)
                              c:/programdata/gcc-arm-none-eabi-10.3-2021.10/bin/../lib/gcc/arm-none-eabi/10.3.1/../../../../arm-none-eabi/lib/thumb/v7e-m+fp/hard/crt0.o (exit)
c:/programdata/gcc-arm-none-eabi-10.3-2021.10/bin/../lib/gcc/arm-none-eabi/10.3.1/../../../../arm-none-eabi/lib/thumb/v7e-m+fp/hard\libg.a(lib_a-impure.o)
                              c:/programdata/gcc-arm-none-eabi-10.3-2021.10/bin/../lib/gcc/arm-none-eabi/10.3.1/../../../../arm-none-eabi/lib/thumb/v7e-m+fp/hard\libg.a(lib_a-exit.o) (_global_impure_ptr)
c:/programdata/gcc-arm-none-eabi-10.3-2021.10/bin/../lib/gcc/arm-none-eabi/10.3.1/../../../../arm-none-eabi/lib/thumb/v7e-m+fp/hard\libg.a(lib_a-init.o)
                              c:/programdata/gcc-arm-none-eabi-10.3-2021.10/bin/../lib/gcc/arm-none-eabi/10.3.1/../../../../arm-none-eabi/lib/thumb/v7e-m+fp/hard/crt0.o (__libc_init_array)
c:/programdata/gcc-arm-none-eabi-10.3-2021.10/bin/../lib/gcc/arm-none-eabi/10.3.1/../../../../arm-none-eabi/lib/thumb/v7e-m+fp/hard\libg.a(lib_a-malloc.o)
                              CMakeFiles/DSPforClion.elf.dir/Core/Software/fft_window.c.obj (malloc)
c:/programdata/gcc-arm-none-eabi-10.3-2021.10/bin/../lib/gcc/arm-none-eabi/10.3.1/../../../../arm-none-eabi/lib/thumb/v7e-m+fp/hard\libg.a(lib_a-mallocr.o)
[...]
Memory Configuration

Name             Origin             Length             Attributes
FLASH            0x08000000         0x00200000         xr
DTCMRAM          0x20000000         0x00020000         xrw
RAM_D1           0x24000000         0x00080000         xrw
RAM_D2           0x30000000         0x00048000         xrw
RAM_D3           0x38000000         0x00010000         xrw
ITCMRAM          0x00000000         0x00010000         xrw
*default*        0x00000000         0xffffffff

Linker script and memory map

LOAD c:/programdata/gcc-arm-none-eabi-10.3-2021.10/bin/../lib/gcc/arm-none-eabi/10.3.1/thumb/v7e-m+fp/hard/crti.o
LOAD c:/programdata/gcc-arm-none-eabi-10.3-2021.10/bin/../lib/gcc/arm-none-eabi/10.3.1/thumb/v7e-m+fp/hard/crtbegin.o
LOAD c:/programdata/gcc-arm-none-eabi-10.3-2021.10/bin/../lib/gcc/arm-none-eabi/10.3.1/../../../../arm-none-eabi/lib/thumb/v7e-m+fp/hard/crt0.o
LOAD CMakeFiles/DSPforClion.elf.dir/Core/Software/fft.c.obj
LOAD CMakeFiles/DSPforClion.elf.dir/Core/Software/fft_disp.c.obj
LOAD CMakeFiles/DSPforClion.elf.dir/Core/Software/fft_phase.c.obj
LOAD CMakeFiles/DSPforClion.elf.dir/Core/Software/fft_window.c.obj
LOAD CMakeFiles/DSPforClion.elf.dir/Core/Software/myfft.c.obj
LOAD CMakeFiles/DSPforClion.elf.dir/Core/Src/adc.c.obj
LOAD CMakeFiles/DSPforClion.elf.dir/Core/Src/dma.c.obj
LOAD CMakeFiles/DSPforClion.elf.dir/Core/Src/gpio.c.obj
LOAD CMakeFiles/DSPforClion.elf.dir/Core/Src/lcd.c.obj
LOAD CMakeFiles/DSPforClion.elf.dir/Core/Src/lcd_init.c.obj
LOAD CMakeFiles/DSPforClion.elf.dir/Core/Src/main.c.obj
LOAD CMakeFiles/DSPforClion.elf.dir/Core/Src/memorymap.c.obj
LOAD CMakeFiles/DSPforClion.elf.dir/Core/Src/spi.c.obj
LOAD CMakeFiles/DSPforClion.elf.dir/Core/Src/stm32h7xx_hal_msp.c.obj
LOAD CMakeFiles/DSPforClion.elf.dir/Core/Src/stm32h7xx_it.c.obj
LOAD CMakeFiles/DSPforClion.elf.dir/Core/Src/syscalls.c.obj
LOAD CMakeFiles/DSPforClion.elf.dir/Core/Src/sysmem.c.obj
LOAD CMakeFiles/DSPforClion.elf.dir/Core/Src/system_stm32h7xx.c.obj
LOAD CMakeFiles/DSPforClion.elf.dir/Core/Src/tim.c.obj
LOAD CMakeFiles/DSPforClion.elf.dir/Core/Src/usart.c.obj
LOAD CMakeFiles/DSPforClion.elf.dir/Core/Startup/startup_stm32h743vitx.s.obj
LOAD CMakeFiles/DSPforClion.elf.dir/Drivers/STM32H7xx_HAL_Driver/Src/stm32h7xx_hal.c.obj
LOAD CMakeFiles/DSPforClion.elf.dir/Drivers/STM32H7xx_HAL_Driver/Src/stm32h7xx_hal_adc.c.obj
LOAD CMakeFiles/DSPforClion.elf.dir/Drivers/STM32H7xx_HAL_Driver/Src/stm32h7xx_hal_adc_ex.c.obj
LOAD CMakeFiles/DSPforClion.elf.dir/Drivers/STM32H7xx_HAL_Driver/Src/stm32h7xx_hal_cortex.c.obj
LOAD CMakeFiles/DSPforClion.elf.dir/Drivers/STM32H7xx_HAL_Driver/Src/stm32h7xx_hal_dma.c.obj
LOAD CMakeFiles/DSPforClion.elf.dir/Drivers/STM32H7xx_HAL_Driver/Src/stm32h7xx_hal_dma_ex.c.obj
LOAD CMakeFiles/DSPforClion.elf.dir/Drivers/STM32H7xx_HAL_Driver/Src/stm32h7xx_hal_exti.c.obj
LOAD CMakeFiles/DSPforClion.elf.dir/Drivers/STM32H7xx_HAL_Driver/Src/stm32h7xx_hal_flash.c.obj
LOAD CMakeFiles/DSPforClion.elf.dir/Drivers/STM32H7xx_HAL_Driver/Src/stm32h7xx_hal_flash_ex.c.obj
LOAD CMakeFiles/DSPforClion.elf.dir/Drivers/STM32H7xx_HAL_Driver/Src/stm32h7xx_hal_gpio.c.obj
LOAD CMakeFiles/DSPforClion.elf.dir/Drivers/STM32H7xx_HAL_Driver/Src/stm32h7xx_hal_hsem.c.obj
LOAD CMakeFiles/DSPforClion.elf.dir/Drivers/STM32H7xx_HAL_Driver/Src/stm32h7xx_hal_i2c.c.obj
LOAD CMakeFiles/DSPforClion.elf.dir/Drivers/STM32H7xx_HAL_Driver/Src/stm32h7xx_hal_i2c_ex.c.obj
LOAD CMakeFiles/DSPforClion.elf.dir/Drivers/STM32H7xx_HAL_Driver/Src/stm32h7xx_hal_mdma.c.obj
LOAD CMakeFiles/DSPforClion.elf.dir/Drivers/STM32H7xx_HAL_Driver/Src/stm32h7xx_hal_pwr.c.obj
LOAD CMakeFiles/DSPforClion.elf.dir/Drivers/STM32H7xx_HAL_Driver/Src/stm32h7xx_hal_pwr_ex.c.obj
LOAD CMakeFiles/DSPforClion.elf.dir/Drivers/STM32H7xx_HAL_Driver/Src/stm32h7xx_hal_rcc.c.obj
LOAD CMakeFiles/DSPforClion.elf.dir/Drivers/STM32H7xx_HAL_Driver/Src/stm32h7xx_hal_rcc_ex.c.obj
LOAD CMakeFiles/DSPforClion.elf.dir/Drivers/STM32H7xx_HAL_Driver/Src/stm32h7xx_hal_spi.c.obj
LOAD CMakeFiles/DSPforClion.elf.dir/Drivers/STM32H7xx_HAL_Driver/Src/stm32h7xx_hal_spi_ex.c.obj
LOAD CMakeFiles/DSPforClion.elf.dir/Drivers/STM32H7xx_HAL_Driver/Src/stm32h7xx_hal_tim.c.obj
LOAD CMakeFiles/DSPforClion.elf.dir/Drivers/STM32H7xx_HAL_Driver/Src/stm32h7xx_hal_tim_ex.c.obj
LOAD CMakeFiles/DSPforClion.elf.dir/Drivers/STM32H7xx_HAL_Driver/Src/stm32h7xx_hal_uart.c.obj
LOAD CMakeFiles/DSPforClion.elf.dir/Drivers/STM32H7xx_HAL_Driver/Src/stm32h7xx_hal_uart_ex.c.obj
LOAD C:\Users\20614\Desktop\DSPforClion\DSPforClion\libarm_cortexM7lfsp_math.a
START GROUP
LOAD c:/programdata/gcc-arm-none-eabi-10.3-2021.10/bin/../lib/gcc/arm-none-eabi/10.3.1/thumb/v7e-m+fp/hard\libgcc.a
LOAD c:/programdata/gcc-arm-none-eabi-10.3-2021.10/bin/../lib/gcc/arm-none-eabi/10.3.1/../../../../arm-none-eabi/lib/thumb/v7e-m+fp/hard\libg.a
LOAD c:/programdata/gcc-arm-none-eabi-10.3-2021.10/bin/../lib/gcc/arm-none-eabi/10.3.1/../../../../arm-none-eabi/lib/thumb/v7e-m+fp/hard\libc.a
END GROUP
LOAD c:/programdata/gcc-arm-none-eabi-10.3-2021.10/bin/../lib/gcc/arm-none-eabi/10.3.1/thumb/v7e-m+fp/hard/crtend.o
LOAD c:/programdata/gcc-arm-none-eabi-10.3-2021.10/bin/../lib/gcc/arm-none-eabi/10.3.1/thumb/v7e-m+fp/hard/crtn.o
                0x24080000                _estack = (ORIGIN (RAM_D1) + LENGTH (RAM_D1))
                0x00002000                _Min_Heap_Size = 0x2000
                0x00000400                _Min_Stack_Size = 0x400

.isr_vector     0x08000000      0x298
                0x08000000                . = ALIGN (0x4)
 *(.isr_vector)
 .isr_vector    0x08000000      0x298 CMakeFiles/DSPforClion.elf.dir/Core/Startup/startup_stm32h743vitx.s.obj
                0x08000000                g_pfnVectors
                0x08000298                . = ALIGN (0x4)

.text           0x080002c0    0x11530
                0x080002c0                . = ALIGN (0x4)
 *(.text)
 .text          0x080002c0       0x40 c:/programdata/gcc-arm-none-eabi-10.3-2021.10/bin/../lib/gcc/arm-none-eabi/10.3.1/thumb/v7e-m+fp/hard/crtbegin.o
 .text          0x08000300      0x378 c:/programdata/gcc-arm-none-eabi-10.3-2021.10/bin/../lib/gcc/arm-none-eabi/10.3.1/thumb/v7e-m+fp/hard\libgcc.a(_arm_addsubdf3.o)
                0x08000300                __aeabi_drsub
                0x08000308                __aeabi_dsub
                0x08000308                __subdf3
                0x0800030c                __aeabi_dadd
                0x0800030c                __adddf3
                0x08000584                __floatunsidf
                0x08000584                __aeabi_ui2d
                0x080005a4                __floatsidf
                0x080005a4                __aeabi_i2d
                0x080005c8                __aeabi_f2d
                0x080005c8                __extendsfdf2
                0x0800060c                __floatundidf
                0x0800060c                __aeabi_ul2d
                0x0800061c                __floatdidf
                0x0800061c                __aeabi_l2d
 .text          0x08000678      0x424 c:/programdata/gcc-arm-none-eabi-10.3-2021.10/bin/../lib/gcc/arm-none-eabi/10.3.1/thumb/v7e-m+fp/hard\libgcc.a(_arm_muldivdf3.o)
                0x08000678                __aeabi_dmul
                0x08000678                __muldf3
                0x080008cc                __divdf3
                0x080008cc                __aeabi_ddiv
 .text          0x08000a9c       0x40 c:/programdata/gcc-arm-none-eabi-10.3-2021.10/bin/../lib/gcc/arm-none-eabi/10.3.1/thumb/v7e-m+fp/hard\libgcc.a(_arm_fixunsdfsi.o)
                0x08000a9c                __aeabi_d2uiz
                0x08000a9c                __fixunsdfsi
 .text          0x08000adc       0xa0 c:/programdata/gcc-arm-none-eabi-10.3-2021.10/bin/../lib/gcc/arm-none-eabi/10.3.1/thumb/v7e-m+fp/hard\libgcc.a(_arm_truncdfsf2.o)
                0x08000adc                __truncdfsf2
                0x08000adc                __aeabi_d2f
 .text          0x08000b7c       0x30 c:/programdata/gcc-arm-none-eabi-10.3-2021.10/bin/../lib/gcc/arm-none-eabi/10.3.1/thumb/v7e-m+fp/hard\libgcc.a(_aeabi_uldivmod.o)
                0x08000b7c                __aeabi_uldivmod
 .text          0x08000bac      0x2d0 c:/programdata/gcc-arm-none-eabi-10.3-2021.10/bin/../lib/gcc/arm-none-eabi/10.3.1/thumb/v7e-m+fp/hard\libgcc.a(_udivmoddi4.o)
                0x08000bac                __udivmoddi4
 .text          0x08000e7c        0x4 c:/programdata/gcc-arm-none-eabi-10.3-2021.10/bin/../lib/gcc/arm-none-eabi/10.3.1/thumb/v7e-m+fp/hard\libgcc.a(_dvmd_tls.o)
                0x08000e7c                __aeabi_idiv0
                0x08000e7c                __aeabi_ldiv0
 .text          0x08000e80       0xa0 c:/programdata/gcc-arm-none-eabi-10.3-2021.10/bin/../lib/gcc/arm-none-eabi/10.3.1/../../../../arm-none-eabi/lib/thumb/v7e-m+fp/hard\libg.a(lib_a-memchr.o)
                0x08000e80                memchr
 .text          0x08000f20      0x134 c:/programdata/gcc-arm-none-eabi-10.3-2021.10/bin/../lib/gcc/arm-none-eabi/10.3.1/../../../../arm-none-eabi/lib/thumb/v7e-m+fp/hard\libg.a(lib_a-memcpy.o)
                0x08000f20                memcpy
 *fill*         0x08001054       0x2c 
 .text          0x08001080       0xdc c:/programdata/gcc-arm-none-eabi-10.3-2021.10/bin/../lib/gcc/arm-none-eabi/10.3.1/../../../../arm-none-eabi/lib/thumb/v7e-m+fp/hard\libg.a(lib_a-strlen.o)
                0x08001080                strlen
 .text          0x0800115c      0x110 c:/programdata/gcc-arm-none-eabi-10.3-2021.10/bin/../lib/gcc/arm-none-eabi/10.3.1/thumb/v7e-m+fp/hard\libgcc.a(_arm_cmpdf2.o)
                0x0800115c                __gtdf2
                0x0800115c                __gedf2
                0x08001164                __ltdf2
                0x08001164                __ledf2
                0x0800116c                __nedf2
                0x0800116c                __eqdf2
                0x0800116c                __cmpdf2
                0x080011e8                __aeabi_cdrcmple
                0x080011f8                __aeabi_cdcmpeq
                0x080011f8                __aeabi_cdcmple
                0x08001208                __aeabi_dcmpeq
                0x0800121c                __aeabi_dcmplt
                0x08001230                __aeabi_dcmple
                0x08001244                __aeabi_dcmpge
                0x08001258                __aeabi_dcmpgt
 .text          0x0800126c       0x2c c:/programdata/gcc-arm-none-eabi-10.3-2021.10/bin/../lib/gcc/arm-none-eabi/10.3.1/thumb/v7e-m+fp/hard\libgcc.a(_arm_unorddf2.o)
                0x0800126c                __unorddf2
                0x0800126c                __aeabi_dcmpun
 .text          0x08001298       0x50 c:/programdata/gcc-arm-none-eabi-10.3-2021.10/bin/../lib/gcc/arm-none-eabi/10.3.1/thumb/v7e-m+fp/hard\libgcc.a(_arm_fixdfsi.o)
                0x08001298                __aeabi_d2iz
                0x08001298                __fixdfsi
 *(.text*)
 .text.cfft     0x080012e8      0x128 CMakeFiles/DSPforClion.elf.dir/Core/Software/fft.c.obj
                0x080012e8                cfft
 .text.fft_freq_disp
                0x08001410       0xcc CMakeFiles/DSPforClion.elf.dir/Core/Software/fft_disp.c.obj
                0x08001410                fft_freq_disp
 *fill*         0x080014dc        0x4 
 .text.Phase_atan
                0x080014e0      0x178 CMakeFiles/DSPforClion.elf.dir/Core/Software/fft_phase.c.obj
 .text.fft_calculate_phase
                0x08001658       0x94 CMakeFiles/DSPforClion.elf.dir/Core/Software/fft_phase.c.obj
                0x08001658                fft_calculate_phase
 .text.hamming_window
                0x080016ec       0x68 CMakeFiles/DSPforClion.elf.dir/Core/Software/fft_window.c.obj
 .text.hanning_window
                0x08001754       0x60 CMakeFiles/DSPforClion.elf.dir/Core/Software/fft_window.c.obj
 .text.blackman_window
                0x080017b4       0xa0 CMakeFiles/DSPforClion.elf.dir/Core/Software/fft_window.c.obj
 .text.window_calculate
                0x08001854       0x56 CMakeFiles/DSPforClion.elf.dir/Core/Software/fft_window.c.obj
                0x08001854                window_calculate
 *fill*         0x080018aa        0x2 
 .text.floatfindmax
                0x080018ac       0x9c CMakeFiles/DSPforClion.elf.dir/Core/Software/myfft.c.obj
 .text.FFT_Handler_Init
                0x08001948       0x40 CMakeFiles/DSPforClion.elf.dir/Core/Software/myfft.c.obj
                0x08001948                FFT_Handler_Init
 .text.ultrafft
                0x08001988       0x94 CMakeFiles/DSPforClion.elf.dir/Core/Software/myfft.c.obj
                0x08001988                ultrafft
 .text.fft_calculate_harmonic
                0x08001a1c       0x44 CMakeFiles/DSPforClion.elf.dir/Core/Software/myfft.c.obj
                0x08001a1c                fft_calculate_harmonic
 .text.fft_calculate_mainfreq
                0x08001a60       0x70 CMakeFiles/DSPforClion.elf.dir/Core/Software/myfft.c.obj
                0x08001a60                fft_calculate_mainfreq
 .text.fft_calculate_rms
                0x08001ad0       0x10 CMakeFiles/DSPforClion.elf.dir/Core/Software/myfft.c.obj
                0x08001ad0                fft_calculate_rms
 .text.fft_calculate_vpp
                0x08001ae0       0x32 CMakeFiles/DSPforClion.elf.dir/Core/Software/myfft.c.obj
                0x08001ae0                fft_calculate_vpp
 .text.fft_calculate
                0x08001b12       0x4c CMakeFiles/DSPforClion.elf.dir/Core/Software/myfft.c.obj
                0x08001b12                fft_calculate
 *fill*         0x08001b5e        0x2 
 .text.MX_ADC1_Init
                0x08001b60       0xb0 CMakeFiles/DSPforClion.elf.dir/Core/Src/adc.c.obj
                0x08001b60                MX_ADC1_Init
 .text.MX_ADC2_Init
                0x08001c10       0x98 CMakeFiles/DSPforClion.elf.dir/Core/Src/adc.c.obj
                0x08001c10                MX_ADC2_Init
 .text.HAL_ADC_MspInit
                0x08001ca8      0x170 CMakeFiles/DSPforClion.elf.dir/Core/Src/adc.c.obj
                0x08001ca8                HAL_ADC_MspInit
 .text.MX_DMA_Init
                0x08001e18       0x58 CMakeFiles/DSPforClion.elf.dir/Core/Src/dma.c.obj
                0x08001e18                MX_DMA_Init
 .text.MX_GPIO_Init
                0x08001e70       0xd0 CMakeFiles/DSPforClion.elf.dir/Core/Src/gpio.c.obj
                0x08001e70                MX_GPIO_Init
 .text.LCD_Fill
                0x08001f40       0x3c CMakeFiles/DSPforClion.elf.dir/Core/Src/lcd.c.obj
                0x08001f40                LCD_Fill
 .text.LCD_DrawPoint
                0x08001f7c       0x14 CMakeFiles/DSPforClion.elf.dir/Core/Src/lcd.c.obj
                0x08001f7c                LCD_DrawPoint
 .text.LCD_DrawLine
                0x08001f90       0xa4 CMakeFiles/DSPforClion.elf.dir/Core/Src/lcd.c.obj
                0x08001f90                LCD_DrawLine
 .text.LCD_ShowChar
                0x08002034       0xec CMakeFiles/DSPforClion.elf.dir/Core/Src/lcd.c.obj
                0x08002034                LCD_ShowChar
 .text.LCD_ShowString
                0x08002120       0x44 CMakeFiles/DSPforClion.elf.dir/Core/Src/lcd.c.obj
                0x08002120                LCD_ShowString
 .text.LCD_Writ_Bus
                0x08002164       0x3c CMakeFiles/DSPforClion.elf.dir/Core/Src/lcd_init.c.obj
                0x08002164                LCD_Writ_Bus
 .text.LCD_WR_DATA8
                0x080021a0        0x8 CMakeFiles/DSPforClion.elf.dir/Core/Src/lcd_init.c.obj
                0x080021a0                LCD_WR_DATA8
 .text.LCD_WR_DATA
                0x080021a8       0x12 CMakeFiles/DSPforClion.elf.dir/Core/Src/lcd_init.c.obj
                0x080021a8                LCD_WR_DATA
 *fill*         0x080021ba        0x2 
 .text.LCD_WR_REG
                0x080021bc       0x2c CMakeFiles/DSPforClion.elf.dir/Core/Src/lcd_init.c.obj
                0x080021bc                LCD_WR_REG
 .text.LCD_Address_Set
                0x080021e8       0x3e CMakeFiles/DSPforClion.elf.dir/Core/Src/lcd_init.c.obj
                0x080021e8                LCD_Address_Set
 *fill*         0x08002226        0x2 
 .text.LCD_ST7789V3_Init
                0x08002228      0x1c8 CMakeFiles/DSPforClion.elf.dir/Core/Src/lcd_init.c.obj
                0x08002228                LCD_ST7789V3_Init
 .text.MPU_Config
                0x080023f0       0x52 CMakeFiles/DSPforClion.elf.dir/Core/Src/main.c.obj
 *fill*         0x08002442        0x2 
 .text.HAL_ADC_ConvCpltCallback
                0x08002444        0xc CMakeFiles/DSPforClion.elf.dir/Core/Src/main.c.obj
                0x08002444                HAL_ADC_ConvCpltCallback
 .text.HAL_TIM_PeriodElapsedCallback
                0x08002450        0x2 CMakeFiles/DSPforClion.elf.dir/Core/Src/main.c.obj
                0x08002450                HAL_TIM_PeriodElapsedCallback
 .text.Error_Handler
                0x08002452        0x4 CMakeFiles/DSPforClion.elf.dir/Core/Src/main.c.obj
                0x08002452                Error_Handler
 *fill*         0x08002456        0x2 
 .text.SystemClock_Config
                0x08002458       0xc4 CMakeFiles/DSPforClion.elf.dir/Core/Src/main.c.obj
                0x08002458                SystemClock_Config
 .text.PeriphCommonClock_Config
                0x0800251c       0x40 CMakeFiles/DSPforClion.elf.dir/Core/Src/main.c.obj
                0x0800251c                PeriphCommonClock_Config
 *fill*         0x0800255c        0x4 
 .text.main     0x08002560      0x37c CMakeFiles/DSPforClion.elf.dir/Core/Src/main.c.obj
                0x08002560                main
 .text.MX_SPI2_Init
                0x080028dc       0x60 CMakeFiles/DSPforClion.elf.dir/Core/Src/spi.c.obj
                0x080028dc                MX_SPI2_Init
 .text.HAL_SPI_MspInit
                0x0800293c       0xcc CMakeFiles/DSPforClion.elf.dir/Core/Src/spi.c.obj
                0x0800293c                HAL_SPI_MspInit
 .text.HAL_MspInit
                0x08002a08       0x24 CMakeFiles/DSPforClion.elf.dir/Core/Src/stm32h7xx_hal_msp.c.obj
                0x08002a08                HAL_MspInit
 .text.NMI_Handler
                0x08002a2c        0x2 CMakeFiles/DSPforClion.elf.dir/Core/Src/stm32h7xx_it.c.obj
                0x08002a2c                NMI_Handler
 .text.HardFault_Handler
                0x08002a2e        0x2 CMakeFiles/DSPforClion.elf.dir/Core/Src/stm32h7xx_it.c.obj
                0x08002a2e                HardFault_Handler
 .text.MemManage_Handler
                0x08002a30        0x2 CMakeFiles/DSPforClion.elf.dir/Core/Src/stm32h7xx_it.c.obj
                0x08002a30                MemManage_Handler
 .text.BusFault_Handler
                0x08002a32        0x2 CMakeFiles/DSPforClion.elf.dir/Core/Src/stm32h7xx_it.c.obj
                0x08002a32                BusFault_Handler
 .text.UsageFault_Handler
                0x08002a34        0x2 CMakeFiles/DSPforClion.elf.dir/Core/Src/stm32h7xx_it.c.obj
                0x08002a34                UsageFault_Handler
 .text.SVC_Handler
                0x08002a36        0x2 CMakeFiles/DSPforClion.elf.dir/Core/Src/stm32h7xx_it.c.obj
                0x08002a36                SVC_Handler
 .text.DebugMon_Handler
                0x08002a38        0x2 CMakeFiles/DSPforClion.elf.dir/Core/Src/stm32h7xx_it.c.obj
                0x08002a38                DebugMon_Handler
 .text.PendSV_Handler
                0x08002a3a        0x2 CMakeFiles/DSPforClion.elf.dir/Core/Src/stm32h7xx_it.c.obj
                0x08002a3a                PendSV_Handler
 .text.SysTick_Handler
                0x08002a3c        0x8 CMakeFiles/DSPforClion.elf.dir/Core/Src/stm32h7xx_it.c.obj
                0x08002a3c                SysTick_Handler
 .text.DMA1_Stream0_IRQHandler
                0x08002a44       0x10 CMakeFiles/DSPforClion.elf.dir/Core/Src/stm32h7xx_it.c.obj
                0x08002a44                DMA1_Stream0_IRQHandler
 .text.DMA1_Stream1_IRQHandler
                0x08002a54       0x10 CMakeFiles/DSPforClion.elf.dir/Core/Src/stm32h7xx_it.c.obj
                0x08002a54                DMA1_Stream1_IRQHandler
 .text.DMA1_Stream2_IRQHandler
                0x08002a64       0x10 CMakeFiles/DSPforClion.elf.dir/Core/Src/stm32h7xx_it.c.obj
                0x08002a64                DMA1_Stream2_IRQHandler
 .text.TIM3_IRQHandler
                0x08002a74       0x10 CMakeFiles/DSPforClion.elf.dir/Core/Src/stm32h7xx_it.c.obj
                0x08002a74                TIM3_IRQHandler
 .text.USART1_IRQHandler
                0x08002a84       0x10 CMakeFiles/DSPforClion.elf.dir/Core/Src/stm32h7xx_it.c.obj
                0x08002a84                USART1_IRQHandler
 .text._getpid  0x08002a94        0x4 CMakeFiles/DSPforClion.elf.dir/Core/Src/syscalls.c.obj
                0x08002a94                _getpid
 .text._kill    0x08002a98       0x10 CMakeFiles/DSPforClion.elf.dir/Core/Src/syscalls.c.obj
                0x08002a98                _kill
 .text._exit    0x08002aa8        0xc CMakeFiles/DSPforClion.elf.dir/Core/Src/syscalls.c.obj
                0x08002aa8                _exit
 .text._read    0x08002ab4       0x20 CMakeFiles/DSPforClion.elf.dir/Core/Src/syscalls.c.obj
                0x08002ab4                _read
 .text._write   0x08002ad4       0x1c CMakeFiles/DSPforClion.elf.dir/Core/Src/syscalls.c.obj
                0x08002ad4                _write
 .text._close   0x08002af0        0x6 CMakeFiles/DSPforClion.elf.dir/Core/Src/syscalls.c.obj
                0x08002af0                _close
 .text._fstat   0x08002af6        0xa CMakeFiles/DSPforClion.elf.dir/Core/Src/syscalls.c.obj
                0x08002af6                _fstat
 .text._isatty  0x08002b00        0x4 CMakeFiles/DSPforClion.elf.dir/Core/Src/syscalls.c.obj
                0x08002b00                _isatty
 .text._lseek   0x08002b04        0x4 CMakeFiles/DSPforClion.elf.dir/Core/Src/syscalls.c.obj
                0x08002b04                _lseek
 .text._sbrk    0x08002b08       0x48 CMakeFiles/DSPforClion.elf.dir/Core/Src/sysmem.c.obj
                0x08002b08                _sbrk
 .text.SystemInit
                0x08002b50       0xf4 CMakeFiles/DSPforClion.elf.dir/Core/Src/system_stm32h7xx.c.obj
                0x08002b50                SystemInit
 .text.ExitRun0Mode
                0x08002c44       0x1c CMakeFiles/DSPforClion.elf.dir/Core/Src/system_stm32h7xx.c.obj
                0x08002c44                ExitRun0Mode
 .text.MX_TIM3_Init
                0x08002c60       0xa8 CMakeFiles/DSPforClion.elf.dir/Core/Src/tim.c.obj
                0x08002c60                MX_TIM3_Init
 .text.MX_TIM6_Init
                0x08002d08       0x54 CMakeFiles/DSPforClion.elf.dir/Core/Src/tim.c.obj
                0x08002d08                MX_TIM6_Init
 .text.HAL_TIM_Base_MspInit
                0x08002d5c       0x6c CMakeFiles/DSPforClion.elf.dir/Core/Src/tim.c.obj
                0x08002d5c                HAL_TIM_Base_MspInit
 .text.MX_USART1_UART_Init
                0x08002dc8       0x68 CMakeFiles/DSPforClion.elf.dir/Core/Src/usart.c.obj
                0x08002dc8                MX_USART1_UART_Init
 .text.HAL_UART_MspInit
                0x08002e30       0xe8 CMakeFiles/DSPforClion.elf.dir/Core/Src/usart.c.obj
                0x08002e30                HAL_UART_MspInit
 .text.Reset_Handler
                0x08002f18       0x54 CMakeFiles/DSPforClion.elf.dir/Core/Startup/startup_stm32h743vitx.s.obj
                0x08002f18                Reset_Handler
 .text.Default_Handler
                0x08002f6c        0x2 CMakeFiles/DSPforClion.elf.dir/Core/Startup/startup_stm32h743vitx.s.obj
                0x08002f6c                RTC_Alarm_IRQHandler
                0x08002f6c                EXTI2_IRQHandler
                0x08002f6c                TIM8_CC_IRQHandler
                0x08002f6c                HRTIM1_Master_IRQHandler
                0x08002f6c                UART8_IRQHandler
                0x08002f6c                SPI4_IRQHandler
                0x08002f6c                TIM1_CC_IRQHandler
                0x08002f6c                BDMA_Channel6_IRQHandler
                0x08002f6c                DMA2_Stream5_IRQHandler
                0x08002f6c                HRTIM1_FLT_IRQHandler
                0x08002f6c                JPEG_IRQHandler
                0x08002f6c                DMA1_Stream5_IRQHandler
                0x08002f6c                BDMA_Channel1_IRQHandler
                0x08002f6c                HRTIM1_TIMD_IRQHandler
                0x08002f6c                TAMP_STAMP_IRQHandler
                0x08002f6c                EXTI3_IRQHandler
                0x08002f6c                LPTIM4_IRQHandler
                0x08002f6c                TIM8_TRG_COM_TIM14_IRQHandler
                0x08002f6c                LPTIM2_IRQHandler
                0x08002f6c                DFSDM1_FLT1_IRQHandler
                0x08002f6c                DMAMUX2_OVR_IRQHandler
                0x08002f6c                TIM8_UP_TIM13_IRQHandler
                0x08002f6c                I2C3_ER_IRQHandler
                0x08002f6c                DFSDM1_FLT2_IRQHandler
                0x08002f6c                MDMA_IRQHandler
                0x08002f6c                LPTIM3_IRQHandler
                0x08002f6c                HSEM1_IRQHandler
                0x08002f6c                EXTI0_IRQHandler
                0x08002f6c                I2C2_EV_IRQHandler
                0x08002f6c                FPU_IRQHandler
                0x08002f6c                OTG_HS_WKUP_IRQHandler
                0x08002f6c                FDCAN1_IT1_IRQHandler
                0x08002f6c                LTDC_ER_IRQHandler
                0x08002f6c                DMA2_Stream2_IRQHandler
                0x08002f6c                HRTIM1_TIME_IRQHandler
                0x08002f6c                SPI1_IRQHandler
                0x08002f6c                TIM6_DAC_IRQHandler
                0x08002f6c                DCMI_IRQHandler
                0x08002f6c                HRTIM1_TIMC_IRQHandler
                0x08002f6c                DMA2_Stream3_IRQHandler
                0x08002f6c                SAI2_IRQHandler
                0x08002f6c                DFSDM1_FLT3_IRQHandler
                0x08002f6c                USART6_IRQHandler
                0x08002f6c                TIM17_IRQHandler
                0x08002f6c                USART3_IRQHandler
                0x08002f6c                BDMA_Channel7_IRQHandler
                0x08002f6c                LPTIM5_IRQHandler
                0x08002f6c                UART5_IRQHandler
                0x08002f6c                ADC3_IRQHandler
                0x08002f6c                DMA2_Stream0_IRQHandler
                0x08002f6c                TIM4_IRQHandler
                0x08002f6c                BDMA_Channel2_IRQHandler
                0x08002f6c                QUADSPI_IRQHandler
                0x08002f6c                I2C1_EV_IRQHandler
                0x08002f6c                DMA1_Stream6_IRQHandler
                0x08002f6c                DMAMUX1_OVR_IRQHandler
                0x08002f6c                TIM16_IRQHandler
                0x08002f6c                UART4_IRQHandler
                0x08002f6c                BDMA_Channel5_IRQHandler
                0x08002f6c                RCC_IRQHandler
                0x08002f6c                TIM8_BRK_TIM12_IRQHandler
                0x08002f6c                TIM1_TRG_COM_IRQHandler
                0x08002f6c                Default_Handler
                0x08002f6c                ECC_IRQHandler
                0x08002f6c                CEC_IRQHandler
                0x08002f6c                EXTI15_10_IRQHandler
                0x08002f6c                BDMA_Channel0_IRQHandler
                0x08002f6c                ADC_IRQHandler
                0x08002f6c                DMA1_Stream7_IRQHandler
                0x08002f6c                HRTIM1_TIMA_IRQHandler
                0x08002f6c                SPI5_IRQHandler
                0x08002f6c                TIM7_IRQHandler
                0x08002f6c                SDMMC1_IRQHandler
                0x08002f6c                TIM5_IRQHandler
                0x08002f6c                DMA2_Stream7_IRQHandler
                0x08002f6c                TIM15_IRQHandler
                0x08002f6c                PVD_AVD_IRQHandler
                0x08002f6c                I2C3_EV_IRQHandler
                0x08002f6c                EXTI9_5_IRQHandler
                0x08002f6c                RTC_WKUP_IRQHandler
                0x08002f6c                LTDC_IRQHandler
                0x08002f6c                SAI3_IRQHandler
                0x08002f6c                ETH_WKUP_IRQHandler
                0x08002f6c                SPDIF_RX_IRQHandler
                0x08002f6c                SPI2_IRQHandler
                0x08002f6c                OTG_HS_EP1_IN_IRQHandler
                0x08002f6c                CRS_IRQHandler
                0x08002f6c                EXTI4_IRQHandler
                0x08002f6c                RNG_IRQHandler
                0x08002f6c                HRTIM1_TIMB_IRQHandler
                0x08002f6c                FDCAN2_IT1_IRQHandler
                0x08002f6c                ETH_IRQHandler
                0x08002f6c                TIM1_UP_IRQHandler
                0x08002f6c                BDMA_Channel4_IRQHandler
                0x08002f6c                OTG_HS_EP1_OUT_IRQHandler
                0x08002f6c                WWDG_IRQHandler
                0x08002f6c                SPI6_IRQHandler
                0x08002f6c                MDIOS_IRQHandler
                0x08002f6c                I2C4_EV_IRQHandler
                0x08002f6c                FDCAN2_IT0_IRQHandler
                0x08002f6c                LPUART1_IRQHandler
                0x08002f6c                FDCAN1_IT0_IRQHandler
                0x08002f6c                TIM2_IRQHandler
                0x08002f6c                OTG_FS_WKUP_IRQHandler
                0x08002f6c                OTG_HS_IRQHandler
                0x08002f6c                DMA2D_IRQHandler
                0x08002f6c                TIM1_BRK_IRQHandler
                0x08002f6c                EXTI1_IRQHandler
                0x08002f6c                SDMMC2_IRQHandler
                0x08002f6c                OTG_FS_EP1_OUT_IRQHandler
                0x08002f6c                BDMA_Channel3_IRQHandler
                0x08002f6c                UART7_IRQHandler
                0x08002f6c                MDIOS_WKUP_IRQHandler
                0x08002f6c                USART2_IRQHandler
                0x08002f6c                DFSDM1_FLT0_IRQHandler
                0x08002f6c                SAI4_IRQHandler
                0x08002f6c                I2C2_ER_IRQHandler
                0x08002f6c                DMA2_Stream1_IRQHandler
                0x08002f6c                FLASH_IRQHandler
                0x08002f6c                DMA2_Stream4_IRQHandler
                0x08002f6c                OTG_FS_IRQHandler
                0x08002f6c                SPI3_IRQHandler
                0x08002f6c                WAKEUP_PIN_IRQHandler
                0x08002f6c                DMA1_Stream4_IRQHandler
                0x08002f6c                OTG_FS_EP1_IN_IRQHandler
                0x08002f6c                I2C1_ER_IRQHandler
                0x08002f6c                FMC_IRQHandler
                0x08002f6c                FDCAN_CAL_IRQHandler
                0x08002f6c                SWPMI1_IRQHandler
                0x08002f6c                COMP1_IRQHandler
                0x08002f6c                LPTIM1_IRQHandler
                0x08002f6c                I2C4_ER_IRQHandler
                0x08002f6c                DMA2_Stream6_IRQHandler
                0x08002f6c                SAI1_IRQHandler
                0x08002f6c                DMA1_Stream3_IRQHandler
 *fill*         0x08002f6e        0x2 
 .text.HAL_InitTick
                0x08002f70       0x50 CMakeFiles/DSPforClion.elf.dir/Drivers/STM32H7xx_HAL_Driver/Src/stm32h7xx_hal.c.obj
                0x08002f70                HAL_InitTick
 .text.HAL_Init
                0x08002fc0       0x5c CMakeFiles/DSPforClion.elf.dir/Drivers/STM32H7xx_HAL_Driver/Src/stm32h7xx_hal.c.obj
                0x08002fc0                HAL_Init
 .text.HAL_IncTick
                0x0800301c       0x18 CMakeFiles/DSPforClion.elf.dir/Drivers/STM32H7xx_HAL_Driver/Src/stm32h7xx_hal.c.obj
                0x0800301c                HAL_IncTick
 .text.HAL_GetTick
                0x08003034        0xc CMakeFiles/DSPforClion.elf.dir/Drivers/STM32H7xx_HAL_Driver/Src/stm32h7xx_hal.c.obj
                0x08003034                HAL_GetTick
 .text.HAL_Delay
                0x08003040       0x28 CMakeFiles/DSPforClion.elf.dir/Drivers/STM32H7xx_HAL_Driver/Src/stm32h7xx_hal.c.obj
                0x08003040                HAL_Delay
 .text.HAL_GetREVID
                0x08003068        0xc CMakeFiles/DSPforClion.elf.dir/Drivers/STM32H7xx_HAL_Driver/Src/stm32h7xx_hal.c.obj
                0x08003068                HAL_GetREVID
 .text.HAL_ADC_ConvHalfCpltCallback
                0x08003074        0x2 CMakeFiles/DSPforClion.elf.dir/Drivers/STM32H7xx_HAL_Driver/Src/stm32h7xx_hal_adc.c.obj
                0x08003074                HAL_ADC_ConvHalfCpltCallback
 .text.ADC_DMAHalfConvCplt
                0x08003076        0xa CMakeFiles/DSPforClion.elf.dir/Drivers/STM32H7xx_HAL_Driver/Src/stm32h7xx_hal_adc.c.obj
                0x08003076                ADC_DMAHalfConvCplt
 .text.HAL_ADC_ErrorCallback
                0x08003080        0x2 CMakeFiles/DSPforClion.elf.dir/Drivers/STM32H7xx_HAL_Driver/Src/stm32h7xx_hal_adc.c.obj
                0x08003080                HAL_ADC_ErrorCallback
 .text.ADC_DMAConvCplt
                0x08003082       0x88 CMakeFiles/DSPforClion.elf.dir/Drivers/STM32H7xx_HAL_Driver/Src/stm32h7xx_hal_adc.c.obj
                0x08003082                ADC_DMAConvCplt
 .text.ADC_DMAError
                0x0800310a       0x1a CMakeFiles/DSPforClion.elf.dir/Drivers/STM32H7xx_HAL_Driver/Src/stm32h7xx_hal_adc.c.obj
                0x0800310a                ADC_DMAError
 .text.HAL_ADC_ConfigChannel
                0x08003124      0x4e4 CMakeFiles/DSPforClion.elf.dir/Drivers/STM32H7xx_HAL_Driver/Src/stm32h7xx_hal_adc.c.obj
                0x08003124                HAL_ADC_ConfigChannel
 .text.ADC_ConversionStop
                0x08003608       0xfc CMakeFiles/DSPforClion.elf.dir/Drivers/STM32H7xx_HAL_Driver/Src/stm32h7xx_hal_adc.c.obj
                0x08003608                ADC_ConversionStop
 .text.ADC_Enable
                0x08003704       0xd4 CMakeFiles/DSPforClion.elf.dir/Drivers/STM32H7xx_HAL_Driver/Src/stm32h7xx_hal_adc.c.obj
                0x08003704                ADC_Enable
 .text.HAL_ADC_Start_DMA
                0x080037d8      0x11c CMakeFiles/DSPforClion.elf.dir/Drivers/STM32H7xx_HAL_Driver/Src/stm32h7xx_hal_adc.c.obj
                0x080037d8                HAL_ADC_Start_DMA
 .text.ADC_Disable
                0x080038f4       0x94 CMakeFiles/DSPforClion.elf.dir/Drivers/STM32H7xx_HAL_Driver/Src/stm32h7xx_hal_adc.c.obj
                0x080038f4                ADC_Disable
 .text.HAL_ADC_Stop_DMA
                0x08003988       0x84 CMakeFiles/DSPforClion.elf.dir/Drivers/STM32H7xx_HAL_Driver/Src/stm32h7xx_hal_adc.c.obj
                0x08003988                HAL_ADC_Stop_DMA
 .text.ADC_ConfigureBoostMode
                0x08003a0c      0x164 CMakeFiles/DSPforClion.elf.dir/Drivers/STM32H7xx_HAL_Driver/Src/stm32h7xx_hal_adc.c.obj
                0x08003a0c                ADC_ConfigureBoostMode
 .text.HAL_ADC_Init
                0x08003b70      0x264 CMakeFiles/DSPforClion.elf.dir/Drivers/STM32H7xx_HAL_Driver/Src/stm32h7xx_hal_adc.c.obj
                0x08003b70                HAL_ADC_Init
 .text.HAL_ADCEx_Calibration_Start
                0x08003dd4       0xa8 CMakeFiles/DSPforClion.elf.dir/Drivers/STM32H7xx_HAL_Driver/Src/stm32h7xx_hal_adc_ex.c.obj
                0x08003dd4                HAL_ADCEx_Calibration_Start
 .text.HAL_ADCEx_MultiModeConfigChannel
                0x08003e7c      0x164 CMakeFiles/DSPforClion.elf.dir/Drivers/STM32H7xx_HAL_Driver/Src/stm32h7xx_hal_adc_ex.c.obj
                0x08003e7c                HAL_ADCEx_MultiModeConfigChannel
 .text.HAL_NVIC_SetPriorityGrouping
                0x08003fe0       0x24 CMakeFiles/DSPforClion.elf.dir/Drivers/STM32H7xx_HAL_Driver/Src/stm32h7xx_hal_cortex.c.obj
                0x08003fe0                HAL_NVIC_SetPriorityGrouping
 .text.HAL_NVIC_SetPriority
                0x08004004       0x6c CMakeFiles/DSPforClion.elf.dir/Drivers/STM32H7xx_HAL_Driver/Src/stm32h7xx_hal_cortex.c.obj
                0x08004004                HAL_NVIC_SetPriority
 .text.HAL_NVIC_EnableIRQ
                0x08004070       0x1c CMakeFiles/DSPforClion.elf.dir/Drivers/STM32H7xx_HAL_Driver/Src/stm32h7xx_hal_cortex.c.obj
                0x08004070                HAL_NVIC_EnableIRQ
 .text.HAL_SYSTICK_Config
                0x0800408c       0x28 CMakeFiles/DSPforClion.elf.dir/Drivers/STM32H7xx_HAL_Driver/Src/stm32h7xx_hal_cortex.c.obj
                0x0800408c                HAL_SYSTICK_Config
 .text.HAL_MPU_Disable
                0x080040b4       0x1c CMakeFiles/DSPforClion.elf.dir/Drivers/STM32H7xx_HAL_Driver/Src/stm32h7xx_hal_cortex.c.obj
                0x080040b4                HAL_MPU_Disable
 .text.HAL_MPU_Enable
                0x080040d0       0x20 CMakeFiles/DSPforClion.elf.dir/Drivers/STM32H7xx_HAL_Driver/Src/stm32h7xx_hal_cortex.c.obj
                0x080040d0                HAL_MPU_Enable
 .text.HAL_MPU_ConfigRegion
                0x080040f0       0x58 CMakeFiles/DSPforClion.elf.dir/Drivers/STM32H7xx_HAL_Driver/Src/stm32h7xx_hal_cortex.c.obj
                0x080040f0                HAL_MPU_ConfigRegion
 .text.DMA_SetConfig
                0x08004148      0x1b4 CMakeFiles/DSPforClion.elf.dir/Drivers/STM32H7xx_HAL_Driver/Src/stm32h7xx_hal_dma.c.obj
 .text.DMA_CalcBaseAndBitshift
                0x080042fc       0xb4 CMakeFiles/DSPforClion.elf.dir/Drivers/STM32H7xx_HAL_Driver/Src/stm32h7xx_hal_dma.c.obj
 .text.DMA_CheckFifoParam
                0x080043b0       0x92 CMakeFiles/DSPforClion.elf.dir/Drivers/STM32H7xx_HAL_Driver/Src/stm32h7xx_hal_dma.c.obj
 *fill*         0x08004442        0x2 
 .text.DMA_CalcDMAMUXChannelBaseAndMask
                0x08004444       0xb0 CMakeFiles/DSPforClion.elf.dir/Drivers/STM32H7xx_HAL_Driver/Src/stm32h7xx_hal_dma.c.obj
 .text.DMA_CalcDMAMUXRequestGenBaseAndMask
                0x080044f4       0x7c CMakeFiles/DSPforClion.elf.dir/Drivers/STM32H7xx_HAL_Driver/Src/stm32h7xx_hal_dma.c.obj
 .text.HAL_DMA_Init
                0x08004570      0x3a4 CMakeFiles/DSPforClion.elf.dir/Drivers/STM32H7xx_HAL_Driver/Src/stm32h7xx_hal_dma.c.obj
                0x08004570                HAL_DMA_Init
 .text.HAL_DMA_Start_IT
                0x08004914      0x298 CMakeFiles/DSPforClion.elf.dir/Drivers/STM32H7xx_HAL_Driver/Src/stm32h7xx_hal_dma.c.obj
                0x08004914                HAL_DMA_Start_IT
 .text.HAL_DMA_Abort
                0x08004bac      0x340 CMakeFiles/DSPforClion.elf.dir/Drivers/STM32H7xx_HAL_Driver/Src/stm32h7xx_hal_dma.c.obj
                0x08004bac                HAL_DMA_Abort
 .text.HAL_DMA_Abort_IT
                0x08004eec      0x270 CMakeFiles/DSPforClion.elf.dir/Drivers/STM32H7xx_HAL_Driver/Src/stm32h7xx_hal_dma.c.obj
                0x08004eec                HAL_DMA_Abort_IT
 .text.HAL_DMA_IRQHandler
                0x0800515c      0x738 CMakeFiles/DSPforClion.elf.dir/Drivers/STM32H7xx_HAL_Driver/Src/stm32h7xx_hal_dma.c.obj
                0x0800515c                HAL_DMA_IRQHandler
 .text.HAL_GPIO_Init
                0x08005894      0x220 CMakeFiles/DSPforClion.elf.dir/Drivers/STM32H7xx_HAL_Driver/Src/stm32h7xx_hal_gpio.c.obj
                0x08005894                HAL_GPIO_Init
 .text.HAL_GPIO_WritePin
                0x08005ab4        0xc CMakeFiles/DSPforClion.elf.dir/Drivers/STM32H7xx_HAL_Driver/Src/stm32h7xx_hal_gpio.c.obj
                0x08005ab4                HAL_GPIO_WritePin
 .text.HAL_PWREx_ConfigSupply
                0x08005ac0       0x54 CMakeFiles/DSPforClion.elf.dir/Drivers/STM32H7xx_HAL_Driver/Src/stm32h7xx_hal_pwr_ex.c.obj
                0x08005ac0                HAL_PWREx_ConfigSupply
 .text.HAL_RCC_OscConfig
                0x08005b14      0x6b4 CMakeFiles/DSPforClion.elf.dir/Drivers/STM32H7xx_HAL_Driver/Src/stm32h7xx_hal_rcc.c.obj
                0x08005b14                HAL_RCC_OscConfig
 .text.HAL_RCC_GetSysClockFreq
                0x080061c8      0x1f4 CMakeFiles/DSPforClion.elf.dir/Drivers/STM32H7xx_HAL_Driver/Src/stm32h7xx_hal_rcc.c.obj
                0x080061c8                HAL_RCC_GetSysClockFreq
 .text.HAL_RCC_ClockConfig
                0x080063bc      0x294 CMakeFiles/DSPforClion.elf.dir/Drivers/STM32H7xx_HAL_Driver/Src/stm32h7xx_hal_rcc.c.obj
                0x080063bc                HAL_RCC_ClockConfig
 .text.HAL_RCC_GetHCLKFreq
                0x08006650       0x44 CMakeFiles/DSPforClion.elf.dir/Drivers/STM32H7xx_HAL_Driver/Src/stm32h7xx_hal_rcc.c.obj
                0x08006650                HAL_RCC_GetHCLKFreq
 .text.HAL_RCC_GetPCLK1Freq
                0x08006694       0x24 CMakeFiles/DSPforClion.elf.dir/Drivers/STM32H7xx_HAL_Driver/Src/stm32h7xx_hal_rcc.c.obj
                0x08006694                HAL_RCC_GetPCLK1Freq
 .text.HAL_RCC_GetPCLK2Freq
                0x080066b8       0x24 CMakeFiles/DSPforClion.elf.dir/Drivers/STM32H7xx_HAL_Driver/Src/stm32h7xx_hal_rcc.c.obj
                0x080066b8                HAL_RCC_GetPCLK2Freq
 .text.RCCEx_PLL2_Config
                0x080066dc      0x10c CMakeFiles/DSPforClion.elf.dir/Drivers/STM32H7xx_HAL_Driver/Src/stm32h7xx_hal_rcc_ex.c.obj
 .text.RCCEx_PLL3_Config
                0x080067e8      0x10c CMakeFiles/DSPforClion.elf.dir/Drivers/STM32H7xx_HAL_Driver/Src/stm32h7xx_hal_rcc_ex.c.obj
 .text.HAL_RCCEx_PeriphCLKConfig
                0x080068f4      0xa8c CMakeFiles/DSPforClion.elf.dir/Drivers/STM32H7xx_HAL_Driver/Src/stm32h7xx_hal_rcc_ex.c.obj
                0x080068f4                HAL_RCCEx_PeriphCLKConfig
 .text.HAL_RCCEx_GetD3PCLK1Freq
                0x08007380       0x24 CMakeFiles/DSPforClion.elf.dir/Drivers/STM32H7xx_HAL_Driver/Src/stm32h7xx_hal_rcc_ex.c.obj
                0x08007380                HAL_RCCEx_GetD3PCLK1Freq
 .text.HAL_RCCEx_GetPLL2ClockFreq
                0x080073a4      0x1f8 CMakeFiles/DSPforClion.elf.dir/Drivers/STM32H7xx_HAL_Driver/Src/stm32h7xx_hal_rcc_ex.c.obj
                0x080073a4                HAL_RCCEx_GetPLL2ClockFreq
 .text.HAL_RCCEx_GetPLL3ClockFreq
                0x0800759c      0x1f8 CMakeFiles/DSPforClion.elf.dir/Drivers/STM32H7xx_HAL_Driver/Src/stm32h7xx_hal_rcc_ex.c.obj
                0x0800759c                HAL_RCCEx_GetPLL3ClockFreq
 .text.HAL_RCCEx_GetPLL1ClockFreq
                0x08007794      0x1f8 CMakeFiles/DSPforClion.elf.dir/Drivers/STM32H7xx_HAL_Driver/Src/stm32h7xx_hal_rcc_ex.c.obj
                0x08007794                HAL_RCCEx_GetPLL1ClockFreq
 .text.HAL_RCCEx_GetPeriphCLKFreq
                0x0800798c      0x6d0 CMakeFiles/DSPforClion.elf.dir/Drivers/STM32H7xx_HAL_Driver/Src/stm32h7xx_hal_rcc_ex.c.obj
                0x0800798c                HAL_RCCEx_GetPeriphCLKFreq
 .text.SPI_CloseTransfer
                0x0800805c       0xd0 CMakeFiles/DSPforClion.elf.dir/Drivers/STM32H7xx_HAL_Driver/Src/stm32h7xx_hal_spi.c.obj
 .text.SPI_GetPacketSize
                0x0800812c       0x10 CMakeFiles/DSPforClion.elf.dir/Drivers/STM32H7xx_HAL_Driver/Src/stm32h7xx_hal_spi.c.obj
 .text.SPI_WaitOnFlagUntilTimeout
                0x0800813c       0x46 CMakeFiles/DSPforClion.elf.dir/Drivers/STM32H7xx_HAL_Driver/Src/stm32h7xx_hal_spi.c.obj
 *fill*         0x08008182        0x2 
 .text.HAL_SPI_Init
                0x08008184      0x190 CMakeFiles/DSPforClion.elf.dir/Drivers/STM32H7xx_HAL_Driver/Src/stm32h7xx_hal_spi.c.obj
                0x08008184                HAL_SPI_Init
 .text.HAL_SPI_Transmit
                0x08008314      0x2c4 CMakeFiles/DSPforClion.elf.dir/Drivers/STM32H7xx_HAL_Driver/Src/stm32h7xx_hal_spi.c.obj
                0x08008314                HAL_SPI_Transmit
 .text.TIM_OC1_SetConfig
                0x080085d8       0xa8 CMakeFiles/DSPforClion.elf.dir/Drivers/STM32H7xx_HAL_Driver/Src/stm32h7xx_hal_tim.c.obj
 .text.TIM_OC3_SetConfig
                0x08008680       0x94 CMakeFiles/DSPforClion.elf.dir/Drivers/STM32H7xx_HAL_Driver/Src/stm32h7xx_hal_tim.c.obj
 .text.TIM_OC4_SetConfig
                0x08008714       0x74 CMakeFiles/DSPforClion.elf.dir/Drivers/STM32H7xx_HAL_Driver/Src/stm32h7xx_hal_tim.c.obj
 .text.TIM_OC5_SetConfig
                0x08008788       0x74 CMakeFiles/DSPforClion.elf.dir/Drivers/STM32H7xx_HAL_Driver/Src/stm32h7xx_hal_tim.c.obj
 .text.TIM_OC6_SetConfig
                0x080087fc       0x74 CMakeFiles/DSPforClion.elf.dir/Drivers/STM32H7xx_HAL_Driver/Src/stm32h7xx_hal_tim.c.obj
 .text.TIM_TI1_ConfigInputStage
                0x08008870       0x26 CMakeFiles/DSPforClion.elf.dir/Drivers/STM32H7xx_HAL_Driver/Src/stm32h7xx_hal_tim.c.obj
 .text.TIM_TI2_ConfigInputStage
                0x08008896       0x28 CMakeFiles/DSPforClion.elf.dir/Drivers/STM32H7xx_HAL_Driver/Src/stm32h7xx_hal_tim.c.obj
 *fill*         0x080088be        0x2 
 .text.TIM_ITRx_SetConfig
                0x080088c0       0x14 CMakeFiles/DSPforClion.elf.dir/Drivers/STM32H7xx_HAL_Driver/Src/stm32h7xx_hal_tim.c.obj
 .text.HAL_TIM_Base_Start
                0x080088d4       0x88 CMakeFiles/DSPforClion.elf.dir/Drivers/STM32H7xx_HAL_Driver/Src/stm32h7xx_hal_tim.c.obj
                0x080088d4                HAL_TIM_Base_Start
 .text.HAL_TIM_Base_Stop
                0x0800895c       0x28 CMakeFiles/DSPforClion.elf.dir/Drivers/STM32H7xx_HAL_Driver/Src/stm32h7xx_hal_tim.c.obj
                0x0800895c                HAL_TIM_Base_Stop
 .text.HAL_TIM_Base_Start_IT
                0x08008984       0x90 CMakeFiles/DSPforClion.elf.dir/Drivers/STM32H7xx_HAL_Driver/Src/stm32h7xx_hal_tim.c.obj
                0x08008984                HAL_TIM_Base_Start_IT
 .text.HAL_TIM_OC_MspInit
                0x08008a14        0x2 CMakeFiles/DSPforClion.elf.dir/Drivers/STM32H7xx_HAL_Driver/Src/stm32h7xx_hal_tim.c.obj
                0x08008a14                HAL_TIM_OC_MspInit
 .text.HAL_TIM_OC_DelayElapsedCallback
                0x08008a16        0x2 CMakeFiles/DSPforClion.elf.dir/Drivers/STM32H7xx_HAL_Driver/Src/stm32h7xx_hal_tim.c.obj
                0x08008a16                HAL_TIM_OC_DelayElapsedCallback
 .text.HAL_TIM_IC_CaptureCallback
                0x08008a18        0x2 CMakeFiles/DSPforClion.elf.dir/Drivers/STM32H7xx_HAL_Driver/Src/stm32h7xx_hal_tim.c.obj
                0x08008a18                HAL_TIM_IC_CaptureCallback
 .text.HAL_TIM_PWM_PulseFinishedCallback
                0x08008a1a        0x2 CMakeFiles/DSPforClion.elf.dir/Drivers/STM32H7xx_HAL_Driver/Src/stm32h7xx_hal_tim.c.obj
                0x08008a1a                HAL_TIM_PWM_PulseFinishedCallback
 .text.HAL_TIM_TriggerCallback
                0x08008a1c        0x2 CMakeFiles/DSPforClion.elf.dir/Drivers/STM32H7xx_HAL_Driver/Src/stm32h7xx_hal_tim.c.obj
                0x08008a1c                HAL_TIM_TriggerCallback
 .text.HAL_TIM_IRQHandler
                0x08008a1e      0x17a CMakeFiles/DSPforClion.elf.dir/Drivers/STM32H7xx_HAL_Driver/Src/stm32h7xx_hal_tim.c.obj
                0x08008a1e                HAL_TIM_IRQHandler
 .text.TIM_Base_SetConfig
                0x08008b98      0x104 CMakeFiles/DSPforClion.elf.dir/Drivers/STM32H7xx_HAL_Driver/Src/stm32h7xx_hal_tim.c.obj
                0x08008b98                TIM_Base_SetConfig
 .text.HAL_TIM_Base_Init
                0x08008c9c       0x60 CMakeFiles/DSPforClion.elf.dir/Drivers/STM32H7xx_HAL_Driver/Src/stm32h7xx_hal_tim.c.obj
                0x08008c9c                HAL_TIM_Base_Init
 .text.HAL_TIM_OC_Init
                0x08008cfc       0x60 CMakeFiles/DSPforClion.elf.dir/Drivers/STM32H7xx_HAL_Driver/Src/stm32h7xx_hal_tim.c.obj
                0x08008cfc                HAL_TIM_OC_Init
 .text.TIM_OC2_SetConfig
                0x08008d5c       0x94 CMakeFiles/DSPforClion.elf.dir/Drivers/STM32H7xx_HAL_Driver/Src/stm32h7xx_hal_tim.c.obj
                0x08008d5c                TIM_OC2_SetConfig
 .text.HAL_TIM_OC_ConfigChannel
                0x08008df0       0x7a CMakeFiles/DSPforClion.elf.dir/Drivers/STM32H7xx_HAL_Driver/Src/stm32h7xx_hal_tim.c.obj
                0x08008df0                HAL_TIM_OC_ConfigChannel
 .text.TIM_ETR_SetConfig
                0x08008e6a       0x1a CMakeFiles/DSPforClion.elf.dir/Drivers/STM32H7xx_HAL_Driver/Src/stm32h7xx_hal_tim.c.obj
                0x08008e6a                TIM_ETR_SetConfig
 .text.HAL_TIM_ConfigClockSource
                0x08008e84      0x138 CMakeFiles/DSPforClion.elf.dir/Drivers/STM32H7xx_HAL_Driver/Src/stm32h7xx_hal_tim.c.obj
                0x08008e84                HAL_TIM_ConfigClockSource
 .text.HAL_TIMEx_MasterConfigSynchronization
                0x08008fbc       0xa0 CMakeFiles/DSPforClion.elf.dir/Drivers/STM32H7xx_HAL_Driver/Src/stm32h7xx_hal_tim_ex.c.obj
                0x08008fbc                HAL_TIMEx_MasterConfigSynchronization
 .text.HAL_TIMEx_CommutCallback
                0x0800905c        0x2 CMakeFiles/DSPforClion.elf.dir/Drivers/STM32H7xx_HAL_Driver/Src/stm32h7xx_hal_tim_ex.c.obj
                0x0800905c                HAL_TIMEx_CommutCallback
 .text.HAL_TIMEx_BreakCallback
                0x0800905e        0x2 CMakeFiles/DSPforClion.elf.dir/Drivers/STM32H7xx_HAL_Driver/Src/stm32h7xx_hal_tim_ex.c.obj
                0x0800905e                HAL_TIMEx_BreakCallback
 .text.HAL_TIMEx_Break2Callback
                0x08009060        0x2 CMakeFiles/DSPforClion.elf.dir/Drivers/STM32H7xx_HAL_Driver/Src/stm32h7xx_hal_tim_ex.c.obj
                0x08009060                HAL_TIMEx_Break2Callback
 .text.UART_EndTxTransfer
                0x08009062       0x32 CMakeFiles/DSPforClion.elf.dir/Drivers/STM32H7xx_HAL_Driver/Src/stm32h7xx_hal_uart.c.obj
 .text.UART_EndRxTransfer
                0x08009094       0x58 CMakeFiles/DSPforClion.elf.dir/Drivers/STM32H7xx_HAL_Driver/Src/stm32h7xx_hal_uart.c.obj
 .text.HAL_UART_Transmit_DMA
                0x080090ec       0x9c CMakeFiles/DSPforClion.elf.dir/Drivers/STM32H7xx_HAL_Driver/Src/stm32h7xx_hal_uart.c.obj
                0x080090ec                HAL_UART_Transmit_DMA
 .text.HAL_UART_TxCpltCallback
                0x08009188        0x2 CMakeFiles/DSPforClion.elf.dir/Drivers/STM32H7xx_HAL_Driver/Src/stm32h7xx_hal_uart.c.obj
                0x08009188                HAL_UART_TxCpltCallback
 .text.UART_DMATransmitCplt
                0x0800918a       0x46 CMakeFiles/DSPforClion.elf.dir/Drivers/STM32H7xx_HAL_Driver/Src/stm32h7xx_hal_uart.c.obj
 .text.UART_EndTransmit_IT
                0x080091d0       0x24 CMakeFiles/DSPforClion.elf.dir/Drivers/STM32H7xx_HAL_Driver/Src/stm32h7xx_hal_uart.c.obj
 .text.HAL_UART_TxHalfCpltCallback
                0x080091f4        0x2 CMakeFiles/DSPforClion.elf.dir/Drivers/STM32H7xx_HAL_Driver/Src/stm32h7xx_hal_uart.c.obj
                0x080091f4                HAL_UART_TxHalfCpltCallback
 .text.UART_DMATxHalfCplt
                0x080091f6        0xa CMakeFiles/DSPforClion.elf.dir/Drivers/STM32H7xx_HAL_Driver/Src/stm32h7xx_hal_uart.c.obj
 .text.HAL_UART_ErrorCallback
                0x08009200        0x2 CMakeFiles/DSPforClion.elf.dir/Drivers/STM32H7xx_HAL_Driver/Src/stm32h7xx_hal_uart.c.obj
                0x08009200                HAL_UART_ErrorCallback
 .text.UART_DMAError
                0x08009202       0x58 CMakeFiles/DSPforClion.elf.dir/Drivers/STM32H7xx_HAL_Driver/Src/stm32h7xx_hal_uart.c.obj
 .text.UART_DMAAbortOnError
                0x0800925a       0x10 CMakeFiles/DSPforClion.elf.dir/Drivers/STM32H7xx_HAL_Driver/Src/stm32h7xx_hal_uart.c.obj
 .text.HAL_UARTEx_RxEventCallback
                0x0800926a        0x2 CMakeFiles/DSPforClion.elf.dir/Drivers/STM32H7xx_HAL_Driver/Src/stm32h7xx_hal_uart.c.obj
                0x0800926a                HAL_UARTEx_RxEventCallback
 .text.HAL_UART_IRQHandler
                0x0800926c      0x3d4 CMakeFiles/DSPforClion.elf.dir/Drivers/STM32H7xx_HAL_Driver/Src/stm32h7xx_hal_uart.c.obj
                0x0800926c                HAL_UART_IRQHandler
 .text.UART_SetConfig
                0x08009640      0x5f4 CMakeFiles/DSPforClion.elf.dir/Drivers/STM32H7xx_HAL_Driver/Src/stm32h7xx_hal_uart.c.obj
                0x08009640                UART_SetConfig
 .text.UART_AdvFeatureConfig
                0x08009c34       0xca CMakeFiles/DSPforClion.elf.dir/Drivers/STM32H7xx_HAL_Driver/Src/stm32h7xx_hal_uart.c.obj
                0x08009c34                UART_AdvFeatureConfig
 .text.UART_WaitOnFlagUntilTimeout
                0x08009cfe       0xaa CMakeFiles/DSPforClion.elf.dir/Drivers/STM32H7xx_HAL_Driver/Src/stm32h7xx_hal_uart.c.obj
                0x08009cfe                UART_WaitOnFlagUntilTimeout
 .text.UART_CheckIdleState
                0x08009da8       0xca CMakeFiles/DSPforClion.elf.dir/Drivers/STM32H7xx_HAL_Driver/Src/stm32h7xx_hal_uart.c.obj
                0x08009da8                UART_CheckIdleState
 .text.HAL_UART_Init
                0x08009e72       0x66 CMakeFiles/DSPforClion.elf.dir/Drivers/STM32H7xx_HAL_Driver/Src/stm32h7xx_hal_uart.c.obj
                0x08009e72                HAL_UART_Init
 .text.UARTEx_SetNbDataToProcess
                0x08009ed8       0x4c CMakeFiles/DSPforClion.elf.dir/Drivers/STM32H7xx_HAL_Driver/Src/stm32h7xx_hal_uart_ex.c.obj
 .text.HAL_UARTEx_WakeupCallback
                0x08009f24        0x2 CMakeFiles/DSPforClion.elf.dir/Drivers/STM32H7xx_HAL_Driver/Src/stm32h7xx_hal_uart_ex.c.obj
                0x08009f24                HAL_UARTEx_WakeupCallback
 .text.HAL_UARTEx_RxFifoFullCallback
                0x08009f26        0x2 CMakeFiles/DSPforClion.elf.dir/Drivers/STM32H7xx_HAL_Driver/Src/stm32h7xx_hal_uart_ex.c.obj
                0x08009f26                HAL_UARTEx_RxFifoFullCallback
 .text.HAL_UARTEx_TxFifoEmptyCallback
                0x08009f28        0x2 CMakeFiles/DSPforClion.elf.dir/Drivers/STM32H7xx_HAL_Driver/Src/stm32h7xx_hal_uart_ex.c.obj
                0x08009f28                HAL_UARTEx_TxFifoEmptyCallback
 .text.HAL_UARTEx_DisableFifoMode
                0x08009f2a       0x3e CMakeFiles/DSPforClion.elf.dir/Drivers/STM32H7xx_HAL_Driver/Src/stm32h7xx_hal_uart_ex.c.obj
                0x08009f2a                HAL_UARTEx_DisableFifoMode
 .text.HAL_UARTEx_SetTxFifoThreshold
                0x08009f68       0x4a CMakeFiles/DSPforClion.elf.dir/Drivers/STM32H7xx_HAL_Driver/Src/stm32h7xx_hal_uart_ex.c.obj
                0x08009f68                HAL_UARTEx_SetTxFifoThreshold
 .text.HAL_UARTEx_SetRxFifoThreshold
                0x08009fb2       0x4a CMakeFiles/DSPforClion.elf.dir/Drivers/STM32H7xx_HAL_Driver/Src/stm32h7xx_hal_uart_ex.c.obj
                0x08009fb2                HAL_UARTEx_SetRxFifoThreshold
 .text.arm_rms_f32
                0x08009ffc       0xd0 C:\Users\20614\Desktop\DSPforClion\DSPforClion\libarm_cortexM7lfsp_math.a(arm_rms_f32.o)
                0x08009ffc                arm_rms_f32
 .text.arm_min_f32
                0x0800a0cc       0xd0 C:\Users\20614\Desktop\DSPforClion\DSPforClion\libarm_cortexM7lfsp_math.a(arm_min_f32.o)
                0x0800a0cc                arm_min_f32
 .text.arm_max_f32
                0x0800a19c       0xd0 C:\Users\20614\Desktop\DSPforClion\DSPforClion\libarm_cortexM7lfsp_math.a(arm_max_f32.o)
                0x0800a19c                arm_max_f32
 .text.calloc   0x0800a26c       0x18 c:/programdata/gcc-arm-none-eabi-10.3-2021.10/bin/../lib/gcc/arm-none-eabi/10.3.1/../../../../arm-none-eabi/lib/thumb/v7e-m+fp/hard\libg.a(lib_a-calloc.o)
                0x0800a26c                calloc
 .text._calloc_r
                0x0800a284       0x78 c:/programdata/gcc-arm-none-eabi-10.3-2021.10/bin/../lib/gcc/arm-none-eabi/10.3.1/../../../../arm-none-eabi/lib/thumb/v7e-m+fp/hard\libg.a(lib_a-callocr.o)
                0x0800a284                _calloc_r
 .text.__errno  0x0800a2fc        0xc c:/programdata/gcc-arm-none-eabi-10.3-2021.10/bin/../lib/gcc/arm-none-eabi/10.3.1/../../../../arm-none-eabi/lib/thumb/v7e-m+fp/hard\libg.a(lib_a-errno.o)
                0x0800a2fc                __errno
 .text.__libc_init_array
                0x0800a308       0x48 c:/programdata/gcc-arm-none-eabi-10.3-2021.10/bin/../lib/gcc/arm-none-eabi/10.3.1/../../../../arm-none-eabi/lib/thumb/v7e-m+fp/hard\libg.a(lib_a-init.o)
                0x0800a308                __libc_init_array
 .text.malloc   0x0800a350       0x10 c:/programdata/gcc-arm-none-eabi-10.3-2021.10/bin/../lib/gcc/arm-none-eabi/10.3.1/../../../../arm-none-eabi/lib/thumb/v7e-m+fp/hard\libg.a(lib_a-malloc.o)
                0x0800a350                malloc
 .text.free     0x0800a360       0x10 c:/programdata/gcc-arm-none-eabi-10.3-2021.10/bin/../lib/gcc/arm-none-eabi/10.3.1/../../../../arm-none-eabi/lib/thumb/v7e-m+fp/hard\libg.a(lib_a-malloc.o)
                0x0800a360                free
 .text._malloc_r
                0x0800a370      0x560 c:/programdata/gcc-arm-none-eabi-10.3-2021.10/bin/../lib/gcc/arm-none-eabi/10.3.1/../../../../arm-none-eabi/lib/thumb/v7e-m+fp/hard\libg.a(lib_a-mallocr.o)
                0x0800a370                _malloc_r
 .text.memset   0x0800a8d0       0xa4 c:/programdata/gcc-arm-none-eabi-10.3-2021.10/bin/../lib/gcc/arm-none-eabi/10.3.1/../../../../arm-none-eabi/lib/thumb/v7e-m+fp/hard\libg.a(lib_a-memset.o)
                0x0800a8d0                memset
 .text.__malloc_lock
                0x0800a974        0xc c:/programdata/gcc-arm-none-eabi-10.3-2021.10/bin/../lib/gcc/arm-none-eabi/10.3.1/../../../../arm-none-eabi/lib/thumb/v7e-m+fp/hard\libg.a(lib_a-mlock.o)
                0x0800a974                __malloc_lock
 .text.__malloc_unlock
                0x0800a980        0xc c:/programdata/gcc-arm-none-eabi-10.3-2021.10/bin/../lib/gcc/arm-none-eabi/10.3.1/../../../../arm-none-eabi/lib/thumb/v7e-m+fp/hard\libg.a(lib_a-mlock.o)
                0x0800a980                __malloc_unlock
 .text._sbrk_r  0x0800a98c       0x24 c:/programdata/gcc-arm-none-eabi-10.3-2021.10/bin/../lib/gcc/arm-none-eabi/10.3.1/../../../../arm-none-eabi/lib/thumb/v7e-m+fp/hard\libg.a(lib_a-sbrkr.o)
                0x0800a98c                _sbrk_r
 .text.sprintf  0x0800a9b0       0x40 c:/programdata/gcc-arm-none-eabi-10.3-2021.10/bin/../lib/gcc/arm-none-eabi/10.3.1/../../../../arm-none-eabi/lib/thumb/v7e-m+fp/hard\libg.a(lib_a-sprintf.o)
                0x0800a9b0                sprintf
 .text._svfprintf_r
                0x0800a9f0     0x1acc c:/programdata/gcc-arm-none-eabi-10.3-2021.10/bin/../lib/gcc/arm-none-eabi/10.3.1/../../../../arm-none-eabi/lib/thumb/v7e-m+fp/hard\libg.a(lib_a-svfprintf.o)
                0x0800a9f0                _svfprintf_r
 .text.startup.register_fini
                0x0800c4bc       0x14 c:/programdata/gcc-arm-none-eabi-10.3-2021.10/bin/../lib/gcc/arm-none-eabi/10.3.1/../../../../arm-none-eabi/lib/thumb/v7e-m+fp/hard\libg.a(lib_a-__call_atexit.o)
 .text.atexit   0x0800c4d0        0xc c:/programdata/gcc-arm-none-eabi-10.3-2021.10/bin/../lib/gcc/arm-none-eabi/10.3.1/../../../../arm-none-eabi/lib/thumb/v7e-m+fp/hard\libg.a(lib_a-atexit.o)
                0x0800c4d0                atexit
 .text.quorem   0x0800c4dc      0x128 c:/programdata/gcc-arm-none-eabi-10.3-2021.10/bin/../lib/gcc/arm-none-eabi/10.3.1/../../../../arm-none-eabi/lib/thumb/v7e-m+fp/hard\libg.a(lib_a-dtoa.o)
 *fill*         0x0800c604        0x4 
 .text._dtoa_r  0x0800c608      0xf3c c:/programdata/gcc-arm-none-eabi-10.3-2021.10/bin/../lib/gcc/arm-none-eabi/10.3.1/../../../../arm-none-eabi/lib/thumb/v7e-m+fp/hard\libg.a(lib_a-dtoa.o)
                0x0800c608                _dtoa_r
 .text.__libc_fini_array
                0x0800d544       0x2c c:/programdata/gcc-arm-none-eabi-10.3-2021.10/bin/../lib/gcc/arm-none-eabi/10.3.1/../../../../arm-none-eabi/lib/thumb/v7e-m+fp/hard\libg.a(lib_a-fini.o)
                0x0800d544                __libc_fini_array
 .text._malloc_trim_r
                0x0800d570       0xa0 c:/programdata/gcc-arm-none-eabi-10.3-2021.10/bin/../lib/gcc/arm-none-eabi/10.3.1/../../../../arm-none-eabi/lib/thumb/v7e-m+fp/hard\libg.a(lib_a-freer.o)
                0x0800d570                _malloc_trim_r
 .text._free_r  0x0800d610      0x20c c:/programdata/gcc-arm-none-eabi-10.3-2021.10/bin/../lib/gcc/arm-none-eabi/10.3.1/../../../../arm-none-eabi/lib/thumb/v7e-m+fp/hard\libg.a(lib_a-freer.o)
                0x0800d610                _free_r
 .text._localeconv_r
                0x0800d81c        0x8 c:/programdata/gcc-arm-none-eabi-10.3-2021.10/bin/../lib/gcc/arm-none-eabi/10.3.1/../../../../arm-none-eabi/lib/thumb/v7e-m+fp/hard\libg.a(lib_a-localeconv.o)
                0x0800d81c                _localeconv_r
 .text.__retarget_lock_init_recursive
                0x0800d824        0x4 c:/programdata/gcc-arm-none-eabi-10.3-2021.10/bin/../lib/gcc/arm-none-eabi/10.3.1/../../../../arm-none-eabi/lib/thumb/v7e-m+fp/hard\libg.a(lib_a-lock.o)
                0x0800d824                __retarget_lock_init_recursive
 .text.__retarget_lock_close_recursive
                0x0800d828        0x4 c:/programdata/gcc-arm-none-eabi-10.3-2021.10/bin/../lib/gcc/arm-none-eabi/10.3.1/../../../../arm-none-eabi/lib/thumb/v7e-m+fp/hard\libg.a(lib_a-lock.o)
                0x0800d828                __retarget_lock_close_recursive
 .text.__retarget_lock_acquire_recursive
                0x0800d82c        0x4 c:/programdata/gcc-arm-none-eabi-10.3-2021.10/bin/../lib/gcc/arm-none-eabi/10.3.1/../../../../arm-none-eabi/lib/thumb/v7e-m+fp/hard\libg.a(lib_a-lock.o)
                0x0800d82c                __retarget_lock_acquire_recursive
 .text.__retarget_lock_release_recursive
                0x0800d830        0x4 c:/programdata/gcc-arm-none-eabi-10.3-2021.10/bin/../lib/gcc/arm-none-eabi/10.3.1/../../../../arm-none-eabi/lib/thumb/v7e-m+fp/hard\libg.a(lib_a-lock.o)
                0x0800d830                __retarget_lock_release_recursive
 .text._Balloc  0x0800d834       0x4c c:/programdata/gcc-arm-none-eabi-10.3-2021.10/bin/../lib/gcc/arm-none-eabi/10.3.1/../../../../arm-none-eabi/lib/thumb/v7e-m+fp/hard\libg.a(lib_a-mprec.o)
                0x0800d834                _Balloc
 .text._Bfree   0x0800d880       0x14 c:/programdata/gcc-arm-none-eabi-10.3-2021.10/bin/../lib/gcc/arm-none-eabi/10.3.1/../../../../arm-none-eabi/lib/thumb/v7e-m+fp/hard\libg.a(lib_a-mprec.o)
                0x0800d880                _Bfree
 .text.__multadd
                0x0800d894       0xa8 c:/programdata/gcc-arm-none-eabi-10.3-2021.10/bin/../lib/gcc/arm-none-eabi/10.3.1/../../../../arm-none-eabi/lib/thumb/v7e-m+fp/hard\libg.a(lib_a-mprec.o)
                0x0800d894                __multadd
 .text.__hi0bits
                0x0800d93c       0x40 c:/programdata/gcc-arm-none-eabi-10.3-2021.10/bin/../lib/gcc/arm-none-eabi/10.3.1/../../../../arm-none-eabi/lib/thumb/v7e-m+fp/hard\libg.a(lib_a-mprec.o)
                0x0800d93c                __hi0bits
 .text.__lo0bits
                0x0800d97c       0x60 c:/programdata/gcc-arm-none-eabi-10.3-2021.10/bin/../lib/gcc/arm-none-eabi/10.3.1/../../../../arm-none-eabi/lib/thumb/v7e-m+fp/hard\libg.a(lib_a-mprec.o)
                0x0800d97c                __lo0bits
 .text.__i2b    0x0800d9dc       0x5c c:/programdata/gcc-arm-none-eabi-10.3-2021.10/bin/../lib/gcc/arm-none-eabi/10.3.1/../../../../arm-none-eabi/lib/thumb/v7e-m+fp/hard\libg.a(lib_a-mprec.o)
                0x0800d9dc                __i2b
 .text.__multiply
                0x0800da38      0x15c c:/programdata/gcc-arm-none-eabi-10.3-2021.10/bin/../lib/gcc/arm-none-eabi/10.3.1/../../../../arm-none-eabi/lib/thumb/v7e-m+fp/hard\libg.a(lib_a-mprec.o)
                0x0800da38                __multiply
 .text.__pow5mult
                0x0800db94       0xc0 c:/programdata/gcc-arm-none-eabi-10.3-2021.10/bin/../lib/gcc/arm-none-eabi/10.3.1/../../../../arm-none-eabi/lib/thumb/v7e-m+fp/hard\libg.a(lib_a-mprec.o)
                0x0800db94                __pow5mult
 .text.__lshift
                0x0800dc54       0xf0 c:/programdata/gcc-arm-none-eabi-10.3-2021.10/bin/../lib/gcc/arm-none-eabi/10.3.1/../../../../arm-none-eabi/lib/thumb/v7e-m+fp/hard\libg.a(lib_a-mprec.o)
                0x0800dc54                __lshift
 .text.__mcmp   0x0800dd44       0x44 c:/programdata/gcc-arm-none-eabi-10.3-2021.10/bin/../lib/gcc/arm-none-eabi/10.3.1/../../../../arm-none-eabi/lib/thumb/v7e-m+fp/hard\libg.a(lib_a-mprec.o)
                0x0800dd44                __mcmp
 .text.__mdiff  0x0800dd88      0x14c c:/programdata/gcc-arm-none-eabi-10.3-2021.10/bin/../lib/gcc/arm-none-eabi/10.3.1/../../../../arm-none-eabi/lib/thumb/v7e-m+fp/hard\libg.a(lib_a-mprec.o)
                0x0800dd88                __mdiff
 .text.__d2b    0x0800ded4       0xd0 c:/programdata/gcc-arm-none-eabi-10.3-2021.10/bin/../lib/gcc/arm-none-eabi/10.3.1/../../../../arm-none-eabi/lib/thumb/v7e-m+fp/hard\libg.a(lib_a-mprec.o)
                0x0800ded4                __d2b
 .text.frexp    0x0800dfa4       0x6c c:/programdata/gcc-arm-none-eabi-10.3-2021.10/bin/../lib/gcc/arm-none-eabi/10.3.1/../../../../arm-none-eabi/lib/thumb/v7e-m+fp/hard\libg.a(lib_a-s_frexp.o)
                0x0800dfa4                frexp
 .text.strncpy  0x0800e010       0x64 c:/programdata/gcc-arm-none-eabi-10.3-2021.10/bin/../lib/gcc/arm-none-eabi/10.3.1/../../../../arm-none-eabi/lib/thumb/v7e-m+fp/hard\libg.a(lib_a-strncpy.o)
                0x0800e010                strncpy
 .text.__ssprint_r
                0x0800e074       0xf8 c:/programdata/gcc-arm-none-eabi-10.3-2021.10/bin/../lib/gcc/arm-none-eabi/10.3.1/../../../../arm-none-eabi/lib/thumb/v7e-m+fp/hard\libg.a(lib_a-svfiprintf.o)
                0x0800e074                __ssprint_r
 .text.__register_exitproc
                0x0800e16c       0x8c c:/programdata/gcc-arm-none-eabi-10.3-2021.10/bin/../lib/gcc/arm-none-eabi/10.3.1/../../../../arm-none-eabi/lib/thumb/v7e-m+fp/hard\libg.a(lib_a-__atexit.o)
                0x0800e16c                __register_exitproc
 .text.__assert_func
                0x0800e1f8       0x40 c:/programdata/gcc-arm-none-eabi-10.3-2021.10/bin/../lib/gcc/arm-none-eabi/10.3.1/../../../../arm-none-eabi/lib/thumb/v7e-m+fp/hard\libg.a(lib_a-assert.o)
                0x0800e1f8                __assert_func
 .text.fiprintf
                0x0800e238       0x28 c:/programdata/gcc-arm-none-eabi-10.3-2021.10/bin/../lib/gcc/arm-none-eabi/10.3.1/../../../../arm-none-eabi/lib/thumb/v7e-m+fp/hard\libg.a(lib_a-fiprintf.o)
                0x0800e238                fiprintf
 .text.__locale_mb_cur_max
                0x0800e260        0xc c:/programdata/gcc-arm-none-eabi-10.3-2021.10/bin/../lib/gcc/arm-none-eabi/10.3.1/../../../../arm-none-eabi/lib/thumb/v7e-m+fp/hard\libg.a(lib_a-locale.o)
                0x0800e260                __locale_mb_cur_max
 .text.__ascii_mbtowc
                0x0800e26c       0x2c c:/programdata/gcc-arm-none-eabi-10.3-2021.10/bin/../lib/gcc/arm-none-eabi/10.3.1/../../../../arm-none-eabi/lib/thumb/v7e-m+fp/hard\libg.a(lib_a-mbtowc_r.o)
                0x0800e26c                __ascii_mbtowc
 .text.memmove  0x0800e298       0xf8 c:/programdata/gcc-arm-none-eabi-10.3-2021.10/bin/../lib/gcc/arm-none-eabi/10.3.1/../../../../arm-none-eabi/lib/thumb/v7e-m+fp/hard\libg.a(lib_a-memmove.o)
                0x0800e298                memmove
 .text._realloc_r
                0x0800e390      0x3d8 c:/programdata/gcc-arm-none-eabi-10.3-2021.10/bin/../lib/gcc/arm-none-eabi/10.3.1/../../../../arm-none-eabi/lib/thumb/v7e-m+fp/hard\libg.a(lib_a-reallocr.o)
                0x0800e390                _realloc_r
 .text.__sprint_r.part.0
                0x0800e768       0x78 c:/programdata/gcc-arm-none-eabi-10.3-2021.10/bin/../lib/gcc/arm-none-eabi/10.3.1/../../../../arm-none-eabi/lib/thumb/v7e-m+fp/hard\libg.a(lib_a-vfiprintf.o)
 .text._vfiprintf_r
                0x0800e7e0      0xdfc c:/programdata/gcc-arm-none-eabi-10.3-2021.10/bin/../lib/gcc/arm-none-eabi/10.3.1/../../../../arm-none-eabi/lib/thumb/v7e-m+fp/hard\libg.a(lib_a-vfiprintf.o)
                0x0800e7e0                _vfiprintf_r
 .text.__sbprintf
                0x0800f5dc       0x80 c:/programdata/gcc-arm-none-eabi-10.3-2021.10/bin/../lib/gcc/arm-none-eabi/10.3.1/../../../../arm-none-eabi/lib/thumb/v7e-m+fp/hard\libg.a(lib_a-vfiprintf.o)
 .text.__ascii_wctomb
                0x0800f65c       0x1c c:/programdata/gcc-arm-none-eabi-10.3-2021.10/bin/../lib/gcc/arm-none-eabi/10.3.1/../../../../arm-none-eabi/lib/thumb/v7e-m+fp/hard\libg.a(lib_a-wctomb_r.o)
                0x0800f65c                __ascii_wctomb
 .text.__swsetup_r
                0x0800f678       0xd4 c:/programdata/gcc-arm-none-eabi-10.3-2021.10/bin/../lib/gcc/arm-none-eabi/10.3.1/../../../../arm-none-eabi/lib/thumb/v7e-m+fp/hard\libg.a(lib_a-wsetup.o)
                0x0800f678                __swsetup_r
 .text.abort    0x0800f74c       0x10 c:/programdata/gcc-arm-none-eabi-10.3-2021.10/bin/../lib/gcc/arm-none-eabi/10.3.1/../../../../arm-none-eabi/lib/thumb/v7e-m+fp/hard\libg.a(lib_a-abort.o)
                0x0800f74c                abort
 .text.__sflush_r
                0x0800f75c      0x130 c:/programdata/gcc-arm-none-eabi-10.3-2021.10/bin/../lib/gcc/arm-none-eabi/10.3.1/../../../../arm-none-eabi/lib/thumb/v7e-m+fp/hard\libg.a(lib_a-fflush.o)
                0x0800f75c                __sflush_r
 .text._fflush_r
                0x0800f88c       0x5c c:/programdata/gcc-arm-none-eabi-10.3-2021.10/bin/../lib/gcc/arm-none-eabi/10.3.1/../../../../arm-none-eabi/lib/thumb/v7e-m+fp/hard\libg.a(lib_a-fflush.o)
                0x0800f88c                _fflush_r
 .text._cleanup_r
                0x0800f8e8        0xc c:/programdata/gcc-arm-none-eabi-10.3-2021.10/bin/../lib/gcc/arm-none-eabi/10.3.1/../../../../arm-none-eabi/lib/thumb/v7e-m+fp/hard\libg.a(lib_a-findfp.o)
                0x0800f8e8                _cleanup_r
 .text.__sinit  0x0800f8f4      0x10c c:/programdata/gcc-arm-none-eabi-10.3-2021.10/bin/../lib/gcc/arm-none-eabi/10.3.1/../../../../arm-none-eabi/lib/thumb/v7e-m+fp/hard\libg.a(lib_a-findfp.o)
                0x0800f8f4                __sinit
 .text.__sfp_lock_acquire
                0x0800fa00        0xc c:/programdata/gcc-arm-none-eabi-10.3-2021.10/bin/../lib/gcc/arm-none-eabi/10.3.1/../../../../arm-none-eabi/lib/thumb/v7e-m+fp/hard\libg.a(lib_a-findfp.o)
                0x0800fa00                __sfp_lock_acquire
 .text.__sfp_lock_release
                0x0800fa0c        0xc c:/programdata/gcc-arm-none-eabi-10.3-2021.10/bin/../lib/gcc/arm-none-eabi/10.3.1/../../../../arm-none-eabi/lib/thumb/v7e-m+fp/hard\libg.a(lib_a-findfp.o)
                0x0800fa0c                __sfp_lock_release
 .text.__fputwc
                0x0800fa18       0xa8 c:/programdata/gcc-arm-none-eabi-10.3-2021.10/bin/../lib/gcc/arm-none-eabi/10.3.1/../../../../arm-none-eabi/lib/thumb/v7e-m+fp/hard\libg.a(lib_a-fputwc.o)
                0x0800fa18                __fputwc
 .text._fputwc_r
                0x0800fac0       0x68 c:/programdata/gcc-arm-none-eabi-10.3-2021.10/bin/../lib/gcc/arm-none-eabi/10.3.1/../../../../arm-none-eabi/lib/thumb/v7e-m+fp/hard\libg.a(lib_a-fputwc.o)
                0x0800fac0                _fputwc_r
 .text.__sfvwrite_r
                0x0800fb28      0x2f0 c:/programdata/gcc-arm-none-eabi-10.3-2021.10/bin/../lib/gcc/arm-none-eabi/10.3.1/../../../../arm-none-eabi/lib/thumb/v7e-m+fp/hard\libg.a(lib_a-fvwrite.o)
                0x0800fb28                __sfvwrite_r
 .text._fwalk_reent
                0x0800fe18       0x48 c:/programdata/gcc-arm-none-eabi-10.3-2021.10/bin/../lib/gcc/arm-none-eabi/10.3.1/../../../../arm-none-eabi/lib/thumb/v7e-m+fp/hard\libg.a(lib_a-fwalk.o)
                0x0800fe18                _fwalk_reent
 .text.__smakebuf_r
                0x0800fe60       0xe0 c:/programdata/gcc-arm-none-eabi-10.3-2021.10/bin/../lib/gcc/arm-none-eabi/10.3.1/../../../../arm-none-eabi/lib/thumb/v7e-m+fp/hard\libg.a(lib_a-makebuf.o)
                0x0800fe60                __smakebuf_r
 .text.raise    0x0800ff40       0x5c c:/programdata/gcc-arm-none-eabi-10.3-2021.10/bin/../lib/gcc/arm-none-eabi/10.3.1/../../../../arm-none-eabi/lib/thumb/v7e-m+fp/hard\libg.a(lib_a-signal.o)
                0x0800ff40                raise
 .text._kill_r  0x0800ff9c       0x2c c:/programdata/gcc-arm-none-eabi-10.3-2021.10/bin/../lib/gcc/arm-none-eabi/10.3.1/../../../../arm-none-eabi/lib/thumb/v7e-m+fp/hard\libg.a(lib_a-signalr.o)
                0x0800ff9c                _kill_r
 .text._getpid_r
                0x0800ffc8        0x4 c:/programdata/gcc-arm-none-eabi-10.3-2021.10/bin/../lib/gcc/arm-none-eabi/10.3.1/../../../../arm-none-eabi/lib/thumb/v7e-m+fp/hard\libg.a(lib_a-signalr.o)
                0x0800ffc8                _getpid_r
 .text.__sread  0x0800ffcc       0x24 c:/programdata/gcc-arm-none-eabi-10.3-2021.10/bin/../lib/gcc/arm-none-eabi/10.3.1/../../../../arm-none-eabi/lib/thumb/v7e-m+fp/hard\libg.a(lib_a-stdio.o)
                0x0800ffcc                __sread
 .text.__swrite
                0x0800fff0       0x40 c:/programdata/gcc-arm-none-eabi-10.3-2021.10/bin/../lib/gcc/arm-none-eabi/10.3.1/../../../../arm-none-eabi/lib/thumb/v7e-m+fp/hard\libg.a(lib_a-stdio.o)
                0x0800fff0                __swrite
 .text.__sseek  0x08010030       0x20 c:/programdata/gcc-arm-none-eabi-10.3-2021.10/bin/../lib/gcc/arm-none-eabi/10.3.1/../../../../arm-none-eabi/lib/thumb/v7e-m+fp/hard\libg.a(lib_a-stdio.o)
                0x08010030                __sseek
 .text.__sclose
                0x08010050        0x8 c:/programdata/gcc-arm-none-eabi-10.3-2021.10/bin/../lib/gcc/arm-none-eabi/10.3.1/../../../../arm-none-eabi/lib/thumb/v7e-m+fp/hard\libg.a(lib_a-stdio.o)
                0x08010050                __sclose
 .text.__swbuf_r
                0x08010058       0xb0 c:/programdata/gcc-arm-none-eabi-10.3-2021.10/bin/../lib/gcc/arm-none-eabi/10.3.1/../../../../arm-none-eabi/lib/thumb/v7e-m+fp/hard\libg.a(lib_a-wbuf.o)
                0x08010058                __swbuf_r
 .text._wcrtomb_r
                0x08010108       0x3c c:/programdata/gcc-arm-none-eabi-10.3-2021.10/bin/../lib/gcc/arm-none-eabi/10.3.1/../../../../arm-none-eabi/lib/thumb/v7e-m+fp/hard\libg.a(lib_a-wcrtomb.o)
                0x08010108                _wcrtomb_r
 .text._write_r
                0x08010144       0x2c c:/programdata/gcc-arm-none-eabi-10.3-2021.10/bin/../lib/gcc/arm-none-eabi/10.3.1/../../../../arm-none-eabi/lib/thumb/v7e-m+fp/hard\libg.a(lib_a-writer.o)
                0x08010144                _write_r
 .text._close_r
                0x08010170       0x24 c:/programdata/gcc-arm-none-eabi-10.3-2021.10/bin/../lib/gcc/arm-none-eabi/10.3.1/../../../../arm-none-eabi/lib/thumb/v7e-m+fp/hard\libg.a(lib_a-closer.o)
                0x08010170                _close_r
 .text._fclose_r
                0x08010194       0xcc c:/programdata/gcc-arm-none-eabi-10.3-2021.10/bin/../lib/gcc/arm-none-eabi/10.3.1/../../../../arm-none-eabi/lib/thumb/v7e-m+fp/hard\libg.a(lib_a-fclose.o)
                0x08010194                _fclose_r
 .text._fstat_r
                0x08010260       0x2c c:/programdata/gcc-arm-none-eabi-10.3-2021.10/bin/../lib/gcc/arm-none-eabi/10.3.1/../../../../arm-none-eabi/lib/thumb/v7e-m+fp/hard\libg.a(lib_a-fstatr.o)
                0x08010260                _fstat_r
 .text._isatty_r
                0x0801028c       0x24 c:/programdata/gcc-arm-none-eabi-10.3-2021.10/bin/../lib/gcc/arm-none-eabi/10.3.1/../../../../arm-none-eabi/lib/thumb/v7e-m+fp/hard\libg.a(lib_a-isattyr.o)
                0x0801028c                _isatty_r
 .text._lseek_r
                0x080102b0       0x2c c:/programdata/gcc-arm-none-eabi-10.3-2021.10/bin/../lib/gcc/arm-none-eabi/10.3.1/../../../../arm-none-eabi/lib/thumb/v7e-m+fp/hard\libg.a(lib_a-lseekr.o)
                0x080102b0                _lseek_r
 .text._read_r  0x080102dc       0x2c c:/programdata/gcc-arm-none-eabi-10.3-2021.10/bin/../lib/gcc/arm-none-eabi/10.3.1/../../../../arm-none-eabi/lib/thumb/v7e-m+fp/hard\libg.a(lib_a-readr.o)
                0x080102dc                _read_r
 .text.atan     0x08010308      0x340 c:/programdata/gcc-arm-none-eabi-10.3-2021.10/bin/../lib/gcc/arm-none-eabi/10.3.1/../../../../arm-none-eabi/lib/thumb/v7e-m+fp/hard\libm.a(lib_a-s_atan.o)
                0x08010308                atan
 .text.fabs     0x08010648       0x14 c:/programdata/gcc-arm-none-eabi-10.3-2021.10/bin/../lib/gcc/arm-none-eabi/10.3.1/../../../../arm-none-eabi/lib/thumb/v7e-m+fp/hard\libm.a(lib_a-s_fabs.o)
                0x08010648                fabs
 .text.cosf     0x0801065c       0x70 c:/programdata/gcc-arm-none-eabi-10.3-2021.10/bin/../lib/gcc/arm-none-eabi/10.3.1/../../../../arm-none-eabi/lib/thumb/v7e-m+fp/hard\libm.a(lib_a-sf_cos.o)
                0x0801065c                cosf
 *fill*         0x080106cc        0x4 
 .text.log      0x080106d0       0x84 c:/programdata/gcc-arm-none-eabi-10.3-2021.10/bin/../lib/gcc/arm-none-eabi/10.3.1/../../../../arm-none-eabi/lib/thumb/v7e-m+fp/hard\libm.a(lib_a-w_log.o)
                0x080106d0                log
 .text.sqrtf    0x08010754       0x44 c:/programdata/gcc-arm-none-eabi-10.3-2021.10/bin/../lib/gcc/arm-none-eabi/10.3.1/../../../../arm-none-eabi/lib/thumb/v7e-m+fp/hard\libm.a(lib_a-wf_sqrt.o)
                0x08010754                sqrtf
 .text.__ieee754_log
                0x08010798      0x438 c:/programdata/gcc-arm-none-eabi-10.3-2021.10/bin/../lib/gcc/arm-none-eabi/10.3.1/../../../../arm-none-eabi/lib/thumb/v7e-m+fp/hard\libm.a(lib_a-e_log.o)
                0x08010798                __ieee754_log
 .text.__ieee754_rem_pio2f
                0x08010bd0      0x264 c:/programdata/gcc-arm-none-eabi-10.3-2021.10/bin/../lib/gcc/arm-none-eabi/10.3.1/../../../../arm-none-eabi/lib/thumb/v7e-m+fp/hard\libm.a(lib_a-ef_rem_pio2.o)
                0x08010bd0                __ieee754_rem_pio2f
 .text.__ieee754_sqrtf
                0x08010e34        0x8 c:/programdata/gcc-arm-none-eabi-10.3-2021.10/bin/../lib/gcc/arm-none-eabi/10.3.1/../../../../arm-none-eabi/lib/thumb/v7e-m+fp/hard\libm.a(lib_a-ef_sqrt.o)
                0x08010e34                __ieee754_sqrtf
 .text.__kernel_cosf
                0x08010e3c      0x104 c:/programdata/gcc-arm-none-eabi-10.3-2021.10/bin/../lib/gcc/arm-none-eabi/10.3.1/../../../../arm-none-eabi/lib/thumb/v7e-m+fp/hard\libm.a(lib_a-kf_cos.o)
                0x08010e3c                __kernel_cosf
 .text.__kernel_rem_pio2f
                0x08010f40      0x674 c:/programdata/gcc-arm-none-eabi-10.3-2021.10/bin/../lib/gcc/arm-none-eabi/10.3.1/../../../../arm-none-eabi/lib/thumb/v7e-m+fp/hard\libm.a(lib_a-kf_rem_pio2.o)
                0x08010f40                __kernel_rem_pio2f
 .text.__kernel_sinf
                0x080115b4       0x90 c:/programdata/gcc-arm-none-eabi-10.3-2021.10/bin/../lib/gcc/arm-none-eabi/10.3.1/../../../../arm-none-eabi/lib/thumb/v7e-m+fp/hard\libm.a(lib_a-kf_sin.o)
                0x080115b4                __kernel_sinf
 *fill*         0x08011644        0x4 
 .text.nan      0x08011648       0x10 c:/programdata/gcc-arm-none-eabi-10.3-2021.10/bin/../lib/gcc/arm-none-eabi/10.3.1/../../../../arm-none-eabi/lib/thumb/v7e-m+fp/hard\libm.a(lib_a-s_nan.o)
                0x08011648                nan
 .text.fabsf    0x08011658       0x10 c:/programdata/gcc-arm-none-eabi-10.3-2021.10/bin/../lib/gcc/arm-none-eabi/10.3.1/../../../../arm-none-eabi/lib/thumb/v7e-m+fp/hard\libm.a(lib_a-sf_fabs.o)
                0x08011658                fabsf
 .text.floorf   0x08011668       0x8c c:/programdata/gcc-arm-none-eabi-10.3-2021.10/bin/../lib/gcc/arm-none-eabi/10.3.1/../../../../arm-none-eabi/lib/thumb/v7e-m+fp/hard\libm.a(lib_a-sf_floor.o)
                0x08011668                floorf
 .text.scalbnf  0x080116f4       0xe4 c:/programdata/gcc-arm-none-eabi-10.3-2021.10/bin/../lib/gcc/arm-none-eabi/10.3.1/../../../../arm-none-eabi/lib/thumb/v7e-m+fp/hard\libm.a(lib_a-sf_scalbn.o)
                0x080116f4                scalbnf
 *(.glue_7)
 .glue_7        0x080117d8        0x0 linker stubs
 *(.glue_7t)
 .glue_7t       0x080117d8        0x0 linker stubs
 *(.eh_frame)
 .eh_frame      0x080117d8        0x0 c:/programdata/gcc-arm-none-eabi-10.3-2021.10/bin/../lib/gcc/arm-none-eabi/10.3.1/thumb/v7e-m+fp/hard/crtbegin.o
 *(.init)
 .init          0x080117d8        0x4 c:/programdata/gcc-arm-none-eabi-10.3-2021.10/bin/../lib/gcc/arm-none-eabi/10.3.1/thumb/v7e-m+fp/hard/crti.o
                0x080117d8                _init
 .init          0x080117dc        0x8 c:/programdata/gcc-arm-none-eabi-10.3-2021.10/bin/../lib/gcc/arm-none-eabi/10.3.1/thumb/v7e-m+fp/hard/crtn.o
 *(.fini)
 .fini          0x080117e4        0x4 c:/programdata/gcc-arm-none-eabi-10.3-2021.10/bin/../lib/gcc/arm-none-eabi/10.3.1/thumb/v7e-m+fp/hard/crti.o
                0x080117e4                _fini
 .fini          0x080117e8        0x8 c:/programdata/gcc-arm-none-eabi-10.3-2021.10/bin/../lib/gcc/arm-none-eabi/10.3.1/thumb/v7e-m+fp/hard/crtn.o
                0x080117f0                . = ALIGN (0x4)
                0x080117f0                _etext = .

.vfp11_veneer   0x080117f0        0x0
 .vfp11_veneer  0x080117f0        0x0 linker stubs

.v4_bx          0x080117f0        0x0
 .v4_bx         0x080117f0        0x0 linker stubs

.iplt           0x080117f0        0x0
 .iplt          0x080117f0        0x0 c:/programdata/gcc-arm-none-eabi-10.3-2021.10/bin/../lib/gcc/arm-none-eabi/10.3.1/thumb/v7e-m+fp/hard/crtbegin.o

.rodata         0x080117f0     0xa658
                0x080117f0                . = ALIGN (0x4)
 *(.rodata)
 *(.rodata*)
 .rodata.costab
                0x080117f0     0x4000 CMakeFiles/DSPforClion.elf.dir/Core/Software/fft.c.obj
                0x080117f0                costab
 .rodata.sintab
                0x080157f0     0x4000 CMakeFiles/DSPforClion.elf.dir/Core/Software/fft.c.obj
                0x080157f0                sintab
 .rodata.ascii_1608
                0x080197f0      0x5f0 CMakeFiles/DSPforClion.elf.dir/Core/Src/lcd.c.obj
                0x080197f0                ascii_1608
 .rodata.ascii_3216
                0x08019de0     0x17c0 CMakeFiles/DSPforClion.elf.dir/Core/Src/lcd.c.obj
                0x08019de0                ascii_3216
 .rodata.main.str1.4
                0x0801b5a0       0x58 CMakeFiles/DSPforClion.elf.dir/Core/Src/main.c.obj
 .rodata.D1CorePrescTable
                0x0801b5f8       0x10 CMakeFiles/DSPforClion.elf.dir/Core/Src/system_stm32h7xx.c.obj
                0x0801b5f8                D1CorePrescTable
 .rodata.flagBitshiftOffset.0
                0x0801b608        0x8 CMakeFiles/DSPforClion.elf.dir/Drivers/STM32H7xx_HAL_Driver/Src/stm32h7xx_hal_dma.c.obj
 .rodata.UARTPrescTable
                0x0801b610       0x18 CMakeFiles/DSPforClion.elf.dir/Drivers/STM32H7xx_HAL_Driver/Src/stm32h7xx_hal_uart.c.obj
                0x0801b610                UARTPrescTable
 .rodata.denominator.0
                0x0801b628        0x8 CMakeFiles/DSPforClion.elf.dir/Drivers/STM32H7xx_HAL_Driver/Src/stm32h7xx_hal_uart_ex.c.obj
 .rodata.numerator.1
                0x0801b630        0x8 CMakeFiles/DSPforClion.elf.dir/Drivers/STM32H7xx_HAL_Driver/Src/stm32h7xx_hal_uart_ex.c.obj
 .rodata._global_impure_ptr
                0x0801b638        0x4 c:/programdata/gcc-arm-none-eabi-10.3-2021.10/bin/../lib/gcc/arm-none-eabi/10.3.1/../../../../arm-none-eabi/lib/thumb/v7e-m+fp/hard\libg.a(lib_a-impure.o)
                0x0801b638                _global_impure_ptr
 .rodata._svfprintf_r.str1.4
                0x0801b63c       0x42 c:/programdata/gcc-arm-none-eabi-10.3-2021.10/bin/../lib/gcc/arm-none-eabi/10.3.1/../../../../arm-none-eabi/lib/thumb/v7e-m+fp/hard\libg.a(lib_a-svfprintf.o)
 *fill*         0x0801b67e        0x2 
 .rodata.blanks.1
                0x0801b680       0x10 c:/programdata/gcc-arm-none-eabi-10.3-2021.10/bin/../lib/gcc/arm-none-eabi/10.3.1/../../../../arm-none-eabi/lib/thumb/v7e-m+fp/hard\libg.a(lib_a-svfprintf.o)
 .rodata.zeroes.0
                0x0801b690       0x10 c:/programdata/gcc-arm-none-eabi-10.3-2021.10/bin/../lib/gcc/arm-none-eabi/10.3.1/../../../../arm-none-eabi/lib/thumb/v7e-m+fp/hard\libg.a(lib_a-svfprintf.o)
 .rodata._dtoa_r.str1.4
                0x0801b6a0       0xa2 c:/programdata/gcc-arm-none-eabi-10.3-2021.10/bin/../lib/gcc/arm-none-eabi/10.3.1/../../../../arm-none-eabi/lib/thumb/v7e-m+fp/hard\libg.a(lib_a-dtoa.o)
                                 0xa6 (size before relaxing)
 *fill*         0x0801b742        0x2 
 .rodata.__multadd.str1.4
                0x0801b744       0x7f c:/programdata/gcc-arm-none-eabi-10.3-2021.10/bin/../lib/gcc/arm-none-eabi/10.3.1/../../../../arm-none-eabi/lib/thumb/v7e-m+fp/hard\libg.a(lib_a-mprec.o)
                                 0x93 (size before relaxing)
 *fill*         0x0801b7c3        0x5 
 .rodata.__mprec_bigtens
                0x0801b7c8       0x28 c:/programdata/gcc-arm-none-eabi-10.3-2021.10/bin/../lib/gcc/arm-none-eabi/10.3.1/../../../../arm-none-eabi/lib/thumb/v7e-m+fp/hard\libg.a(lib_a-mprec.o)
                0x0801b7c8                __mprec_bigtens
 .rodata.__mprec_tens
                0x0801b7f0       0xc8 c:/programdata/gcc-arm-none-eabi-10.3-2021.10/bin/../lib/gcc/arm-none-eabi/10.3.1/../../../../arm-none-eabi/lib/thumb/v7e-m+fp/hard\libg.a(lib_a-mprec.o)
                0x0801b7f0                __mprec_tens
 .rodata.p05.0  0x0801b8b8        0xc c:/programdata/gcc-arm-none-eabi-10.3-2021.10/bin/../lib/gcc/arm-none-eabi/10.3.1/../../../../arm-none-eabi/lib/thumb/v7e-m+fp/hard\libg.a(lib_a-mprec.o)
 .rodata.__assert_func.str1.4
                0x0801b8c4       0x3f c:/programdata/gcc-arm-none-eabi-10.3-2021.10/bin/../lib/gcc/arm-none-eabi/10.3.1/../../../../arm-none-eabi/lib/thumb/v7e-m+fp/hard\libg.a(lib_a-assert.o)
                                 0x43 (size before relaxing)
 *fill*         0x0801b903        0x1 
 .rodata._setlocale_r.str1.4
                0x0801b904        0xa c:/programdata/gcc-arm-none-eabi-10.3-2021.10/bin/../lib/gcc/arm-none-eabi/10.3.1/../../../../arm-none-eabi/lib/thumb/v7e-m+fp/hard\libg.a(lib_a-locale.o)
                                  0xd (size before relaxing)
 *fill*         0x0801b90e        0x2 
 .rodata.str1.4
                0x0801b910        0x2 c:/programdata/gcc-arm-none-eabi-10.3-2021.10/bin/../lib/gcc/arm-none-eabi/10.3.1/../../../../arm-none-eabi/lib/thumb/v7e-m+fp/hard\libg.a(lib_a-locale.o)
 .rodata._vfiprintf_r.str1.4
                0x0801b912       0x2f c:/programdata/gcc-arm-none-eabi-10.3-2021.10/bin/../lib/gcc/arm-none-eabi/10.3.1/../../../../arm-none-eabi/lib/thumb/v7e-m+fp/hard\libg.a(lib_a-vfiprintf.o)
 *fill*         0x0801b912        0x2 
 .rodata.blanks.1
                0x0801b914       0x10 c:/programdata/gcc-arm-none-eabi-10.3-2021.10/bin/../lib/gcc/arm-none-eabi/10.3.1/../../../../arm-none-eabi/lib/thumb/v7e-m+fp/hard\libg.a(lib_a-vfiprintf.o)
 .rodata.zeroes.0
                0x0801b924       0x10 c:/programdata/gcc-arm-none-eabi-10.3-2021.10/bin/../lib/gcc/arm-none-eabi/10.3.1/../../../../arm-none-eabi/lib/thumb/v7e-m+fp/hard\libg.a(lib_a-vfiprintf.o)
 .rodata._ctype_
                0x0801b934      0x101 c:/programdata/gcc-arm-none-eabi-10.3-2021.10/bin/../lib/gcc/arm-none-eabi/10.3.1/../../../../arm-none-eabi/lib/thumb/v7e-m+fp/hard\libg.a(lib_a-ctype_.o)
                0x0801b934                _ctype_
 *fill*         0x0801ba35        0x3 
 .rodata.atanhi
                0x0801ba38       0x20 c:/programdata/gcc-arm-none-eabi-10.3-2021.10/bin/../lib/gcc/arm-none-eabi/10.3.1/../../../../arm-none-eabi/lib/thumb/v7e-m+fp/hard\libm.a(lib_a-s_atan.o)
 .rodata.atanlo
                0x0801ba58       0x20 c:/programdata/gcc-arm-none-eabi-10.3-2021.10/bin/../lib/gcc/arm-none-eabi/10.3.1/../../../../arm-none-eabi/lib/thumb/v7e-m+fp/hard\libm.a(lib_a-s_atan.o)
 .rodata.log.str1.4
                0x0801ba78        0x1 c:/programdata/gcc-arm-none-eabi-10.3-2021.10/bin/../lib/gcc/arm-none-eabi/10.3.1/../../../../arm-none-eabi/lib/thumb/v7e-m+fp/hard\libm.a(lib_a-w_log.o)
 .rodata.npio2_hw
                0x0801ba78       0x80 c:/programdata/gcc-arm-none-eabi-10.3-2021.10/bin/../lib/gcc/arm-none-eabi/10.3.1/../../../../arm-none-eabi/lib/thumb/v7e-m+fp/hard\libm.a(lib_a-ef_rem_pio2.o)
 .rodata.two_over_pi
                0x0801baf8      0x318 c:/programdata/gcc-arm-none-eabi-10.3-2021.10/bin/../lib/gcc/arm-none-eabi/10.3.1/../../../../arm-none-eabi/lib/thumb/v7e-m+fp/hard\libm.a(lib_a-ef_rem_pio2.o)
 .rodata.PIo2   0x0801be10       0x2c c:/programdata/gcc-arm-none-eabi-10.3-2021.10/bin/../lib/gcc/arm-none-eabi/10.3.1/../../../../arm-none-eabi/lib/thumb/v7e-m+fp/hard\libm.a(lib_a-kf_rem_pio2.o)
 .rodata.init_jk
                0x0801be3c        0xc c:/programdata/gcc-arm-none-eabi-10.3-2021.10/bin/../lib/gcc/arm-none-eabi/10.3.1/../../../../arm-none-eabi/lib/thumb/v7e-m+fp/hard\libm.a(lib_a-kf_rem_pio2.o)
                0x0801be48                . = ALIGN (0x4)

.ARM.extab
 *(.ARM.extab* .gnu.linkonce.armextab.*)

.ARM            0x0801be48        0x8
                0x0801be48                __exidx_start = .
 *(.ARM.exidx*)
 .ARM.exidx     0x0801be48        0x8 c:/programdata/gcc-arm-none-eabi-10.3-2021.10/bin/../lib/gcc/arm-none-eabi/10.3.1/thumb/v7e-m+fp/hard\libgcc.a(_udivmoddi4.o)
                0x0801be50                __exidx_end = .

.rel.dyn        0x0801be50        0x0
 .rel.iplt      0x0801be50        0x0 c:/programdata/gcc-arm-none-eabi-10.3-2021.10/bin/../lib/gcc/arm-none-eabi/10.3.1/thumb/v7e-m+fp/hard/crtbegin.o

.preinit_array  0x0801be50        0x0
                0x0801be50                PROVIDE (__preinit_array_start = .)
 *(.preinit_array*)
                0x0801be50                PROVIDE (__preinit_array_end = .)

.init_array     0x0801be50        0x8
                0x0801be50                PROVIDE (__init_array_start = .)
 *(SORT_BY_NAME(.init_array.*))
 .init_array.00000
                0x0801be50        0x4 c:/programdata/gcc-arm-none-eabi-10.3-2021.10/bin/../lib/gcc/arm-none-eabi/10.3.1/../../../../arm-none-eabi/lib/thumb/v7e-m+fp/hard\libg.a(lib_a-__call_atexit.o)
 *(.init_array*)
 .init_array    0x0801be54        0x4 c:/programdata/gcc-arm-none-eabi-10.3-2021.10/bin/../lib/gcc/arm-none-eabi/10.3.1/thumb/v7e-m+fp/hard/crtbegin.o
                0x0801be58                PROVIDE (__init_array_end = .)

.fini_array     0x0801be58        0x4
                0x0801be58                PROVIDE (__fini_array_start = .)
 *(SORT_BY_NAME(.fini_array.*))
 *(.fini_array*)
 .fini_array    0x0801be58        0x4 c:/programdata/gcc-arm-none-eabi-10.3-2021.10/bin/../lib/gcc/arm-none-eabi/10.3.1/thumb/v7e-m+fp/hard/crtbegin.o
                0x0801be5c                PROVIDE (__fini_array_end = .)
                0x0801be5c                _sidata = LOADADDR (.data)

.data           0x24000000      0x9c0 load address 0x0801be5c
                0x24000000                . = ALIGN (0x4)
                0x24000000                _sdata = .
 *(.data)
 *(.data*)
 .data.SystemCoreClock
                0x24000000        0x4 CMakeFiles/DSPforClion.elf.dir/Core/Src/system_stm32h7xx.c.obj
                0x24000000                SystemCoreClock
 .data.SystemD2Clock
                0x24000004        0x4 CMakeFiles/DSPforClion.elf.dir/Core/Src/system_stm32h7xx.c.obj
                0x24000004                SystemD2Clock
 .data.uwTickFreq
                0x24000008        0x1 CMakeFiles/DSPforClion.elf.dir/Drivers/STM32H7xx_HAL_Driver/Src/stm32h7xx_hal.c.obj
                0x24000008                uwTickFreq
 *fill*         0x24000009        0x3 
 .data.uwTickPrio
                0x2400000c        0x4 CMakeFiles/DSPforClion.elf.dir/Drivers/STM32H7xx_HAL_Driver/Src/stm32h7xx_hal.c.obj
                0x2400000c                uwTickPrio
 .data._impure_ptr
                0x24000010        0x4 c:/programdata/gcc-arm-none-eabi-10.3-2021.10/bin/../lib/gcc/arm-none-eabi/10.3.1/../../../../arm-none-eabi/lib/thumb/v7e-m+fp/hard\libg.a(lib_a-impure.o)
                0x24000010                _impure_ptr
 *fill*         0x24000014        0x4 
 .data.impure_data
                0x24000018      0x428 c:/programdata/gcc-arm-none-eabi-10.3-2021.10/bin/../lib/gcc/arm-none-eabi/10.3.1/../../../../arm-none-eabi/lib/thumb/v7e-m+fp/hard\libg.a(lib_a-impure.o)
 .data.__malloc_av_
                0x24000440      0x408 c:/programdata/gcc-arm-none-eabi-10.3-2021.10/bin/../lib/gcc/arm-none-eabi/10.3.1/../../../../arm-none-eabi/lib/thumb/v7e-m+fp/hard\libg.a(lib_a-mallocr.o)
                0x24000440                __malloc_av_
 .data.__malloc_sbrk_base
                0x24000848        0x4 c:/programdata/gcc-arm-none-eabi-10.3-2021.10/bin/../lib/gcc/arm-none-eabi/10.3.1/../../../../arm-none-eabi/lib/thumb/v7e-m+fp/hard\libg.a(lib_a-mallocr.o)
                0x24000848                __malloc_sbrk_base
 .data.__malloc_trim_threshold
                0x2400084c        0x4 c:/programdata/gcc-arm-none-eabi-10.3-2021.10/bin/../lib/gcc/arm-none-eabi/10.3.1/../../../../arm-none-eabi/lib/thumb/v7e-m+fp/hard\libg.a(lib_a-mallocr.o)
                0x2400084c                __malloc_trim_threshold
 .data.__atexit_recursive_mutex
                0x24000850        0x4 c:/programdata/gcc-arm-none-eabi-10.3-2021.10/bin/../lib/gcc/arm-none-eabi/10.3.1/../../../../arm-none-eabi/lib/thumb/v7e-m+fp/hard\libg.a(lib_a-__call_atexit.o)
                0x24000850                __atexit_recursive_mutex
 .data.__global_locale
                0x24000854      0x16c c:/programdata/gcc-arm-none-eabi-10.3-2021.10/bin/../lib/gcc/arm-none-eabi/10.3.1/../../../../arm-none-eabi/lib/thumb/v7e-m+fp/hard\libg.a(lib_a-locale.o)
                0x24000854                __global_locale
 *(.RamFunc)
 *(.RamFunc*)
                0x240009c0                . = ALIGN (0x4)
                0x240009c0                _edata = .

.igot.plt       0x240009c0        0x0 load address 0x0801c81c
 .igot.plt      0x240009c0        0x0 c:/programdata/gcc-arm-none-eabi-10.3-2021.10/bin/../lib/gcc/arm-none-eabi/10.3.1/thumb/v7e-m+fp/hard/crtbegin.o
                0x240009c0                . = ALIGN (0x4)

.bss            0x240009c0    0x1858c load address 0x0801c81c
                0x240009c0                _sbss = .
                0x240009c0                __bss_start__ = _sbss
 *(.bss)
 .bss           0x240009c0       0x1c c:/programdata/gcc-arm-none-eabi-10.3-2021.10/bin/../lib/gcc/arm-none-eabi/10.3.1/thumb/v7e-m+fp/hard/crtbegin.o
 *(.bss*)
 .bss.HAL_RCC_ADC12_CLK_ENABLED
                0x240009dc        0x4 CMakeFiles/DSPforClion.elf.dir/Core/Src/adc.c.obj
 .bss.hadc1     0x240009e0       0x64 CMakeFiles/DSPforClion.elf.dir/Core/Src/adc.c.obj
                0x240009e0                hadc1