Archive member included to satisfy reference by file (symbol)

C:\Users\20614\Desktop\STM32Project\DSPforClion\libarm_cortexM7lfsp_math.a(arm_rms_f32.o)
                              CMakeFiles/DSPforClion.elf.dir/Core/Software/myfft.c.obj (arm_rms_f32)
C:\Users\20614\Desktop\STM32Project\DSPforClion\libarm_cortexM7lfsp_math.a(arm_max_f32.o)
                              CMakeFiles/DSPforClion.elf.dir/Core/Software/myfft.c.obj (arm_max_f32)
C:\Users\20614\Desktop\STM32Project\DSPforClion\libarm_cortexM7lfsp_math.a(arm_cfft_radix4_init_f32.o)
                              CMakeFiles/DSPforClion.elf.dir/Core/Software/myfft.c.obj (arm_cfft_radix4_init_f32)
C:\Users\20614\Desktop\STM32Project\DSPforClion\libarm_cortexM7lfsp_math.a(arm_cfft_radix4_f32.o)
                              CMakeFiles/DSPforClion.elf.dir/Core/Software/myfft.c.obj (arm_cfft_radix4_f32)
C:\Users\20614\Desktop\STM32Project\DSPforClion\libarm_cortexM7lfsp_math.a(arm_bitreversal.o)
                              C:\Users\20614\Desktop\STM32Project\DSPforClion\libarm_cortexM7lfsp_math.a(arm_cfft_radix4_f32.o) (arm_bitreversal_f32)
C:\Users\20614\Desktop\STM32Project\DSPforClion\libarm_cortexM7lfsp_math.a(arm_cmplx_mag_f32.o)
                              CMakeFiles/DSPforClion.elf.dir/Core/Software/myfft.c.obj (arm_cmplx_mag_f32)
C:\Users\20614\Desktop\STM32Project\DSPforClion\libarm_cortexM7lfsp_math.a(arm_common_tables.o)
                              C:\Users\20614\Desktop\STM32Project\DSPforClion\libarm_cortexM7lfsp_math.a(arm_cfft_radix4_init_f32.o) (twiddleCoef_4096)
c:/programdata/gcc-arm-none-eabi-10.3-2021.10/bin/../lib/gcc/arm-none-eabi/10.3.1/thumb/v7e-m+fp/hard\libgcc.a(_arm_muldf3.o)
                              CMakeFiles/DSPforClion.elf.dir/Core/Src/main.c.obj (__aeabi_dmul)
c:/programdata/gcc-arm-none-eabi-10.3-2021.10/bin/../lib/gcc/arm-none-eabi/10.3.1/thumb/v7e-m+fp/hard\libgcc.a(_arm_addsubdf3.o)
                              CMakeFiles/DSPforClion.elf.dir/Core/Src/main.c.obj (__aeabi_f2d)
c:/programdata/gcc-arm-none-eabi-10.3-2021.10/bin/../lib/gcc/arm-none-eabi/10.3.1/thumb/v7e-m+fp/hard\libgcc.a(_arm_truncdfsf2.o)
                              CMakeFiles/DSPforClion.elf.dir/Core/Src/main.c.obj (__aeabi_d2f)
c:/programdata/gcc-arm-none-eabi-10.3-2021.10/bin/../lib/gcc/arm-none-eabi/10.3.1/thumb/v7e-m+fp/hard\libgcc.a(_aeabi_uldivmod.o)
                              CMakeFiles/DSPforClion.elf.dir/Drivers/STM32H7xx_HAL_Driver/Src/stm32h7xx_hal_uart.c.obj (__aeabi_uldivmod)
c:/programdata/gcc-arm-none-eabi-10.3-2021.10/bin/../lib/gcc/arm-none-eabi/10.3.1/thumb/v7e-m+fp/hard\libgcc.a(_udivmoddi4.o)
                              c:/programdata/gcc-arm-none-eabi-10.3-2021.10/bin/../lib/gcc/arm-none-eabi/10.3.1/thumb/v7e-m+fp/hard\libgcc.a(_aeabi_uldivmod.o) (__udivmoddi4)
c:/programdata/gcc-arm-none-eabi-10.3-2021.10/bin/../lib/gcc/arm-none-eabi/10.3.1/thumb/v7e-m+fp/hard\libgcc.a(_dvmd_tls.o)
                              c:/programdata/gcc-arm-none-eabi-10.3-2021.10/bin/../lib/gcc/arm-none-eabi/10.3.1/thumb/v7e-m+fp/hard\libgcc.a(_aeabi_uldivmod.o) (__aeabi_ldiv0)
c:/programdata/gcc-arm-none-eabi-10.3-2021.10/bin/../lib/gcc/arm-none-eabi/10.3.1/../../../../arm-none-eabi/lib/thumb/v7e-m+fp/hard\libg.a(lib_a-calloc.o)
                              CMakeFiles/DSPforClion.elf.dir/Core/Software/myfft.c.obj (calloc)
c:/programdata/gcc-arm-none-eabi-10.3-2021.10/bin/../lib/gcc/arm-none-eabi/10.3.1/../../../../arm-none-eabi/lib/thumb/v7e-m+fp/hard\libg.a(lib_a-callocr.o)
                              c:/programdata/gcc-arm-none-eabi-10.3-2021.10/bin/../lib/gcc/arm-none-eabi/10.3.1/../../../../arm-none-eabi/lib/thumb/v7e-m+fp/hard\libg.a(lib_a-calloc.o) (_calloc_r)
c:/programdata/gcc-arm-none-eabi-10.3-2021.10/bin/../lib/gcc/arm-none-eabi/10.3.1/../../../../arm-none-eabi/lib/thumb/v7e-m+fp/hard\libg.a(lib_a-errno.o)
                              CMakeFiles/DSPforClion.elf.dir/Core/Src/syscalls.c.obj (__errno)
c:/programdata/gcc-arm-none-eabi-10.3-2021.10/bin/../lib/gcc/arm-none-eabi/10.3.1/../../../../arm-none-eabi/lib/thumb/v7e-m+fp/hard\libg.a(lib_a-exit.o)
                              c:/programdata/gcc-arm-none-eabi-10.3-2021.10/bin/../lib/gcc/arm-none-eabi/10.3.1/../../../../arm-none-eabi/lib/thumb/v7e-m+fp/hard/crt0.o (exit)
c:/programdata/gcc-arm-none-eabi-10.3-2021.10/bin/../lib/gcc/arm-none-eabi/10.3.1/../../../../arm-none-eabi/lib/thumb/v7e-m+fp/hard\libg.a(lib_a-impure.o)
                              c:/programdata/gcc-arm-none-eabi-10.3-2021.10/bin/../lib/gcc/arm-none-eabi/10.3.1/../../../../arm-none-eabi/lib/thumb/v7e-m+fp/hard\libg.a(lib_a-exit.o) (_global_impure_ptr)
c:/programdata/gcc-arm-none-eabi-10.3-2021.10/bin/../lib/gcc/arm-none-eabi/10.3.1/../../../../arm-none-eabi/lib/thumb/v7e-m+fp/hard\libg.a(lib_a-init.o)
                              c:/programdata/gcc-arm-none-eabi-10.3-2021.10/bin/../lib/gcc/arm-none-eabi/10.3.1/../../../../arm-none-eabi/lib/thumb/v7e-m+fp/hard/crt0.o (__libc_init_array)
[...]
Memory Configuration

Name             Origin             Length             Attributes
FLASH            0x08000000         0x00200000         xr
DTCMRAM          0x20000000         0x00020000         xrw
RAM_D1           0x24000000         0x00080000         xrw
RAM_D2           0x30000000         0x00048000         xrw
RAM_D3           0x38000000         0x00010000         xrw
ITCMRAM          0x00000000         0x00010000         xrw
*default*        0x00000000         0xffffffff

Linker script and memory map

LOAD c:/programdata/gcc-arm-none-eabi-10.3-2021.10/bin/../lib/gcc/arm-none-eabi/10.3.1/thumb/v7e-m+fp/hard/crti.o
LOAD c:/programdata/gcc-arm-none-eabi-10.3-2021.10/bin/../lib/gcc/arm-none-eabi/10.3.1/thumb/v7e-m+fp/hard/crtbegin.o
LOAD c:/programdata/gcc-arm-none-eabi-10.3-2021.10/bin/../lib/gcc/arm-none-eabi/10.3.1/../../../../arm-none-eabi/lib/thumb/v7e-m+fp/hard/crt0.o
LOAD CMakeFiles/DSPforClion.elf.dir/Core/Software/fft_disp.c.obj
LOAD CMakeFiles/DSPforClion.elf.dir/Core/Software/myfft.c.obj
LOAD CMakeFiles/DSPforClion.elf.dir/Core/Src/adc.c.obj
LOAD CMakeFiles/DSPforClion.elf.dir/Core/Src/dma.c.obj
LOAD CMakeFiles/DSPforClion.elf.dir/Core/Src/gpio.c.obj
LOAD CMakeFiles/DSPforClion.elf.dir/Core/Src/lcd.c.obj
LOAD CMakeFiles/DSPforClion.elf.dir/Core/Src/lcd_init.c.obj
LOAD CMakeFiles/DSPforClion.elf.dir/Core/Src/main.c.obj
LOAD CMakeFiles/DSPforClion.elf.dir/Core/Src/memorymap.c.obj
LOAD CMakeFiles/DSPforClion.elf.dir/Core/Src/spi.c.obj
LOAD CMakeFiles/DSPforClion.elf.dir/Core/Src/stm32h7xx_hal_msp.c.obj
LOAD CMakeFiles/DSPforClion.elf.dir/Core/Src/stm32h7xx_it.c.obj
LOAD CMakeFiles/DSPforClion.elf.dir/Core/Src/syscalls.c.obj
LOAD CMakeFiles/DSPforClion.elf.dir/Core/Src/sysmem.c.obj
LOAD CMakeFiles/DSPforClion.elf.dir/Core/Src/system_stm32h7xx.c.obj
LOAD CMakeFiles/DSPforClion.elf.dir/Core/Src/tim.c.obj
LOAD CMakeFiles/DSPforClion.elf.dir/Core/Src/usart.c.obj
LOAD CMakeFiles/DSPforClion.elf.dir/Core/Startup/startup_stm32h743vitx.s.obj
LOAD CMakeFiles/DSPforClion.elf.dir/Drivers/STM32H7xx_HAL_Driver/Src/stm32h7xx_hal.c.obj
LOAD CMakeFiles/DSPforClion.elf.dir/Drivers/STM32H7xx_HAL_Driver/Src/stm32h7xx_hal_adc.c.obj
LOAD CMakeFiles/DSPforClion.elf.dir/Drivers/STM32H7xx_HAL_Driver/Src/stm32h7xx_hal_adc_ex.c.obj
LOAD CMakeFiles/DSPforClion.elf.dir/Drivers/STM32H7xx_HAL_Driver/Src/stm32h7xx_hal_cortex.c.obj
LOAD CMakeFiles/DSPforClion.elf.dir/Drivers/STM32H7xx_HAL_Driver/Src/stm32h7xx_hal_dma.c.obj
LOAD CMakeFiles/DSPforClion.elf.dir/Drivers/STM32H7xx_HAL_Driver/Src/stm32h7xx_hal_dma_ex.c.obj
LOAD CMakeFiles/DSPforClion.elf.dir/Drivers/STM32H7xx_HAL_Driver/Src/stm32h7xx_hal_exti.c.obj
LOAD CMakeFiles/DSPforClion.elf.dir/Drivers/STM32H7xx_HAL_Driver/Src/stm32h7xx_hal_flash.c.obj
LOAD CMakeFiles/DSPforClion.elf.dir/Drivers/STM32H7xx_HAL_Driver/Src/stm32h7xx_hal_flash_ex.c.obj
LOAD CMakeFiles/DSPforClion.elf.dir/Drivers/STM32H7xx_HAL_Driver/Src/stm32h7xx_hal_gpio.c.obj
LOAD CMakeFiles/DSPforClion.elf.dir/Drivers/STM32H7xx_HAL_Driver/Src/stm32h7xx_hal_hsem.c.obj
LOAD CMakeFiles/DSPforClion.elf.dir/Drivers/STM32H7xx_HAL_Driver/Src/stm32h7xx_hal_i2c.c.obj
LOAD CMakeFiles/DSPforClion.elf.dir/Drivers/STM32H7xx_HAL_Driver/Src/stm32h7xx_hal_i2c_ex.c.obj
LOAD CMakeFiles/DSPforClion.elf.dir/Drivers/STM32H7xx_HAL_Driver/Src/stm32h7xx_hal_mdma.c.obj
LOAD CMakeFiles/DSPforClion.elf.dir/Drivers/STM32H7xx_HAL_Driver/Src/stm32h7xx_hal_pwr.c.obj
LOAD CMakeFiles/DSPforClion.elf.dir/Drivers/STM32H7xx_HAL_Driver/Src/stm32h7xx_hal_pwr_ex.c.obj
LOAD CMakeFiles/DSPforClion.elf.dir/Drivers/STM32H7xx_HAL_Driver/Src/stm32h7xx_hal_rcc.c.obj
LOAD CMakeFiles/DSPforClion.elf.dir/Drivers/STM32H7xx_HAL_Driver/Src/stm32h7xx_hal_rcc_ex.c.obj
LOAD CMakeFiles/DSPforClion.elf.dir/Drivers/STM32H7xx_HAL_Driver/Src/stm32h7xx_hal_spi.c.obj
LOAD CMakeFiles/DSPforClion.elf.dir/Drivers/STM32H7xx_HAL_Driver/Src/stm32h7xx_hal_spi_ex.c.obj
LOAD CMakeFiles/DSPforClion.elf.dir/Drivers/STM32H7xx_HAL_Driver/Src/stm32h7xx_hal_tim.c.obj
LOAD CMakeFiles/DSPforClion.elf.dir/Drivers/STM32H7xx_HAL_Driver/Src/stm32h7xx_hal_tim_ex.c.obj
LOAD CMakeFiles/DSPforClion.elf.dir/Drivers/STM32H7xx_HAL_Driver/Src/stm32h7xx_hal_uart.c.obj
LOAD CMakeFiles/DSPforClion.elf.dir/Drivers/STM32H7xx_HAL_Driver/Src/stm32h7xx_hal_uart_ex.c.obj
LOAD C:\Users\20614\Desktop\STM32Project\DSPforClion\libarm_cortexM7lfsp_math.a
START GROUP
LOAD c:/programdata/gcc-arm-none-eabi-10.3-2021.10/bin/../lib/gcc/arm-none-eabi/10.3.1/thumb/v7e-m+fp/hard\libgcc.a
LOAD c:/programdata/gcc-arm-none-eabi-10.3-2021.10/bin/../lib/gcc/arm-none-eabi/10.3.1/../../../../arm-none-eabi/lib/thumb/v7e-m+fp/hard\libg.a
LOAD c:/programdata/gcc-arm-none-eabi-10.3-2021.10/bin/../lib/gcc/arm-none-eabi/10.3.1/../../../../arm-none-eabi/lib/thumb/v7e-m+fp/hard\libc.a
END GROUP
LOAD c:/programdata/gcc-arm-none-eabi-10.3-2021.10/bin/../lib/gcc/arm-none-eabi/10.3.1/thumb/v7e-m+fp/hard/crtend.o
LOAD c:/programdata/gcc-arm-none-eabi-10.3-2021.10/bin/../lib/gcc/arm-none-eabi/10.3.1/thumb/v7e-m+fp/hard/crtn.o
                0x24080000                _estack = (ORIGIN (RAM_D1) + LENGTH (RAM_D1))
                0x00000200                _Min_Heap_Size = 0x200
                0x00000400                _Min_Stack_Size = 0x400

.isr_vector     0x08000000      0x298
                0x08000000                . = ALIGN (0x4)
 *(.isr_vector)
 .isr_vector    0x08000000      0x298 CMakeFiles/DSPforClion.elf.dir/Core/Startup/startup_stm32h743vitx.s.obj
                0x08000000                g_pfnVectors
                0x08000298                . = ALIGN (0x4)

.text           0x080002c0    0x1028c
                0x080002c0                . = ALIGN (0x4)
 *(.text)
 .text          0x080002c0       0x40 c:/programdata/gcc-arm-none-eabi-10.3-2021.10/bin/../lib/gcc/arm-none-eabi/10.3.1/thumb/v7e-m+fp/hard/crtbegin.o
 .text          0x08000300      0x378 c:/programdata/gcc-arm-none-eabi-10.3-2021.10/bin/../lib/gcc/arm-none-eabi/10.3.1/thumb/v7e-m+fp/hard\libgcc.a(_arm_addsubdf3.o)
                0x08000300                __aeabi_drsub
                0x08000308                __aeabi_dsub
                0x08000308                __subdf3
                0x0800030c                __aeabi_dadd
                0x0800030c                __adddf3
                0x08000584                __floatunsidf
                0x08000584                __aeabi_ui2d
                0x080005a4                __floatsidf
                0x080005a4                __aeabi_i2d
                0x080005c8                __aeabi_f2d
                0x080005c8                __extendsfdf2
                0x0800060c                __floatundidf
                0x0800060c                __aeabi_ul2d
                0x0800061c                __floatdidf
                0x0800061c                __aeabi_l2d
 .text          0x08000678       0xa0 c:/programdata/gcc-arm-none-eabi-10.3-2021.10/bin/../lib/gcc/arm-none-eabi/10.3.1/thumb/v7e-m+fp/hard\libgcc.a(_arm_truncdfsf2.o)
                0x08000678                __truncdfsf2
                0x08000678                __aeabi_d2f
 .text          0x08000718       0x30 c:/programdata/gcc-arm-none-eabi-10.3-2021.10/bin/../lib/gcc/arm-none-eabi/10.3.1/thumb/v7e-m+fp/hard\libgcc.a(_aeabi_uldivmod.o)
                0x08000718                __aeabi_uldivmod
 .text          0x08000748      0x2d0 c:/programdata/gcc-arm-none-eabi-10.3-2021.10/bin/../lib/gcc/arm-none-eabi/10.3.1/thumb/v7e-m+fp/hard\libgcc.a(_udivmoddi4.o)
                0x08000748                __udivmoddi4
 .text          0x08000a18        0x4 c:/programdata/gcc-arm-none-eabi-10.3-2021.10/bin/../lib/gcc/arm-none-eabi/10.3.1/thumb/v7e-m+fp/hard\libgcc.a(_dvmd_tls.o)
                0x08000a18                __aeabi_idiv0
                0x08000a18                __aeabi_ldiv0
 *fill*         0x08000a1c        0x4 
 .text          0x08000a20       0xa0 c:/programdata/gcc-arm-none-eabi-10.3-2021.10/bin/../lib/gcc/arm-none-eabi/10.3.1/../../../../arm-none-eabi/lib/thumb/v7e-m+fp/hard\libg.a(lib_a-memchr.o)
                0x08000a20                memchr
 .text          0x08000ac0      0x134 c:/programdata/gcc-arm-none-eabi-10.3-2021.10/bin/../lib/gcc/arm-none-eabi/10.3.1/../../../../arm-none-eabi/lib/thumb/v7e-m+fp/hard\libg.a(lib_a-memcpy.o)
                0x08000ac0                memcpy
 *fill*         0x08000bf4        0xc 
 .text          0x08000c00       0xdc c:/programdata/gcc-arm-none-eabi-10.3-2021.10/bin/../lib/gcc/arm-none-eabi/10.3.1/../../../../arm-none-eabi/lib/thumb/v7e-m+fp/hard\libg.a(lib_a-strlen.o)
                0x08000c00                strlen
 .text          0x08000cdc      0x424 c:/programdata/gcc-arm-none-eabi-10.3-2021.10/bin/../lib/gcc/arm-none-eabi/10.3.1/thumb/v7e-m+fp/hard\libgcc.a(_arm_muldivdf3.o)
                0x08000cdc                __aeabi_dmul
                0x08000cdc                __muldf3
                0x08000f30                __divdf3
                0x08000f30                __aeabi_ddiv
 .text          0x08001100      0x110 c:/programdata/gcc-arm-none-eabi-10.3-2021.10/bin/../lib/gcc/arm-none-eabi/10.3.1/thumb/v7e-m+fp/hard\libgcc.a(_arm_cmpdf2.o)
                0x08001100                __gtdf2
                0x08001100                __gedf2
                0x08001108                __ltdf2
                0x08001108                __ledf2
                0x08001110                __nedf2
                0x08001110                __eqdf2
                0x08001110                __cmpdf2
                0x0800118c                __aeabi_cdrcmple
                0x0800119c                __aeabi_cdcmpeq
                0x0800119c                __aeabi_cdcmple
                0x080011ac                __aeabi_dcmpeq
                0x080011c0                __aeabi_dcmplt
                0x080011d4                __aeabi_dcmple
                0x080011e8                __aeabi_dcmpge
                0x080011fc                __aeabi_dcmpgt
 .text          0x08001210       0x2c c:/programdata/gcc-arm-none-eabi-10.3-2021.10/bin/../lib/gcc/arm-none-eabi/10.3.1/thumb/v7e-m+fp/hard\libgcc.a(_arm_unorddf2.o)
                0x08001210                __unorddf2
                0x08001210                __aeabi_dcmpun
 .text          0x0800123c       0x50 c:/programdata/gcc-arm-none-eabi-10.3-2021.10/bin/../lib/gcc/arm-none-eabi/10.3.1/thumb/v7e-m+fp/hard\libgcc.a(_arm_fixdfsi.o)
                0x0800123c                __aeabi_d2iz
                0x0800123c                __fixdfsi
 *(.text*)
 .text.floatfindmax
                0x0800128c       0x9c CMakeFiles/DSPforClion.elf.dir/Core/Software/myfft.c.obj
 .text.FFT_Handler_Init
                0x08001328       0x4a CMakeFiles/DSPforClion.elf.dir/Core/Software/myfft.c.obj
                0x08001328                FFT_Handler_Init
 *fill*         0x08001372        0x2 
 .text.fft_calculate_harmonic
                0x08001374       0x44 CMakeFiles/DSPforClion.elf.dir/Core/Software/myfft.c.obj
                0x08001374                fft_calculate_harmonic
 .text.fft_calculate_mainfreq
                0x080013b8       0x58 CMakeFiles/DSPforClion.elf.dir/Core/Software/myfft.c.obj
                0x080013b8                fft_calculate_mainfreq
 .text.fft_calculate_rms
                0x08001410       0x10 CMakeFiles/DSPforClion.elf.dir/Core/Software/myfft.c.obj
                0x08001410                fft_calculate_rms
 .text.fft_calculate
                0x08001420       0x54 CMakeFiles/DSPforClion.elf.dir/Core/Software/myfft.c.obj
                0x08001420                fft_calculate
 .text.MX_ADC1_Init
                0x08001474       0xb4 CMakeFiles/DSPforClion.elf.dir/Core/Src/adc.c.obj
                0x08001474                MX_ADC1_Init
 .text.MX_ADC2_Init
                0x08001528       0x9c CMakeFiles/DSPforClion.elf.dir/Core/Src/adc.c.obj
                0x08001528                MX_ADC2_Init
 .text.HAL_ADC_MspInit
                0x080015c4      0x170 CMakeFiles/DSPforClion.elf.dir/Core/Src/adc.c.obj
                0x080015c4                HAL_ADC_MspInit
 .text.MX_DMA_Init
                0x08001734       0x58 CMakeFiles/DSPforClion.elf.dir/Core/Src/dma.c.obj
                0x08001734                MX_DMA_Init
 .text.MX_GPIO_Init
                0x0800178c       0xd0 CMakeFiles/DSPforClion.elf.dir/Core/Src/gpio.c.obj
                0x0800178c                MX_GPIO_Init
 .text.LCD_Fill
                0x0800185c       0x3c CMakeFiles/DSPforClion.elf.dir/Core/Src/lcd.c.obj
                0x0800185c                LCD_Fill
 .text.LCD_DrawPoint
                0x08001898       0x14 CMakeFiles/DSPforClion.elf.dir/Core/Src/lcd.c.obj
                0x08001898                LCD_DrawPoint
 .text.LCD_ShowChar
                0x080018ac       0xec CMakeFiles/DSPforClion.elf.dir/Core/Src/lcd.c.obj
                0x080018ac                LCD_ShowChar
 .text.LCD_ShowString
                0x08001998       0x44 CMakeFiles/DSPforClion.elf.dir/Core/Src/lcd.c.obj
                0x08001998                LCD_ShowString
 .text.LCD_Writ_Bus
                0x080019dc       0x3c CMakeFiles/DSPforClion.elf.dir/Core/Src/lcd_init.c.obj
                0x080019dc                LCD_Writ_Bus
 .text.LCD_WR_DATA8
                0x08001a18        0x8 CMakeFiles/DSPforClion.elf.dir/Core/Src/lcd_init.c.obj
                0x08001a18                LCD_WR_DATA8
 .text.LCD_WR_DATA
                0x08001a20       0x12 CMakeFiles/DSPforClion.elf.dir/Core/Src/lcd_init.c.obj
                0x08001a20                LCD_WR_DATA
 *fill*         0x08001a32        0x2 
 .text.LCD_WR_REG
                0x08001a34       0x2c CMakeFiles/DSPforClion.elf.dir/Core/Src/lcd_init.c.obj
                0x08001a34                LCD_WR_REG
 .text.LCD_Address_Set
                0x08001a60       0x3e CMakeFiles/DSPforClion.elf.dir/Core/Src/lcd_init.c.obj
                0x08001a60                LCD_Address_Set
 *fill*         0x08001a9e        0x2 
 .text.LCD_ST7789V3_Init
                0x08001aa0      0x1c8 CMakeFiles/DSPforClion.elf.dir/Core/Src/lcd_init.c.obj
                0x08001aa0                LCD_ST7789V3_Init
 .text.MPU_Config
                0x08001c68       0x52 CMakeFiles/DSPforClion.elf.dir/Core/Src/main.c.obj
 *fill*         0x08001cba        0x2 
 .text.HAL_ADC_ConvCpltCallback
                0x08001cbc        0xc CMakeFiles/DSPforClion.elf.dir/Core/Src/main.c.obj
                0x08001cbc                HAL_ADC_ConvCpltCallback
 .text.HAL_TIM_PeriodElapsedCallback
                0x08001cc8        0x2 CMakeFiles/DSPforClion.elf.dir/Core/Src/main.c.obj
                0x08001cc8                HAL_TIM_PeriodElapsedCallback
 .text.Error_Handler
                0x08001cca        0x4 CMakeFiles/DSPforClion.elf.dir/Core/Src/main.c.obj
                0x08001cca                Error_Handler
 *fill*         0x08001cce        0x2 
 .text.SystemClock_Config
                0x08001cd0       0xc4 CMakeFiles/DSPforClion.elf.dir/Core/Src/main.c.obj
                0x08001cd0                SystemClock_Config
 .text.PeriphCommonClock_Config
                0x08001d94       0x40 CMakeFiles/DSPforClion.elf.dir/Core/Src/main.c.obj
                0x08001d94                PeriphCommonClock_Config
 *fill*         0x08001dd4        0x4 
 .text.main     0x08001dd8      0x2c8 CMakeFiles/DSPforClion.elf.dir/Core/Src/main.c.obj
                0x08001dd8                main
 .text.MX_SPI2_Init
                0x080020a0       0x60 CMakeFiles/DSPforClion.elf.dir/Core/Src/spi.c.obj
                0x080020a0                MX_SPI2_Init
 .text.HAL_SPI_MspInit
                0x08002100       0xcc CMakeFiles/DSPforClion.elf.dir/Core/Src/spi.c.obj
                0x08002100                HAL_SPI_MspInit
 .text.HAL_MspInit
                0x080021cc       0x24 CMakeFiles/DSPforClion.elf.dir/Core/Src/stm32h7xx_hal_msp.c.obj
                0x080021cc                HAL_MspInit
 .text.NMI_Handler
                0x080021f0        0x2 CMakeFiles/DSPforClion.elf.dir/Core/Src/stm32h7xx_it.c.obj
                0x080021f0                NMI_Handler
 .text.HardFault_Handler
                0x080021f2        0x2 CMakeFiles/DSPforClion.elf.dir/Core/Src/stm32h7xx_it.c.obj
                0x080021f2                HardFault_Handler
 .text.MemManage_Handler
                0x080021f4        0x2 CMakeFiles/DSPforClion.elf.dir/Core/Src/stm32h7xx_it.c.obj
                0x080021f4                MemManage_Handler
 .text.BusFault_Handler
                0x080021f6        0x2 CMakeFiles/DSPforClion.elf.dir/Core/Src/stm32h7xx_it.c.obj
                0x080021f6                BusFault_Handler
 .text.UsageFault_Handler
                0x080021f8        0x2 CMakeFiles/DSPforClion.elf.dir/Core/Src/stm32h7xx_it.c.obj
                0x080021f8                UsageFault_Handler
 .text.SVC_Handler
                0x080021fa        0x2 CMakeFiles/DSPforClion.elf.dir/Core/Src/stm32h7xx_it.c.obj
                0x080021fa                SVC_Handler
 .text.DebugMon_Handler
                0x080021fc        0x2 CMakeFiles/DSPforClion.elf.dir/Core/Src/stm32h7xx_it.c.obj
                0x080021fc                DebugMon_Handler
 .text.PendSV_Handler
                0x080021fe        0x2 CMakeFiles/DSPforClion.elf.dir/Core/Src/stm32h7xx_it.c.obj
                0x080021fe                PendSV_Handler
 .text.SysTick_Handler
                0x08002200        0x8 CMakeFiles/DSPforClion.elf.dir/Core/Src/stm32h7xx_it.c.obj
                0x08002200                SysTick_Handler
 .text.DMA1_Stream0_IRQHandler
                0x08002208       0x10 CMakeFiles/DSPforClion.elf.dir/Core/Src/stm32h7xx_it.c.obj
                0x08002208                DMA1_Stream0_IRQHandler
 .text.DMA1_Stream1_IRQHandler
                0x08002218       0x10 CMakeFiles/DSPforClion.elf.dir/Core/Src/stm32h7xx_it.c.obj
                0x08002218                DMA1_Stream1_IRQHandler
 .text.DMA1_Stream2_IRQHandler
                0x08002228       0x10 CMakeFiles/DSPforClion.elf.dir/Core/Src/stm32h7xx_it.c.obj
                0x08002228                DMA1_Stream2_IRQHandler
 .text.TIM3_IRQHandler
                0x08002238       0x10 CMakeFiles/DSPforClion.elf.dir/Core/Src/stm32h7xx_it.c.obj
                0x08002238                TIM3_IRQHandler
 .text.USART1_IRQHandler
                0x08002248       0x10 CMakeFiles/DSPforClion.elf.dir/Core/Src/stm32h7xx_it.c.obj
                0x08002248                USART1_IRQHandler
 .text._getpid  0x08002258        0x4 CMakeFiles/DSPforClion.elf.dir/Core/Src/syscalls.c.obj
                0x08002258                _getpid
 .text._kill    0x0800225c       0x10 CMakeFiles/DSPforClion.elf.dir/Core/Src/syscalls.c.obj
                0x0800225c                _kill
 .text._exit    0x0800226c        0xc CMakeFiles/DSPforClion.elf.dir/Core/Src/syscalls.c.obj
                0x0800226c                _exit
 .text._read    0x08002278       0x20 CMakeFiles/DSPforClion.elf.dir/Core/Src/syscalls.c.obj
                0x08002278                _read
 .text._write   0x08002298       0x1c CMakeFiles/DSPforClion.elf.dir/Core/Src/syscalls.c.obj
                0x08002298                _write
 .text._close   0x080022b4        0x6 CMakeFiles/DSPforClion.elf.dir/Core/Src/syscalls.c.obj
                0x080022b4                _close
 .text._fstat   0x080022ba        0xa CMakeFiles/DSPforClion.elf.dir/Core/Src/syscalls.c.obj
                0x080022ba                _fstat
 .text._isatty  0x080022c4        0x4 CMakeFiles/DSPforClion.elf.dir/Core/Src/syscalls.c.obj
                0x080022c4                _isatty
 .text._lseek   0x080022c8        0x4 CMakeFiles/DSPforClion.elf.dir/Core/Src/syscalls.c.obj
                0x080022c8                _lseek
 .text._sbrk    0x080022cc       0x48 CMakeFiles/DSPforClion.elf.dir/Core/Src/sysmem.c.obj
                0x080022cc                _sbrk
 .text.SystemInit
                0x08002314       0xf4 CMakeFiles/DSPforClion.elf.dir/Core/Src/system_stm32h7xx.c.obj
                0x08002314                SystemInit
 .text.ExitRun0Mode
                0x08002408       0x1c CMakeFiles/DSPforClion.elf.dir/Core/Src/system_stm32h7xx.c.obj
                0x08002408                ExitRun0Mode
 .text.MX_TIM3_Init
                0x08002424       0xa8 CMakeFiles/DSPforClion.elf.dir/Core/Src/tim.c.obj
                0x08002424                MX_TIM3_Init
 .text.MX_TIM6_Init
                0x080024cc       0x54 CMakeFiles/DSPforClion.elf.dir/Core/Src/tim.c.obj
                0x080024cc                MX_TIM6_Init
 .text.HAL_TIM_Base_MspInit
                0x08002520       0x6c CMakeFiles/DSPforClion.elf.dir/Core/Src/tim.c.obj
                0x08002520                HAL_TIM_Base_MspInit
 .text.MX_USART1_UART_Init
                0x0800258c       0x6c CMakeFiles/DSPforClion.elf.dir/Core/Src/usart.c.obj
                0x0800258c                MX_USART1_UART_Init
 .text.HAL_UART_MspInit
                0x080025f8       0xe8 CMakeFiles/DSPforClion.elf.dir/Core/Src/usart.c.obj
                0x080025f8                HAL_UART_MspInit
 .text.Reset_Handler
                0x080026e0       0x54 CMakeFiles/DSPforClion.elf.dir/Core/Startup/startup_stm32h743vitx.s.obj
                0x080026e0                Reset_Handler
 .text.Default_Handler
                0x08002734        0x2 CMakeFiles/DSPforClion.elf.dir/Core/Startup/startup_stm32h743vitx.s.obj
                0x08002734                RTC_Alarm_IRQHandler
                0x08002734                EXTI2_IRQHandler
                0x08002734                TIM8_CC_IRQHandler
                0x08002734                HRTIM1_Master_IRQHandler
                0x08002734                UART8_IRQHandler
                0x08002734                SPI4_IRQHandler
                0x08002734                TIM1_CC_IRQHandler
                0x08002734                BDMA_Channel6_IRQHandler
                0x08002734                DMA2_Stream5_IRQHandler
                0x08002734                HRTIM1_FLT_IRQHandler
                0x08002734                JPEG_IRQHandler
                0x08002734                DMA1_Stream5_IRQHandler
                0x08002734                BDMA_Channel1_IRQHandler
                0x08002734                HRTIM1_TIMD_IRQHandler
                0x08002734                TAMP_STAMP_IRQHandler
                0x08002734                EXTI3_IRQHandler
                0x08002734                LPTIM4_IRQHandler
                0x08002734                TIM8_TRG_COM_TIM14_IRQHandler
                0x08002734                LPTIM2_IRQHandler
                0x08002734                DFSDM1_FLT1_IRQHandler
                0x08002734                DMAMUX2_OVR_IRQHandler
                0x08002734                TIM8_UP_TIM13_IRQHandler
                0x08002734                I2C3_ER_IRQHandler
                0x08002734                DFSDM1_FLT2_IRQHandler
                0x08002734                MDMA_IRQHandler
                0x08002734                LPTIM3_IRQHandler
                0x08002734                HSEM1_IRQHandler
                0x08002734                EXTI0_IRQHandler
                0x08002734                I2C2_EV_IRQHandler
                0x08002734                FPU_IRQHandler
                0x08002734                OTG_HS_WKUP_IRQHandler
                0x08002734                FDCAN1_IT1_IRQHandler
                0x08002734                LTDC_ER_IRQHandler
                0x08002734                DMA2_Stream2_IRQHandler
                0x08002734                HRTIM1_TIME_IRQHandler
                0x08002734                SPI1_IRQHandler
                0x08002734                TIM6_DAC_IRQHandler
                0x08002734                DCMI_IRQHandler
                0x08002734                HRTIM1_TIMC_IRQHandler
                0x08002734                DMA2_Stream3_IRQHandler
                0x08002734                SAI2_IRQHandler
                0x08002734                DFSDM1_FLT3_IRQHandler
                0x08002734                USART6_IRQHandler
                0x08002734                TIM17_IRQHandler
                0x08002734                USART3_IRQHandler
                0x08002734                BDMA_Channel7_IRQHandler
                0x08002734                LPTIM5_IRQHandler
                0x08002734                UART5_IRQHandler
                0x08002734                ADC3_IRQHandler
                0x08002734                DMA2_Stream0_IRQHandler
                0x08002734                TIM4_IRQHandler
                0x08002734                BDMA_Channel2_IRQHandler
                0x08002734                QUADSPI_IRQHandler
                0x08002734                I2C1_EV_IRQHandler
                0x08002734                DMA1_Stream6_IRQHandler
                0x08002734                DMAMUX1_OVR_IRQHandler
                0x08002734                TIM16_IRQHandler
                0x08002734                UART4_IRQHandler
                0x08002734                BDMA_Channel5_IRQHandler
                0x08002734                RCC_IRQHandler
                0x08002734                TIM8_BRK_TIM12_IRQHandler
                0x08002734                TIM1_TRG_COM_IRQHandler
                0x08002734                Default_Handler
                0x08002734                ECC_IRQHandler
                0x08002734                CEC_IRQHandler
                0x08002734                EXTI15_10_IRQHandler
                0x08002734                BDMA_Channel0_IRQHandler
                0x08002734                ADC_IRQHandler
                0x08002734                DMA1_Stream7_IRQHandler
                0x08002734                HRTIM1_TIMA_IRQHandler
                0x08002734                SPI5_IRQHandler
                0x08002734                TIM7_IRQHandler
                0x08002734                SDMMC1_IRQHandler
                0x08002734                TIM5_IRQHandler
                0x08002734                DMA2_Stream7_IRQHandler
                0x08002734                TIM15_IRQHandler
                0x08002734                PVD_AVD_IRQHandler
                0x08002734                I2C3_EV_IRQHandler
                0x08002734                EXTI9_5_IRQHandler
                0x08002734                RTC_WKUP_IRQHandler
                0x08002734                LTDC_IRQHandler
                0x08002734                SAI3_IRQHandler
                0x08002734                ETH_WKUP_IRQHandler
                0x08002734                SPDIF_RX_IRQHandler
                0x08002734                SPI2_IRQHandler
                0x08002734                OTG_HS_EP1_IN_IRQHandler
                0x08002734                CRS_IRQHandler
                0x08002734                EXTI4_IRQHandler
                0x08002734                RNG_IRQHandler
                0x08002734                HRTIM1_TIMB_IRQHandler
                0x08002734                FDCAN2_IT1_IRQHandler
                0x08002734                ETH_IRQHandler
                0x08002734                TIM1_UP_IRQHandler
                0x08002734                BDMA_Channel4_IRQHandler
                0x08002734                OTG_HS_EP1_OUT_IRQHandler
                0x08002734                WWDG_IRQHandler
                0x08002734                SPI6_IRQHandler
                0x08002734                MDIOS_IRQHandler
                0x08002734                I2C4_EV_IRQHandler
                0x08002734                FDCAN2_IT0_IRQHandler
                0x08002734                LPUART1_IRQHandler
                0x08002734                FDCAN1_IT0_IRQHandler
                0x08002734                TIM2_IRQHandler
                0x08002734                OTG_FS_WKUP_IRQHandler
                0x08002734                OTG_HS_IRQHandler
                0x08002734                DMA2D_IRQHandler
                0x08002734                TIM1_BRK_IRQHandler
                0x08002734                EXTI1_IRQHandler
                0x08002734                SDMMC2_IRQHandler
                0x08002734                OTG_FS_EP1_OUT_IRQHandler
                0x08002734                BDMA_Channel3_IRQHandler
                0x08002734                UART7_IRQHandler
                0x08002734                MDIOS_WKUP_IRQHandler
                0x08002734                USART2_IRQHandler
                0x08002734                DFSDM1_FLT0_IRQHandler
                0x08002734                SAI4_IRQHandler
                0x08002734                I2C2_ER_IRQHandler
                0x08002734                DMA2_Stream1_IRQHandler
                0x08002734                FLASH_IRQHandler
                0x08002734                DMA2_Stream4_IRQHandler
                0x08002734                OTG_FS_IRQHandler
                0x08002734                SPI3_IRQHandler
                0x08002734                WAKEUP_PIN_IRQHandler
                0x08002734                DMA1_Stream4_IRQHandler
                0x08002734                OTG_FS_EP1_IN_IRQHandler
                0x08002734                I2C1_ER_IRQHandler
                0x08002734                FMC_IRQHandler
                0x08002734                FDCAN_CAL_IRQHandler
                0x08002734                SWPMI1_IRQHandler
                0x08002734                COMP1_IRQHandler
                0x08002734                LPTIM1_IRQHandler
                0x08002734                I2C4_ER_IRQHandler
                0x08002734                DMA2_Stream6_IRQHandler
                0x08002734                SAI1_IRQHandler
                0x08002734                DMA1_Stream3_IRQHandler
 *fill*         0x08002736        0x2 
 .text.HAL_InitTick
                0x08002738       0x50 CMakeFiles/DSPforClion.elf.dir/Drivers/STM32H7xx_HAL_Driver/Src/stm32h7xx_hal.c.obj
                0x08002738                HAL_InitTick
 .text.HAL_Init
                0x08002788       0x5c CMakeFiles/DSPforClion.elf.dir/Drivers/STM32H7xx_HAL_Driver/Src/stm32h7xx_hal.c.obj
                0x08002788                HAL_Init
 .text.HAL_IncTick
                0x080027e4       0x18 CMakeFiles/DSPforClion.elf.dir/Drivers/STM32H7xx_HAL_Driver/Src/stm32h7xx_hal.c.obj
                0x080027e4                HAL_IncTick
 .text.HAL_GetTick
                0x080027fc        0xc CMakeFiles/DSPforClion.elf.dir/Drivers/STM32H7xx_HAL_Driver/Src/stm32h7xx_hal.c.obj
                0x080027fc                HAL_GetTick
 .text.HAL_Delay
                0x08002808       0x28 CMakeFiles/DSPforClion.elf.dir/Drivers/STM32H7xx_HAL_Driver/Src/stm32h7xx_hal.c.obj
                0x08002808                HAL_Delay
 .text.HAL_GetREVID
                0x08002830        0xc CMakeFiles/DSPforClion.elf.dir/Drivers/STM32H7xx_HAL_Driver/Src/stm32h7xx_hal.c.obj
                0x08002830                HAL_GetREVID
 .text.HAL_ADC_ConvHalfCpltCallback
                0x0800283c        0x2 CMakeFiles/DSPforClion.elf.dir/Drivers/STM32H7xx_HAL_Driver/Src/stm32h7xx_hal_adc.c.obj
                0x0800283c                HAL_ADC_ConvHalfCpltCallback
 .text.ADC_DMAHalfConvCplt
                0x0800283e        0xa CMakeFiles/DSPforClion.elf.dir/Drivers/STM32H7xx_HAL_Driver/Src/stm32h7xx_hal_adc.c.obj
                0x0800283e                ADC_DMAHalfConvCplt
 .text.HAL_ADC_ErrorCallback
                0x08002848        0x2 CMakeFiles/DSPforClion.elf.dir/Drivers/STM32H7xx_HAL_Driver/Src/stm32h7xx_hal_adc.c.obj
                0x08002848                HAL_ADC_ErrorCallback
 .text.ADC_DMAConvCplt
                0x0800284a       0x88 CMakeFiles/DSPforClion.elf.dir/Drivers/STM32H7xx_HAL_Driver/Src/stm32h7xx_hal_adc.c.obj
                0x0800284a                ADC_DMAConvCplt
 .text.ADC_DMAError
                0x080028d2       0x1a CMakeFiles/DSPforClion.elf.dir/Drivers/STM32H7xx_HAL_Driver/Src/stm32h7xx_hal_adc.c.obj
                0x080028d2                ADC_DMAError
 .text.HAL_ADC_ConfigChannel
                0x080028ec      0x4e4 CMakeFiles/DSPforClion.elf.dir/Drivers/STM32H7xx_HAL_Driver/Src/stm32h7xx_hal_adc.c.obj
                0x080028ec                HAL_ADC_ConfigChannel
 .text.ADC_ConversionStop
                0x08002dd0       0xfc CMakeFiles/DSPforClion.elf.dir/Drivers/STM32H7xx_HAL_Driver/Src/stm32h7xx_hal_adc.c.obj
                0x08002dd0                ADC_ConversionStop
 .text.ADC_Enable
                0x08002ecc       0xd4 CMakeFiles/DSPforClion.elf.dir/Drivers/STM32H7xx_HAL_Driver/Src/stm32h7xx_hal_adc.c.obj
                0x08002ecc                ADC_Enable
 .text.HAL_ADC_Start_DMA
                0x08002fa0      0x11c CMakeFiles/DSPforClion.elf.dir/Drivers/STM32H7xx_HAL_Driver/Src/stm32h7xx_hal_adc.c.obj
                0x08002fa0                HAL_ADC_Start_DMA
 .text.ADC_Disable
                0x080030bc       0x94 CMakeFiles/DSPforClion.elf.dir/Drivers/STM32H7xx_HAL_Driver/Src/stm32h7xx_hal_adc.c.obj
                0x080030bc                ADC_Disable
 .text.HAL_ADC_Stop_DMA
                0x08003150       0x84 CMakeFiles/DSPforClion.elf.dir/Drivers/STM32H7xx_HAL_Driver/Src/stm32h7xx_hal_adc.c.obj
                0x08003150                HAL_ADC_Stop_DMA
 .text.ADC_ConfigureBoostMode
                0x080031d4      0x164 CMakeFiles/DSPforClion.elf.dir/Drivers/STM32H7xx_HAL_Driver/Src/stm32h7xx_hal_adc.c.obj
                0x080031d4                ADC_ConfigureBoostMode
 .text.HAL_ADC_Init
                0x08003338      0x264 CMakeFiles/DSPforClion.elf.dir/Drivers/STM32H7xx_HAL_Driver/Src/stm32h7xx_hal_adc.c.obj
                0x08003338                HAL_ADC_Init
 .text.HAL_ADCEx_Calibration_Start
                0x0800359c       0xa8 CMakeFiles/DSPforClion.elf.dir/Drivers/STM32H7xx_HAL_Driver/Src/stm32h7xx_hal_adc_ex.c.obj
                0x0800359c                HAL_ADCEx_Calibration_Start
 .text.HAL_ADCEx_MultiModeConfigChannel
                0x08003644      0x164 CMakeFiles/DSPforClion.elf.dir/Drivers/STM32H7xx_HAL_Driver/Src/stm32h7xx_hal_adc_ex.c.obj
                0x08003644                HAL_ADCEx_MultiModeConfigChannel
 .text.HAL_NVIC_SetPriorityGrouping
                0x080037a8       0x24 CMakeFiles/DSPforClion.elf.dir/Drivers/STM32H7xx_HAL_Driver/Src/stm32h7xx_hal_cortex.c.obj
                0x080037a8                HAL_NVIC_SetPriorityGrouping
 .text.HAL_NVIC_SetPriority
                0x080037cc       0x6c CMakeFiles/DSPforClion.elf.dir/Drivers/STM32H7xx_HAL_Driver/Src/stm32h7xx_hal_cortex.c.obj
                0x080037cc                HAL_NVIC_SetPriority
 .text.HAL_NVIC_EnableIRQ
                0x08003838       0x1c CMakeFiles/DSPforClion.elf.dir/Drivers/STM32H7xx_HAL_Driver/Src/stm32h7xx_hal_cortex.c.obj
                0x08003838                HAL_NVIC_EnableIRQ
 .text.HAL_SYSTICK_Config
                0x08003854       0x28 CMakeFiles/DSPforClion.elf.dir/Drivers/STM32H7xx_HAL_Driver/Src/stm32h7xx_hal_cortex.c.obj
                0x08003854                HAL_SYSTICK_Config
 .text.HAL_MPU_Disable
                0x0800387c       0x1c CMakeFiles/DSPforClion.elf.dir/Drivers/STM32H7xx_HAL_Driver/Src/stm32h7xx_hal_cortex.c.obj
                0x0800387c                HAL_MPU_Disable
 .text.HAL_MPU_Enable
                0x08003898       0x20 CMakeFiles/DSPforClion.elf.dir/Drivers/STM32H7xx_HAL_Driver/Src/stm32h7xx_hal_cortex.c.obj
                0x08003898                HAL_MPU_Enable
 .text.HAL_MPU_ConfigRegion
                0x080038b8       0x58 CMakeFiles/DSPforClion.elf.dir/Drivers/STM32H7xx_HAL_Driver/Src/stm32h7xx_hal_cortex.c.obj
                0x080038b8                HAL_MPU_ConfigRegion
 .text.DMA_SetConfig
                0x08003910      0x1b4 CMakeFiles/DSPforClion.elf.dir/Drivers/STM32H7xx_HAL_Driver/Src/stm32h7xx_hal_dma.c.obj
 .text.DMA_CalcBaseAndBitshift
                0x08003ac4       0xb4 CMakeFiles/DSPforClion.elf.dir/Drivers/STM32H7xx_HAL_Driver/Src/stm32h7xx_hal_dma.c.obj
 .text.DMA_CheckFifoParam
                0x08003b78       0x92 CMakeFiles/DSPforClion.elf.dir/Drivers/STM32H7xx_HAL_Driver/Src/stm32h7xx_hal_dma.c.obj
 *fill*         0x08003c0a        0x2 
 .text.DMA_CalcDMAMUXChannelBaseAndMask
                0x08003c0c       0xb0 CMakeFiles/DSPforClion.elf.dir/Drivers/STM32H7xx_HAL_Driver/Src/stm32h7xx_hal_dma.c.obj
 .text.DMA_CalcDMAMUXRequestGenBaseAndMask
                0x08003cbc       0x7c CMakeFiles/DSPforClion.elf.dir/Drivers/STM32H7xx_HAL_Driver/Src/stm32h7xx_hal_dma.c.obj
 .text.HAL_DMA_Init
                0x08003d38      0x3a4 CMakeFiles/DSPforClion.elf.dir/Drivers/STM32H7xx_HAL_Driver/Src/stm32h7xx_hal_dma.c.obj
                0x08003d38                HAL_DMA_Init
 .text.HAL_DMA_Start_IT
                0x080040dc      0x298 CMakeFiles/DSPforClion.elf.dir/Drivers/STM32H7xx_HAL_Driver/Src/stm32h7xx_hal_dma.c.obj
                0x080040dc                HAL_DMA_Start_IT
 .text.HAL_DMA_Abort
                0x08004374      0x340 CMakeFiles/DSPforClion.elf.dir/Drivers/STM32H7xx_HAL_Driver/Src/stm32h7xx_hal_dma.c.obj
                0x08004374                HAL_DMA_Abort
 .text.HAL_DMA_Abort_IT
                0x080046b4      0x270 CMakeFiles/DSPforClion.elf.dir/Drivers/STM32H7xx_HAL_Driver/Src/stm32h7xx_hal_dma.c.obj
                0x080046b4                HAL_DMA_Abort_IT
 .text.HAL_DMA_IRQHandler
                0x08004924      0x738 CMakeFiles/DSPforClion.elf.dir/Drivers/STM32H7xx_HAL_Driver/Src/stm32h7xx_hal_dma.c.obj
                0x08004924                HAL_DMA_IRQHandler
 .text.HAL_GPIO_Init
                0x0800505c      0x220 CMakeFiles/DSPforClion.elf.dir/Drivers/STM32H7xx_HAL_Driver/Src/stm32h7xx_hal_gpio.c.obj
                0x0800505c                HAL_GPIO_Init
 .text.HAL_GPIO_WritePin
                0x0800527c        0xc CMakeFiles/DSPforClion.elf.dir/Drivers/STM32H7xx_HAL_Driver/Src/stm32h7xx_hal_gpio.c.obj
                0x0800527c                HAL_GPIO_WritePin
 .text.HAL_PWREx_ConfigSupply
                0x08005288       0x54 CMakeFiles/DSPforClion.elf.dir/Drivers/STM32H7xx_HAL_Driver/Src/stm32h7xx_hal_pwr_ex.c.obj
                0x08005288                HAL_PWREx_ConfigSupply
 .text.HAL_RCC_OscConfig
                0x080052dc      0x6b4 CMakeFiles/DSPforClion.elf.dir/Drivers/STM32H7xx_HAL_Driver/Src/stm32h7xx_hal_rcc.c.obj
                0x080052dc                HAL_RCC_OscConfig
 .text.HAL_RCC_GetSysClockFreq
                0x08005990      0x1f4 CMakeFiles/DSPforClion.elf.dir/Drivers/STM32H7xx_HAL_Driver/Src/stm32h7xx_hal_rcc.c.obj
                0x08005990                HAL_RCC_GetSysClockFreq
 .text.HAL_RCC_ClockConfig
                0x08005b84      0x294 CMakeFiles/DSPforClion.elf.dir/Drivers/STM32H7xx_HAL_Driver/Src/stm32h7xx_hal_rcc.c.obj
                0x08005b84                HAL_RCC_ClockConfig
 .text.HAL_RCC_GetHCLKFreq
                0x08005e18       0x44 CMakeFiles/DSPforClion.elf.dir/Drivers/STM32H7xx_HAL_Driver/Src/stm32h7xx_hal_rcc.c.obj
                0x08005e18                HAL_RCC_GetHCLKFreq
 .text.HAL_RCC_GetPCLK1Freq
                0x08005e5c       0x24 CMakeFiles/DSPforClion.elf.dir/Drivers/STM32H7xx_HAL_Driver/Src/stm32h7xx_hal_rcc.c.obj
                0x08005e5c                HAL_RCC_GetPCLK1Freq
 .text.HAL_RCC_GetPCLK2Freq
                0x08005e80       0x24 CMakeFiles/DSPforClion.elf.dir/Drivers/STM32H7xx_HAL_Driver/Src/stm32h7xx_hal_rcc.c.obj
                0x08005e80                HAL_RCC_GetPCLK2Freq
 .text.RCCEx_PLL2_Config
                0x08005ea4      0x10c CMakeFiles/DSPforClion.elf.dir/Drivers/STM32H7xx_HAL_Driver/Src/stm32h7xx_hal_rcc_ex.c.obj
 .text.RCCEx_PLL3_Config
                0x08005fb0      0x10c CMakeFiles/DSPforClion.elf.dir/Drivers/STM32H7xx_HAL_Driver/Src/stm32h7xx_hal_rcc_ex.c.obj
 .text.HAL_RCCEx_PeriphCLKConfig
                0x080060bc      0xa8c CMakeFiles/DSPforClion.elf.dir/Drivers/STM32H7xx_HAL_Driver/Src/stm32h7xx_hal_rcc_ex.c.obj
                0x080060bc                HAL_RCCEx_PeriphCLKConfig
 .text.HAL_RCCEx_GetD3PCLK1Freq
                0x08006b48       0x24 CMakeFiles/DSPforClion.elf.dir/Drivers/STM32H7xx_HAL_Driver/Src/stm32h7xx_hal_rcc_ex.c.obj
                0x08006b48                HAL_RCCEx_GetD3PCLK1Freq
 .text.HAL_RCCEx_GetPLL2ClockFreq
                0x08006b6c      0x1f8 CMakeFiles/DSPforClion.elf.dir/Drivers/STM32H7xx_HAL_Driver/Src/stm32h7xx_hal_rcc_ex.c.obj
                0x08006b6c                HAL_RCCEx_GetPLL2ClockFreq
 .text.HAL_RCCEx_GetPLL3ClockFreq
                0x08006d64      0x1f8 CMakeFiles/DSPforClion.elf.dir/Drivers/STM32H7xx_HAL_Driver/Src/stm32h7xx_hal_rcc_ex.c.obj
                0x08006d64                HAL_RCCEx_GetPLL3ClockFreq
 .text.HAL_RCCEx_GetPLL1ClockFreq
                0x08006f5c      0x1f8 CMakeFiles/DSPforClion.elf.dir/Drivers/STM32H7xx_HAL_Driver/Src/stm32h7xx_hal_rcc_ex.c.obj
                0x08006f5c                HAL_RCCEx_GetPLL1ClockFreq
 .text.HAL_RCCEx_GetPeriphCLKFreq
                0x08007154      0x6d0 CMakeFiles/DSPforClion.elf.dir/Drivers/STM32H7xx_HAL_Driver/Src/stm32h7xx_hal_rcc_ex.c.obj
                0x08007154                HAL_RCCEx_GetPeriphCLKFreq
 .text.SPI_CloseTransfer
                0x08007824       0xd0 CMakeFiles/DSPforClion.elf.dir/Drivers/STM32H7xx_HAL_Driver/Src/stm32h7xx_hal_spi.c.obj
 .text.SPI_GetPacketSize
                0x080078f4       0x10 CMakeFiles/DSPforClion.elf.dir/Drivers/STM32H7xx_HAL_Driver/Src/stm32h7xx_hal_spi.c.obj
 .text.SPI_WaitOnFlagUntilTimeout
                0x08007904       0x46 CMakeFiles/DSPforClion.elf.dir/Drivers/STM32H7xx_HAL_Driver/Src/stm32h7xx_hal_spi.c.obj
 *fill*         0x0800794a        0x2 
 .text.HAL_SPI_Init
                0x0800794c      0x190 CMakeFiles/DSPforClion.elf.dir/Drivers/STM32H7xx_HAL_Driver/Src/stm32h7xx_hal_spi.c.obj
                0x0800794c                HAL_SPI_Init
 .text.HAL_SPI_Transmit
                0x08007adc      0x2c4 CMakeFiles/DSPforClion.elf.dir/Drivers/STM32H7xx_HAL_Driver/Src/stm32h7xx_hal_spi.c.obj
                0x08007adc                HAL_SPI_Transmit
 .text.TIM_OC1_SetConfig
                0x08007da0       0xa8 CMakeFiles/DSPforClion.elf.dir/Drivers/STM32H7xx_HAL_Driver/Src/stm32h7xx_hal_tim.c.obj
 .text.TIM_OC3_SetConfig
                0x08007e48       0x94 CMakeFiles/DSPforClion.elf.dir/Drivers/STM32H7xx_HAL_Driver/Src/stm32h7xx_hal_tim.c.obj
 .text.TIM_OC4_SetConfig
                0x08007edc       0x74 CMakeFiles/DSPforClion.elf.dir/Drivers/STM32H7xx_HAL_Driver/Src/stm32h7xx_hal_tim.c.obj
 .text.TIM_OC5_SetConfig
                0x08007f50       0x74 CMakeFiles/DSPforClion.elf.dir/Drivers/STM32H7xx_HAL_Driver/Src/stm32h7xx_hal_tim.c.obj
 .text.TIM_OC6_SetConfig
                0x08007fc4       0x74 CMakeFiles/DSPforClion.elf.dir/Drivers/STM32H7xx_HAL_Driver/Src/stm32h7xx_hal_tim.c.obj
 .text.TIM_TI1_ConfigInputStage
                0x08008038       0x26 CMakeFiles/DSPforClion.elf.dir/Drivers/STM32H7xx_HAL_Driver/Src/stm32h7xx_hal_tim.c.obj
 .text.TIM_TI2_ConfigInputStage
                0x0800805e       0x28 CMakeFiles/DSPforClion.elf.dir/Drivers/STM32H7xx_HAL_Driver/Src/stm32h7xx_hal_tim.c.obj
 *fill*         0x08008086        0x2 
 .text.TIM_ITRx_SetConfig
                0x08008088       0x14 CMakeFiles/DSPforClion.elf.dir/Drivers/STM32H7xx_HAL_Driver/Src/stm32h7xx_hal_tim.c.obj
 .text.HAL_TIM_Base_Start
                0x0800809c       0x88 CMakeFiles/DSPforClion.elf.dir/Drivers/STM32H7xx_HAL_Driver/Src/stm32h7xx_hal_tim.c.obj
                0x0800809c                HAL_TIM_Base_Start
 .text.HAL_TIM_Base_Stop
                0x08008124       0x28 CMakeFiles/DSPforClion.elf.dir/Drivers/STM32H7xx_HAL_Driver/Src/stm32h7xx_hal_tim.c.obj
                0x08008124                HAL_TIM_Base_Stop
 .text.HAL_TIM_Base_Start_IT
                0x0800814c       0x90 CMakeFiles/DSPforClion.elf.dir/Drivers/STM32H7xx_HAL_Driver/Src/stm32h7xx_hal_tim.c.obj
                0x0800814c                HAL_TIM_Base_Start_IT
 .text.HAL_TIM_OC_MspInit
                0x080081dc        0x2 CMakeFiles/DSPforClion.elf.dir/Drivers/STM32H7xx_HAL_Driver/Src/stm32h7xx_hal_tim.c.obj
                0x080081dc                HAL_TIM_OC_MspInit
 .text.HAL_TIM_OC_DelayElapsedCallback
                0x080081de        0x2 CMakeFiles/DSPforClion.elf.dir/Drivers/STM32H7xx_HAL_Driver/Src/stm32h7xx_hal_tim.c.obj
                0x080081de                HAL_TIM_OC_DelayElapsedCallback
 .text.HAL_TIM_IC_CaptureCallback
                0x080081e0        0x2 CMakeFiles/DSPforClion.elf.dir/Drivers/STM32H7xx_HAL_Driver/Src/stm32h7xx_hal_tim.c.obj
                0x080081e0                HAL_TIM_IC_CaptureCallback
 .text.HAL_TIM_PWM_PulseFinishedCallback
                0x080081e2        0x2 CMakeFiles/DSPforClion.elf.dir/Drivers/STM32H7xx_HAL_Driver/Src/stm32h7xx_hal_tim.c.obj
                0x080081e2                HAL_TIM_PWM_PulseFinishedCallback
 .text.HAL_TIM_TriggerCallback
                0x080081e4        0x2 CMakeFiles/DSPforClion.elf.dir/Drivers/STM32H7xx_HAL_Driver/Src/stm32h7xx_hal_tim.c.obj
                0x080081e4                HAL_TIM_TriggerCallback
 .text.HAL_TIM_IRQHandler
                0x080081e6      0x17a CMakeFiles/DSPforClion.elf.dir/Drivers/STM32H7xx_HAL_Driver/Src/stm32h7xx_hal_tim.c.obj
                0x080081e6                HAL_TIM_IRQHandler
 .text.TIM_Base_SetConfig
                0x08008360      0x104 CMakeFiles/DSPforClion.elf.dir/Drivers/STM32H7xx_HAL_Driver/Src/stm32h7xx_hal_tim.c.obj
                0x08008360                TIM_Base_SetConfig
 .text.HAL_TIM_Base_Init
                0x08008464       0x60 CMakeFiles/DSPforClion.elf.dir/Drivers/STM32H7xx_HAL_Driver/Src/stm32h7xx_hal_tim.c.obj
                0x08008464                HAL_TIM_Base_Init
 .text.HAL_TIM_OC_Init
                0x080084c4       0x60 CMakeFiles/DSPforClion.elf.dir/Drivers/STM32H7xx_HAL_Driver/Src/stm32h7xx_hal_tim.c.obj
                0x080084c4                HAL_TIM_OC_Init
 .text.TIM_OC2_SetConfig
                0x08008524       0x94 CMakeFiles/DSPforClion.elf.dir/Drivers/STM32H7xx_HAL_Driver/Src/stm32h7xx_hal_tim.c.obj
                0x08008524                TIM_OC2_SetConfig
 .text.HAL_TIM_OC_ConfigChannel
                0x080085b8       0x7a CMakeFiles/DSPforClion.elf.dir/Drivers/STM32H7xx_HAL_Driver/Src/stm32h7xx_hal_tim.c.obj
                0x080085b8                HAL_TIM_OC_ConfigChannel
 .text.TIM_ETR_SetConfig
                0x08008632       0x1a CMakeFiles/DSPforClion.elf.dir/Drivers/STM32H7xx_HAL_Driver/Src/stm32h7xx_hal_tim.c.obj
                0x08008632                TIM_ETR_SetConfig
 .text.HAL_TIM_ConfigClockSource
                0x0800864c      0x138 CMakeFiles/DSPforClion.elf.dir/Drivers/STM32H7xx_HAL_Driver/Src/stm32h7xx_hal_tim.c.obj
                0x0800864c                HAL_TIM_ConfigClockSource
 .text.HAL_TIMEx_MasterConfigSynchronization
                0x08008784       0xa0 CMakeFiles/DSPforClion.elf.dir/Drivers/STM32H7xx_HAL_Driver/Src/stm32h7xx_hal_tim_ex.c.obj
                0x08008784                HAL_TIMEx_MasterConfigSynchronization
 .text.HAL_TIMEx_CommutCallback
                0x08008824        0x2 CMakeFiles/DSPforClion.elf.dir/Drivers/STM32H7xx_HAL_Driver/Src/stm32h7xx_hal_tim_ex.c.obj
                0x08008824                HAL_TIMEx_CommutCallback
 .text.HAL_TIMEx_BreakCallback
                0x08008826        0x2 CMakeFiles/DSPforClion.elf.dir/Drivers/STM32H7xx_HAL_Driver/Src/stm32h7xx_hal_tim_ex.c.obj
                0x08008826                HAL_TIMEx_BreakCallback
 .text.HAL_TIMEx_Break2Callback
                0x08008828        0x2 CMakeFiles/DSPforClion.elf.dir/Drivers/STM32H7xx_HAL_Driver/Src/stm32h7xx_hal_tim_ex.c.obj
                0x08008828                HAL_TIMEx_Break2Callback
 .text.UART_EndTxTransfer
                0x0800882a       0x32 CMakeFiles/DSPforClion.elf.dir/Drivers/STM32H7xx_HAL_Driver/Src/stm32h7xx_hal_uart.c.obj
 .text.UART_EndRxTransfer
                0x0800885c       0x58 CMakeFiles/DSPforClion.elf.dir/Drivers/STM32H7xx_HAL_Driver/Src/stm32h7xx_hal_uart.c.obj
 .text.HAL_UART_Transmit_DMA
                0x080088b4       0x9c CMakeFiles/DSPforClion.elf.dir/Drivers/STM32H7xx_HAL_Driver/Src/stm32h7xx_hal_uart.c.obj
                0x080088b4                HAL_UART_Transmit_DMA
 .text.HAL_UART_TxCpltCallback
                0x08008950        0x2 CMakeFiles/DSPforClion.elf.dir/Drivers/STM32H7xx_HAL_Driver/Src/stm32h7xx_hal_uart.c.obj
                0x08008950                HAL_UART_TxCpltCallback
 .text.UART_DMATransmitCplt
                0x08008952       0x46 CMakeFiles/DSPforClion.elf.dir/Drivers/STM32H7xx_HAL_Driver/Src/stm32h7xx_hal_uart.c.obj
 .text.UART_EndTransmit_IT
                0x08008998       0x24 CMakeFiles/DSPforClion.elf.dir/Drivers/STM32H7xx_HAL_Driver/Src/stm32h7xx_hal_uart.c.obj
 .text.HAL_UART_TxHalfCpltCallback
                0x080089bc        0x2 CMakeFiles/DSPforClion.elf.dir/Drivers/STM32H7xx_HAL_Driver/Src/stm32h7xx_hal_uart.c.obj
                0x080089bc                HAL_UART_TxHalfCpltCallback
 .text.UART_DMATxHalfCplt
                0x080089be        0xa CMakeFiles/DSPforClion.elf.dir/Drivers/STM32H7xx_HAL_Driver/Src/stm32h7xx_hal_uart.c.obj
 .text.HAL_UART_ErrorCallback
                0x080089c8        0x2 CMakeFiles/DSPforClion.elf.dir/Drivers/STM32H7xx_HAL_Driver/Src/stm32h7xx_hal_uart.c.obj
                0x080089c8                HAL_UART_ErrorCallback
 .text.UART_DMAError
                0x080089ca       0x58 CMakeFiles/DSPforClion.elf.dir/Drivers/STM32H7xx_HAL_Driver/Src/stm32h7xx_hal_uart.c.obj
 .text.UART_DMAAbortOnError
                0x08008a22       0x10 CMakeFiles/DSPforClion.elf.dir/Drivers/STM32H7xx_HAL_Driver/Src/stm32h7xx_hal_uart.c.obj
 .text.HAL_UARTEx_RxEventCallback
                0x08008a32        0x2 CMakeFiles/DSPforClion.elf.dir/Drivers/STM32H7xx_HAL_Driver/Src/stm32h7xx_hal_uart.c.obj
                0x08008a32                HAL_UARTEx_RxEventCallback
 .text.HAL_UART_IRQHandler
                0x08008a34      0x3d4 CMakeFiles/DSPforClion.elf.dir/Drivers/STM32H7xx_HAL_Driver/Src/stm32h7xx_hal_uart.c.obj
                0x08008a34                HAL_UART_IRQHandler
 .text.UART_SetConfig
                0x08008e08      0x5f4 CMakeFiles/DSPforClion.elf.dir/Drivers/STM32H7xx_HAL_Driver/Src/stm32h7xx_hal_uart.c.obj
                0x08008e08                UART_SetConfig
 .text.UART_AdvFeatureConfig
                0x080093fc       0xca CMakeFiles/DSPforClion.elf.dir/Drivers/STM32H7xx_HAL_Driver/Src/stm32h7xx_hal_uart.c.obj
                0x080093fc                UART_AdvFeatureConfig
 .text.UART_WaitOnFlagUntilTimeout
                0x080094c6       0xaa CMakeFiles/DSPforClion.elf.dir/Drivers/STM32H7xx_HAL_Driver/Src/stm32h7xx_hal_uart.c.obj
                0x080094c6                UART_WaitOnFlagUntilTimeout
 .text.UART_CheckIdleState
                0x08009570       0xca CMakeFiles/DSPforClion.elf.dir/Drivers/STM32H7xx_HAL_Driver/Src/stm32h7xx_hal_uart.c.obj
                0x08009570                UART_CheckIdleState
 .text.HAL_UART_Init
                0x0800963a       0x66 CMakeFiles/DSPforClion.elf.dir/Drivers/STM32H7xx_HAL_Driver/Src/stm32h7xx_hal_uart.c.obj
                0x0800963a                HAL_UART_Init
 .text.UARTEx_SetNbDataToProcess
                0x080096a0       0x4c CMakeFiles/DSPforClion.elf.dir/Drivers/STM32H7xx_HAL_Driver/Src/stm32h7xx_hal_uart_ex.c.obj
 .text.HAL_UARTEx_WakeupCallback
                0x080096ec        0x2 CMakeFiles/DSPforClion.elf.dir/Drivers/STM32H7xx_HAL_Driver/Src/stm32h7xx_hal_uart_ex.c.obj
                0x080096ec                HAL_UARTEx_WakeupCallback
 .text.HAL_UARTEx_RxFifoFullCallback
                0x080096ee        0x2 CMakeFiles/DSPforClion.elf.dir/Drivers/STM32H7xx_HAL_Driver/Src/stm32h7xx_hal_uart_ex.c.obj
                0x080096ee                HAL_UARTEx_RxFifoFullCallback
 .text.HAL_UARTEx_TxFifoEmptyCallback
                0x080096f0        0x2 CMakeFiles/DSPforClion.elf.dir/Drivers/STM32H7xx_HAL_Driver/Src/stm32h7xx_hal_uart_ex.c.obj
                0x080096f0                HAL_UARTEx_TxFifoEmptyCallback
 .text.HAL_UARTEx_DisableFifoMode
                0x080096f2       0x3e CMakeFiles/DSPforClion.elf.dir/Drivers/STM32H7xx_HAL_Driver/Src/stm32h7xx_hal_uart_ex.c.obj
                0x080096f2                HAL_UARTEx_DisableFifoMode
 .text.HAL_UARTEx_SetTxFifoThreshold
                0x08009730       0x4a CMakeFiles/DSPforClion.elf.dir/Drivers/STM32H7xx_HAL_Driver/Src/stm32h7xx_hal_uart_ex.c.obj
                0x08009730                HAL_UARTEx_SetTxFifoThreshold
 .text.HAL_UARTEx_SetRxFifoThreshold
                0x0800977a       0x4a CMakeFiles/DSPforClion.elf.dir/Drivers/STM32H7xx_HAL_Driver/Src/stm32h7xx_hal_uart_ex.c.obj
                0x0800977a                HAL_UARTEx_SetRxFifoThreshold
 .text.arm_rms_f32
                0x080097c4       0xd0 C:\Users\20614\Desktop\STM32Project\DSPforClion\libarm_cortexM7lfsp_math.a(arm_rms_f32.o)
                0x080097c4                arm_rms_f32
 .text.arm_max_f32
                0x08009894       0xd0 C:\Users\20614\Desktop\STM32Project\DSPforClion\libarm_cortexM7lfsp_math.a(arm_max_f32.o)
                0x08009894                arm_max_f32
 .text.arm_cfft_radix4_init_f32
                0x08009964       0xbc C:\Users\20614\Desktop\STM32Project\DSPforClion\libarm_cortexM7lfsp_math.a(arm_cfft_radix4_init_f32.o)
                0x08009964                arm_cfft_radix4_init_f32
 .text.arm_radix4_butterfly_f32
                0x08009a20      0x34c C:\Users\20614\Desktop\STM32Project\DSPforClion\libarm_cortexM7lfsp_math.a(arm_cfft_radix4_f32.o)
                0x08009a20                arm_radix4_butterfly_f32
 .text.arm_radix4_butterfly_inverse_f32
                0x08009d6c      0x378 C:\Users\20614\Desktop\STM32Project\DSPforClion\libarm_cortexM7lfsp_math.a(arm_cfft_radix4_f32.o)
                0x08009d6c                arm_radix4_butterfly_inverse_f32
 .text.arm_cfft_radix4_f32
                0x0800a0e4       0x40 C:\Users\20614\Desktop\STM32Project\DSPforClion\libarm_cortexM7lfsp_math.a(arm_cfft_radix4_f32.o)
                0x0800a0e4                arm_cfft_radix4_f32
 .text.arm_bitreversal_f32
                0x0800a124       0xe0 C:\Users\20614\Desktop\STM32Project\DSPforClion\libarm_cortexM7lfsp_math.a(arm_bitreversal.o)
                0x0800a124                arm_bitreversal_f32
 .text.arm_cmplx_mag_f32
                0x0800a204      0x248 C:\Users\20614\Desktop\STM32Project\DSPforClion\libarm_cortexM7lfsp_math.a(arm_cmplx_mag_f32.o)
                0x0800a204                arm_cmplx_mag_f32
 .text.calloc   0x0800a44c       0x18 c:/programdata/gcc-arm-none-eabi-10.3-2021.10/bin/../lib/gcc/arm-none-eabi/10.3.1/../../../../arm-none-eabi/lib/thumb/v7e-m+fp/hard\libg.a(lib_a-calloc.o)
                0x0800a44c                calloc
 .text._calloc_r
                0x0800a464       0x78 c:/programdata/gcc-arm-none-eabi-10.3-2021.10/bin/../lib/gcc/arm-none-eabi/10.3.1/../../../../arm-none-eabi/lib/thumb/v7e-m+fp/hard\libg.a(lib_a-callocr.o)
                0x0800a464                _calloc_r
 .text.__errno  0x0800a4dc        0xc c:/programdata/gcc-arm-none-eabi-10.3-2021.10/bin/../lib/gcc/arm-none-eabi/10.3.1/../../../../arm-none-eabi/lib/thumb/v7e-m+fp/hard\libg.a(lib_a-errno.o)
                0x0800a4dc                __errno
 .text.__libc_init_array
                0x0800a4e8       0x48 c:/programdata/gcc-arm-none-eabi-10.3-2021.10/bin/../lib/gcc/arm-none-eabi/10.3.1/../../../../arm-none-eabi/lib/thumb/v7e-m+fp/hard\libg.a(lib_a-init.o)
                0x0800a4e8                __libc_init_array
 .text.malloc   0x0800a530       0x10 c:/programdata/gcc-arm-none-eabi-10.3-2021.10/bin/../lib/gcc/arm-none-eabi/10.3.1/../../../../arm-none-eabi/lib/thumb/v7e-m+fp/hard\libg.a(lib_a-malloc.o)
                0x0800a530                malloc
 .text.free     0x0800a540       0x10 c:/programdata/gcc-arm-none-eabi-10.3-2021.10/bin/../lib/gcc/arm-none-eabi/10.3.1/../../../../arm-none-eabi/lib/thumb/v7e-m+fp/hard\libg.a(lib_a-malloc.o)
                0x0800a540                free
 .text._malloc_r
                0x0800a550      0x560 c:/programdata/gcc-arm-none-eabi-10.3-2021.10/bin/../lib/gcc/arm-none-eabi/10.3.1/../../../../arm-none-eabi/lib/thumb/v7e-m+fp/hard\libg.a(lib_a-mallocr.o)
                0x0800a550                _malloc_r
 .text.memset   0x0800aab0       0xa4 c:/programdata/gcc-arm-none-eabi-10.3-2021.10/bin/../lib/gcc/arm-none-eabi/10.3.1/../../../../arm-none-eabi/lib/thumb/v7e-m+fp/hard\libg.a(lib_a-memset.o)
                0x0800aab0                memset
 .text.__malloc_lock
                0x0800ab54        0xc c:/programdata/gcc-arm-none-eabi-10.3-2021.10/bin/../lib/gcc/arm-none-eabi/10.3.1/../../../../arm-none-eabi/lib/thumb/v7e-m+fp/hard\libg.a(lib_a-mlock.o)
                0x0800ab54                __malloc_lock
 .text.__malloc_unlock
                0x0800ab60        0xc c:/programdata/gcc-arm-none-eabi-10.3-2021.10/bin/../lib/gcc/arm-none-eabi/10.3.1/../../../../arm-none-eabi/lib/thumb/v7e-m+fp/hard\libg.a(lib_a-mlock.o)
                0x0800ab60                __malloc_unlock
 .text._sbrk_r  0x0800ab6c       0x24 c:/programdata/gcc-arm-none-eabi-10.3-2021.10/bin/../lib/gcc/arm-none-eabi/10.3.1/../../../../arm-none-eabi/lib/thumb/v7e-m+fp/hard\libg.a(lib_a-sbrkr.o)
                0x0800ab6c                _sbrk_r
 .text.sprintf  0x0800ab90       0x40 c:/programdata/gcc-arm-none-eabi-10.3-2021.10/bin/../lib/gcc/arm-none-eabi/10.3.1/../../../../arm-none-eabi/lib/thumb/v7e-m+fp/hard\libg.a(lib_a-sprintf.o)
                0x0800ab90                sprintf
 .text._svfprintf_r
                0x0800abd0     0x1acc c:/programdata/gcc-arm-none-eabi-10.3-2021.10/bin/../lib/gcc/arm-none-eabi/10.3.1/../../../../arm-none-eabi/lib/thumb/v7e-m+fp/hard\libg.a(lib_a-svfprintf.o)
                0x0800abd0                _svfprintf_r
 .text.startup.register_fini
                0x0800c69c       0x14 c:/programdata/gcc-arm-none-eabi-10.3-2021.10/bin/../lib/gcc/arm-none-eabi/10.3.1/../../../../arm-none-eabi/lib/thumb/v7e-m+fp/hard\libg.a(lib_a-__call_atexit.o)
 .text.atexit   0x0800c6b0        0xc c:/programdata/gcc-arm-none-eabi-10.3-2021.10/bin/../lib/gcc/arm-none-eabi/10.3.1/../../../../arm-none-eabi/lib/thumb/v7e-m+fp/hard\libg.a(lib_a-atexit.o)
                0x0800c6b0                atexit
 .text.quorem   0x0800c6bc      0x128 c:/programdata/gcc-arm-none-eabi-10.3-2021.10/bin/../lib/gcc/arm-none-eabi/10.3.1/../../../../arm-none-eabi/lib/thumb/v7e-m+fp/hard\libg.a(lib_a-dtoa.o)
 *fill*         0x0800c7e4        0x4 
 .text._dtoa_r  0x0800c7e8      0xf3c c:/programdata/gcc-arm-none-eabi-10.3-2021.10/bin/../lib/gcc/arm-none-eabi/10.3.1/../../../../arm-none-eabi/lib/thumb/v7e-m+fp/hard\libg.a(lib_a-dtoa.o)
                0x0800c7e8                _dtoa_r
 .text.__libc_fini_array
                0x0800d724       0x2c c:/programdata/gcc-arm-none-eabi-10.3-2021.10/bin/../lib/gcc/arm-none-eabi/10.3.1/../../../../arm-none-eabi/lib/thumb/v7e-m+fp/hard\libg.a(lib_a-fini.o)
                0x0800d724                __libc_fini_array
 .text._malloc_trim_r
                0x0800d750       0xa0 c:/programdata/gcc-arm-none-eabi-10.3-2021.10/bin/../lib/gcc/arm-none-eabi/10.3.1/../../../../arm-none-eabi/lib/thumb/v7e-m+fp/hard\libg.a(lib_a-freer.o)
                0x0800d750                _malloc_trim_r
 .text._free_r  0x0800d7f0      0x20c c:/programdata/gcc-arm-none-eabi-10.3-2021.10/bin/../lib/gcc/arm-none-eabi/10.3.1/../../../../arm-none-eabi/lib/thumb/v7e-m+fp/hard\libg.a(lib_a-freer.o)
                0x0800d7f0                _free_r
 .text._localeconv_r
                0x0800d9fc        0x8 c:/programdata/gcc-arm-none-eabi-10.3-2021.10/bin/../lib/gcc/arm-none-eabi/10.3.1/../../../../arm-none-eabi/lib/thumb/v7e-m+fp/hard\libg.a(lib_a-localeconv.o)
                0x0800d9fc                _localeconv_r
 .text.__retarget_lock_init_recursive
                0x0800da04        0x4 c:/programdata/gcc-arm-none-eabi-10.3-2021.10/bin/../lib/gcc/arm-none-eabi/10.3.1/../../../../arm-none-eabi/lib/thumb/v7e-m+fp/hard\libg.a(lib_a-lock.o)
                0x0800da04                __retarget_lock_init_recursive
 .text.__retarget_lock_close_recursive
                0x0800da08        0x4 c:/programdata/gcc-arm-none-eabi-10.3-2021.10/bin/../lib/gcc/arm-none-eabi/10.3.1/../../../../arm-none-eabi/lib/thumb/v7e-m+fp/hard\libg.a(lib_a-lock.o)
                0x0800da08                __retarget_lock_close_recursive
 .text.__retarget_lock_acquire_recursive
                0x0800da0c        0x4 c:/programdata/gcc-arm-none-eabi-10.3-2021.10/bin/../lib/gcc/arm-none-eabi/10.3.1/../../../../arm-none-eabi/lib/thumb/v7e-m+fp/hard\libg.a(lib_a-lock.o)
                0x0800da0c                __retarget_lock_acquire_recursive
 .text.__retarget_lock_release_recursive
                0x0800da10        0x4 c:/programdata/gcc-arm-none-eabi-10.3-2021.10/bin/../lib/gcc/arm-none-eabi/10.3.1/../../../../arm-none-eabi/lib/thumb/v7e-m+fp/hard\libg.a(lib_a-lock.o)
                0x0800da10                __retarget_lock_release_recursive
 .text._Balloc  0x0800da14       0x4c c:/programdata/gcc-arm-none-eabi-10.3-2021.10/bin/../lib/gcc/arm-none-eabi/10.3.1/../../../../arm-none-eabi/lib/thumb/v7e-m+fp/hard\libg.a(lib_a-mprec.o)
                0x0800da14                _Balloc
 .text._Bfree   0x0800da60       0x14 c:/programdata/gcc-arm-none-eabi-10.3-2021.10/bin/../lib/gcc/arm-none-eabi/10.3.1/../../../../arm-none-eabi/lib/thumb/v7e-m+fp/hard\libg.a(lib_a-mprec.o)
                0x0800da60                _Bfree
 .text.__multadd
                0x0800da74       0xa8 c:/programdata/gcc-arm-none-eabi-10.3-2021.10/bin/../lib/gcc/arm-none-eabi/10.3.1/../../../../arm-none-eabi/lib/thumb/v7e-m+fp/hard\libg.a(lib_a-mprec.o)
                0x0800da74                __multadd
 .text.__hi0bits
                0x0800db1c       0x40 c:/programdata/gcc-arm-none-eabi-10.3-2021.10/bin/../lib/gcc/arm-none-eabi/10.3.1/../../../../arm-none-eabi/lib/thumb/v7e-m+fp/hard\libg.a(lib_a-mprec.o)
                0x0800db1c                __hi0bits
 .text.__lo0bits
                0x0800db5c       0x60 c:/programdata/gcc-arm-none-eabi-10.3-2021.10/bin/../lib/gcc/arm-none-eabi/10.3.1/../../../../arm-none-eabi/lib/thumb/v7e-m+fp/hard\libg.a(lib_a-mprec.o)
                0x0800db5c                __lo0bits
 .text.__i2b    0x0800dbbc       0x5c c:/programdata/gcc-arm-none-eabi-10.3-2021.10/bin/../lib/gcc/arm-none-eabi/10.3.1/../../../../arm-none-eabi/lib/thumb/v7e-m+fp/hard\libg.a(lib_a-mprec.o)
                0x0800dbbc                __i2b
 .text.__multiply
                0x0800dc18      0x15c c:/programdata/gcc-arm-none-eabi-10.3-2021.10/bin/../lib/gcc/arm-none-eabi/10.3.1/../../../../arm-none-eabi/lib/thumb/v7e-m+fp/hard\libg.a(lib_a-mprec.o)
                0x0800dc18                __multiply
 .text.__pow5mult
                0x0800dd74       0xc0 c:/programdata/gcc-arm-none-eabi-10.3-2021.10/bin/../lib/gcc/arm-none-eabi/10.3.1/../../../../arm-none-eabi/lib/thumb/v7e-m+fp/hard\libg.a(lib_a-mprec.o)
                0x0800dd74                __pow5mult
 .text.__lshift
                0x0800de34       0xf0 c:/programdata/gcc-arm-none-eabi-10.3-2021.10/bin/../lib/gcc/arm-none-eabi/10.3.1/../../../../arm-none-eabi/lib/thumb/v7e-m+fp/hard\libg.a(lib_a-mprec.o)
                0x0800de34                __lshift
 .text.__mcmp   0x0800df24       0x44 c:/programdata/gcc-arm-none-eabi-10.3-2021.10/bin/../lib/gcc/arm-none-eabi/10.3.1/../../../../arm-none-eabi/lib/thumb/v7e-m+fp/hard\libg.a(lib_a-mprec.o)
                0x0800df24                __mcmp
 .text.__mdiff  0x0800df68      0x14c c:/programdata/gcc-arm-none-eabi-10.3-2021.10/bin/../lib/gcc/arm-none-eabi/10.3.1/../../../../arm-none-eabi/lib/thumb/v7e-m+fp/hard\libg.a(lib_a-mprec.o)
                0x0800df68                __mdiff
 .text.__d2b    0x0800e0b4       0xd0 c:/programdata/gcc-arm-none-eabi-10.3-2021.10/bin/../lib/gcc/arm-none-eabi/10.3.1/../../../../arm-none-eabi/lib/thumb/v7e-m+fp/hard\libg.a(lib_a-mprec.o)
                0x0800e0b4                __d2b
 .text.frexp    0x0800e184       0x6c c:/programdata/gcc-arm-none-eabi-10.3-2021.10/bin/../lib/gcc/arm-none-eabi/10.3.1/../../../../arm-none-eabi/lib/thumb/v7e-m+fp/hard\libg.a(lib_a-s_frexp.o)
                0x0800e184                frexp
 .text.strncpy  0x0800e1f0       0x64 c:/programdata/gcc-arm-none-eabi-10.3-2021.10/bin/../lib/gcc/arm-none-eabi/10.3.1/../../../../arm-none-eabi/lib/thumb/v7e-m+fp/hard\libg.a(lib_a-strncpy.o)
                0x0800e1f0                strncpy
 .text.__ssprint_r
                0x0800e254       0xf8 c:/programdata/gcc-arm-none-eabi-10.3-2021.10/bin/../lib/gcc/arm-none-eabi/10.3.1/../../../../arm-none-eabi/lib/thumb/v7e-m+fp/hard\libg.a(lib_a-svfiprintf.o)
                0x0800e254                __ssprint_r
 .text.__register_exitproc
                0x0800e34c       0x8c c:/programdata/gcc-arm-none-eabi-10.3-2021.10/bin/../lib/gcc/arm-none-eabi/10.3.1/../../../../arm-none-eabi/lib/thumb/v7e-m+fp/hard\libg.a(lib_a-__atexit.o)
                0x0800e34c                __register_exitproc
 .text.__assert_func
                0x0800e3d8       0x40 c:/programdata/gcc-arm-none-eabi-10.3-2021.10/bin/../lib/gcc/arm-none-eabi/10.3.1/../../../../arm-none-eabi/lib/thumb/v7e-m+fp/hard\libg.a(lib_a-assert.o)
                0x0800e3d8                __assert_func
 .text.fiprintf
                0x0800e418       0x28 c:/programdata/gcc-arm-none-eabi-10.3-2021.10/bin/../lib/gcc/arm-none-eabi/10.3.1/../../../../arm-none-eabi/lib/thumb/v7e-m+fp/hard\libg.a(lib_a-fiprintf.o)
                0x0800e418                fiprintf
 .text.__locale_mb_cur_max
                0x0800e440        0xc c:/programdata/gcc-arm-none-eabi-10.3-2021.10/bin/../lib/gcc/arm-none-eabi/10.3.1/../../../../arm-none-eabi/lib/thumb/v7e-m+fp/hard\libg.a(lib_a-locale.o)
                0x0800e440                __locale_mb_cur_max
 .text.__ascii_mbtowc
                0x0800e44c       0x2c c:/programdata/gcc-arm-none-eabi-10.3-2021.10/bin/../lib/gcc/arm-none-eabi/10.3.1/../../../../arm-none-eabi/lib/thumb/v7e-m+fp/hard\libg.a(lib_a-mbtowc_r.o)
                0x0800e44c                __ascii_mbtowc
 .text.memmove  0x0800e478       0xf8 c:/programdata/gcc-arm-none-eabi-10.3-2021.10/bin/../lib/gcc/arm-none-eabi/10.3.1/../../../../arm-none-eabi/lib/thumb/v7e-m+fp/hard\libg.a(lib_a-memmove.o)
                0x0800e478                memmove
 .text._realloc_r
                0x0800e570      0x3d8 c:/programdata/gcc-arm-none-eabi-10.3-2021.10/bin/../lib/gcc/arm-none-eabi/10.3.1/../../../../arm-none-eabi/lib/thumb/v7e-m+fp/hard\libg.a(lib_a-reallocr.o)
                0x0800e570                _realloc_r
 .text.__sprint_r.part.0
                0x0800e948       0x78 c:/programdata/gcc-arm-none-eabi-10.3-2021.10/bin/../lib/gcc/arm-none-eabi/10.3.1/../../../../arm-none-eabi/lib/thumb/v7e-m+fp/hard\libg.a(lib_a-vfiprintf.o)
 .text._vfiprintf_r
                0x0800e9c0      0xdfc c:/programdata/gcc-arm-none-eabi-10.3-2021.10/bin/../lib/gcc/arm-none-eabi/10.3.1/../../../../arm-none-eabi/lib/thumb/v7e-m+fp/hard\libg.a(lib_a-vfiprintf.o)
                0x0800e9c0                _vfiprintf_r
 .text.__sbprintf
                0x0800f7bc       0x80 c:/programdata/gcc-arm-none-eabi-10.3-2021.10/bin/../lib/gcc/arm-none-eabi/10.3.1/../../../../arm-none-eabi/lib/thumb/v7e-m+fp/hard\libg.a(lib_a-vfiprintf.o)
 .text.__ascii_wctomb
                0x0800f83c       0x1c c:/programdata/gcc-arm-none-eabi-10.3-2021.10/bin/../lib/gcc/arm-none-eabi/10.3.1/../../../../arm-none-eabi/lib/thumb/v7e-m+fp/hard\libg.a(lib_a-wctomb_r.o)
                0x0800f83c                __ascii_wctomb
 .text.__swsetup_r
                0x0800f858       0xd4 c:/programdata/gcc-arm-none-eabi-10.3-2021.10/bin/../lib/gcc/arm-none-eabi/10.3.1/../../../../arm-none-eabi/lib/thumb/v7e-m+fp/hard\libg.a(lib_a-wsetup.o)
                0x0800f858                __swsetup_r
 .text.abort    0x0800f92c       0x10 c:/programdata/gcc-arm-none-eabi-10.3-2021.10/bin/../lib/gcc/arm-none-eabi/10.3.1/../../../../arm-none-eabi/lib/thumb/v7e-m+fp/hard\libg.a(lib_a-abort.o)
                0x0800f92c                abort
 .text.__sflush_r
                0x0800f93c      0x130 c:/programdata/gcc-arm-none-eabi-10.3-2021.10/bin/../lib/gcc/arm-none-eabi/10.3.1/../../../../arm-none-eabi/lib/thumb/v7e-m+fp/hard\libg.a(lib_a-fflush.o)
                0x0800f93c                __sflush_r
 .text._fflush_r
                0x0800fa6c       0x5c c:/programdata/gcc-arm-none-eabi-10.3-2021.10/bin/../lib/gcc/arm-none-eabi/10.3.1/../../../../arm-none-eabi/lib/thumb/v7e-m+fp/hard\libg.a(lib_a-fflush.o)
                0x0800fa6c                _fflush_r
 .text._cleanup_r
                0x0800fac8        0xc c:/programdata/gcc-arm-none-eabi-10.3-2021.10/bin/../lib/gcc/arm-none-eabi/10.3.1/../../../../arm-none-eabi/lib/thumb/v7e-m+fp/hard\libg.a(lib_a-findfp.o)
                0x0800fac8                _cleanup_r
 .text.__sinit  0x0800fad4      0x10c c:/programdata/gcc-arm-none-eabi-10.3-2021.10/bin/../lib/gcc/arm-none-eabi/10.3.1/../../../../arm-none-eabi/lib/thumb/v7e-m+fp/hard\libg.a(lib_a-findfp.o)
                0x0800fad4                __sinit
 .text.__sfp_lock_acquire
                0x0800fbe0        0xc c:/programdata/gcc-arm-none-eabi-10.3-2021.10/bin/../lib/gcc/arm-none-eabi/10.3.1/../../../../arm-none-eabi/lib/thumb/v7e-m+fp/hard\libg.a(lib_a-findfp.o)
                0x0800fbe0                __sfp_lock_acquire
 .text.__sfp_lock_release
                0x0800fbec        0xc c:/programdata/gcc-arm-none-eabi-10.3-2021.10/bin/../lib/gcc/arm-none-eabi/10.3.1/../../../../arm-none-eabi/lib/thumb/v7e-m+fp/hard\libg.a(lib_a-findfp.o)
                0x0800fbec                __sfp_lock_release
 .text.__fputwc
                0x0800fbf8       0xa8 c:/programdata/gcc-arm-none-eabi-10.3-2021.10/bin/../lib/gcc/arm-none-eabi/10.3.1/../../../../arm-none-eabi/lib/thumb/v7e-m+fp/hard\libg.a(lib_a-fputwc.o)
                0x0800fbf8                __fputwc
 .text._fputwc_r
                0x0800fca0       0x68 c:/programdata/gcc-arm-none-eabi-10.3-2021.10/bin/../lib/gcc/arm-none-eabi/10.3.1/../../../../arm-none-eabi/lib/thumb/v7e-m+fp/hard\libg.a(lib_a-fputwc.o)
                0x0800fca0                _fputwc_r
 .text.__sfvwrite_r
                0x0800fd08      0x2f0 c:/programdata/gcc-arm-none-eabi-10.3-2021.10/bin/../lib/gcc/arm-none-eabi/10.3.1/../../../../arm-none-eabi/lib/thumb/v7e-m+fp/hard\libg.a(lib_a-fvwrite.o)
                0x0800fd08                __sfvwrite_r
 .text._fwalk_reent
                0x0800fff8       0x48 c:/programdata/gcc-arm-none-eabi-10.3-2021.10/bin/../lib/gcc/arm-none-eabi/10.3.1/../../../../arm-none-eabi/lib/thumb/v7e-m+fp/hard\libg.a(lib_a-fwalk.o)
                0x0800fff8                _fwalk_reent
 .text.__smakebuf_r
                0x08010040       0xe0 c:/programdata/gcc-arm-none-eabi-10.3-2021.10/bin/../lib/gcc/arm-none-eabi/10.3.1/../../../../arm-none-eabi/lib/thumb/v7e-m+fp/hard\libg.a(lib_a-makebuf.o)
                0x08010040                __smakebuf_r
 .text.raise    0x08010120       0x5c c:/programdata/gcc-arm-none-eabi-10.3-2021.10/bin/../lib/gcc/arm-none-eabi/10.3.1/../../../../arm-none-eabi/lib/thumb/v7e-m+fp/hard\libg.a(lib_a-signal.o)
                0x08010120                raise
 .text._kill_r  0x0801017c       0x2c c:/programdata/gcc-arm-none-eabi-10.3-2021.10/bin/../lib/gcc/arm-none-eabi/10.3.1/../../../../arm-none-eabi/lib/thumb/v7e-m+fp/hard\libg.a(lib_a-signalr.o)
                0x0801017c                _kill_r
 .text._getpid_r
                0x080101a8        0x4 c:/programdata/gcc-arm-none-eabi-10.3-2021.10/bin/../lib/gcc/arm-none-eabi/10.3.1/../../../../arm-none-eabi/lib/thumb/v7e-m+fp/hard\libg.a(lib_a-signalr.o)
                0x080101a8                _getpid_r
 .text.__sread  0x080101ac       0x24 c:/programdata/gcc-arm-none-eabi-10.3-2021.10/bin/../lib/gcc/arm-none-eabi/10.3.1/../../../../arm-none-eabi/lib/thumb/v7e-m+fp/hard\libg.a(lib_a-stdio.o)
                0x080101ac                __sread
 .text.__swrite
                0x080101d0       0x40 c:/programdata/gcc-arm-none-eabi-10.3-2021.10/bin/../lib/gcc/arm-none-eabi/10.3.1/../../../../arm-none-eabi/lib/thumb/v7e-m+fp/hard\libg.a(lib_a-stdio.o)
                0x080101d0                __swrite
 .text.__sseek  0x08010210       0x20 c:/programdata/gcc-arm-none-eabi-10.3-2021.10/bin/../lib/gcc/arm-none-eabi/10.3.1/../../../../arm-none-eabi/lib/thumb/v7e-m+fp/hard\libg.a(lib_a-stdio.o)
                0x08010210                __sseek
 .text.__sclose
                0x08010230        0x8 c:/programdata/gcc-arm-none-eabi-10.3-2021.10/bin/../lib/gcc/arm-none-eabi/10.3.1/../../../../arm-none-eabi/lib/thumb/v7e-m+fp/hard\libg.a(lib_a-stdio.o)
                0x08010230                __sclose
 .text.__swbuf_r
                0x08010238       0xb0 c:/programdata/gcc-arm-none-eabi-10.3-2021.10/bin/../lib/gcc/arm-none-eabi/10.3.1/../../../../arm-none-eabi/lib/thumb/v7e-m+fp/hard\libg.a(lib_a-wbuf.o)
                0x08010238                __swbuf_r
 .text._wcrtomb_r
                0x080102e8       0x3c c:/programdata/gcc-arm-none-eabi-10.3-2021.10/bin/../lib/gcc/arm-none-eabi/10.3.1/../../../../arm-none-eabi/lib/thumb/v7e-m+fp/hard\libg.a(lib_a-wcrtomb.o)
                0x080102e8                _wcrtomb_r
 .text._write_r
                0x08010324       0x2c c:/programdata/gcc-arm-none-eabi-10.3-2021.10/bin/../lib/gcc/arm-none-eabi/10.3.1/../../../../arm-none-eabi/lib/thumb/v7e-m+fp/hard\libg.a(lib_a-writer.o)
                0x08010324                _write_r
 .text._close_r
                0x08010350       0x24 c:/programdata/gcc-arm-none-eabi-10.3-2021.10/bin/../lib/gcc/arm-none-eabi/10.3.1/../../../../arm-none-eabi/lib/thumb/v7e-m+fp/hard\libg.a(lib_a-closer.o)
                0x08010350                _close_r
 .text._fclose_r
                0x08010374       0xcc c:/programdata/gcc-arm-none-eabi-10.3-2021.10/bin/../lib/gcc/arm-none-eabi/10.3.1/../../../../arm-none-eabi/lib/thumb/v7e-m+fp/hard\libg.a(lib_a-fclose.o)
                0x08010374                _fclose_r
 .text._fstat_r
                0x08010440       0x2c c:/programdata/gcc-arm-none-eabi-10.3-2021.10/bin/../lib/gcc/arm-none-eabi/10.3.1/../../../../arm-none-eabi/lib/thumb/v7e-m+fp/hard\libg.a(lib_a-fstatr.o)
                0x08010440                _fstat_r
 .text._isatty_r
                0x0801046c       0x24 c:/programdata/gcc-arm-none-eabi-10.3-2021.10/bin/../lib/gcc/arm-none-eabi/10.3.1/../../../../arm-none-eabi/lib/thumb/v7e-m+fp/hard\libg.a(lib_a-isattyr.o)
                0x0801046c                _isatty_r
 .text._lseek_r
                0x08010490       0x2c c:/programdata/gcc-arm-none-eabi-10.3-2021.10/bin/../lib/gcc/arm-none-eabi/10.3.1/../../../../arm-none-eabi/lib/thumb/v7e-m+fp/hard\libg.a(lib_a-lseekr.o)
                0x08010490                _lseek_r
 .text._read_r  0x080104bc       0x2c c:/programdata/gcc-arm-none-eabi-10.3-2021.10/bin/../lib/gcc/arm-none-eabi/10.3.1/../../../../arm-none-eabi/lib/thumb/v7e-m+fp/hard\libg.a(lib_a-readr.o)
                0x080104bc                _read_r
 .text.sqrtf    0x080104e8       0x44 c:/programdata/gcc-arm-none-eabi-10.3-2021.10/bin/../lib/gcc/arm-none-eabi/10.3.1/../../../../arm-none-eabi/lib/thumb/v7e-m+fp/hard\libm.a(lib_a-wf_sqrt.o)
                0x080104e8                sqrtf
 .text.__ieee754_sqrtf
                0x0801052c        0x8 c:/programdata/gcc-arm-none-eabi-10.3-2021.10/bin/../lib/gcc/arm-none-eabi/10.3.1/../../../../arm-none-eabi/lib/thumb/v7e-m+fp/hard\libm.a(lib_a-ef_sqrt.o)
                0x0801052c                __ieee754_sqrtf
 *(.glue_7)
 .glue_7        0x08010534        0x0 linker stubs
 *(.glue_7t)
 .glue_7t       0x08010534        0x0 linker stubs
 *(.eh_frame)
 .eh_frame      0x08010534        0x0 c:/programdata/gcc-arm-none-eabi-10.3-2021.10/bin/../lib/gcc/arm-none-eabi/10.3.1/thumb/v7e-m+fp/hard/crtbegin.o
 *(.init)
 .init          0x08010534        0x4 c:/programdata/gcc-arm-none-eabi-10.3-2021.10/bin/../lib/gcc/arm-none-eabi/10.3.1/thumb/v7e-m+fp/hard/crti.o
                0x08010534                _init
 .init          0x08010538        0x8 c:/programdata/gcc-arm-none-eabi-10.3-2021.10/bin/../lib/gcc/arm-none-eabi/10.3.1/thumb/v7e-m+fp/hard/crtn.o
 *(.fini)
 .fini          0x08010540        0x4 c:/programdata/gcc-arm-none-eabi-10.3-2021.10/bin/../lib/gcc/arm-none-eabi/10.3.1/thumb/v7e-m+fp/hard/crti.o
                0x08010540                _fini
 .fini          0x08010544        0x8 c:/programdata/gcc-arm-none-eabi-10.3-2021.10/bin/../lib/gcc/arm-none-eabi/10.3.1/thumb/v7e-m+fp/hard/crtn.o
                0x0801054c                . = ALIGN (0x4)
                0x0801054c                _etext = .

.vfp11_veneer   0x0801054c        0x0
 .vfp11_veneer  0x0801054c        0x0 linker stubs

.v4_bx          0x0801054c        0x0
 .v4_bx         0x0801054c        0x0 linker stubs

.iplt           0x0801054c        0x0
 .iplt          0x0801054c        0x0 c:/programdata/gcc-arm-none-eabi-10.3-2021.10/bin/../lib/gcc/arm-none-eabi/10.3.1/thumb/v7e-m+fp/hard/crtbegin.o

.rodata         0x08010550     0xaa28
                0x08010550                . = ALIGN (0x4)
 *(.rodata)
 *(.rodata*)
 .rodata.ascii_1608
                0x08010550      0x5f0 CMakeFiles/DSPforClion.elf.dir/Core/Src/lcd.c.obj
                0x08010550                ascii_1608
 .rodata.ascii_3216
                0x08010b40     0x17c0 CMakeFiles/DSPforClion.elf.dir/Core/Src/lcd.c.obj
                0x08010b40                ascii_3216
 .rodata.main.str1.4
                0x08012300       0x3c CMakeFiles/DSPforClion.elf.dir/Core/Src/main.c.obj
 .rodata.D1CorePrescTable
                0x0801233c       0x10 CMakeFiles/DSPforClion.elf.dir/Core/Src/system_stm32h7xx.c.obj
                0x0801233c                D1CorePrescTable
 .rodata.flagBitshiftOffset.0
                0x0801234c        0x8 CMakeFiles/DSPforClion.elf.dir/Drivers/STM32H7xx_HAL_Driver/Src/stm32h7xx_hal_dma.c.obj
 .rodata.UARTPrescTable
                0x08012354       0x18 CMakeFiles/DSPforClion.elf.dir/Drivers/STM32H7xx_HAL_Driver/Src/stm32h7xx_hal_uart.c.obj
                0x08012354                UARTPrescTable
 .rodata.denominator.0
                0x0801236c        0x8 CMakeFiles/DSPforClion.elf.dir/Drivers/STM32H7xx_HAL_Driver/Src/stm32h7xx_hal_uart_ex.c.obj
 .rodata.numerator.1
                0x08012374        0x8 CMakeFiles/DSPforClion.elf.dir/Drivers/STM32H7xx_HAL_Driver/Src/stm32h7xx_hal_uart_ex.c.obj
 .rodata.armBitRevTable
                0x0801237c      0x800 C:\Users\20614\Desktop\STM32Project\DSPforClion\libarm_cortexM7lfsp_math.a(arm_common_tables.o)
                0x0801237c                armBitRevTable
 .rodata.twiddleCoef_4096
                0x08012b7c     0x8000 C:\Users\20614\Desktop\STM32Project\DSPforClion\libarm_cortexM7lfsp_math.a(arm_common_tables.o)
                0x08012b7c                twiddleCoef_4096
 .rodata._global_impure_ptr
                0x0801ab7c        0x4 c:/programdata/gcc-arm-none-eabi-10.3-2021.10/bin/../lib/gcc/arm-none-eabi/10.3.1/../../../../arm-none-eabi/lib/thumb/v7e-m+fp/hard\libg.a(lib_a-impure.o)
                0x0801ab7c                _global_impure_ptr
 .rodata._svfprintf_r.str1.4
                0x0801ab80       0x42 c:/programdata/gcc-arm-none-eabi-10.3-2021.10/bin/../lib/gcc/arm-none-eabi/10.3.1/../../../../arm-none-eabi/lib/thumb/v7e-m+fp/hard\libg.a(lib_a-svfprintf.o)
 *fill*         0x0801abc2        0x2 
 .rodata.blanks.1
                0x0801abc4       0x10 c:/programdata/gcc-arm-none-eabi-10.3-2021.10/bin/../lib/gcc/arm-none-eabi/10.3.1/../../../../arm-none-eabi/lib/thumb/v7e-m+fp/hard\libg.a(lib_a-svfprintf.o)
 .rodata.zeroes.0
                0x0801abd4       0x10 c:/programdata/gcc-arm-none-eabi-10.3-2021.10/bin/../lib/gcc/arm-none-eabi/10.3.1/../../../../arm-none-eabi/lib/thumb/v7e-m+fp/hard\libg.a(lib_a-svfprintf.o)
 .rodata._dtoa_r.str1.4
                0x0801abe4       0xa2 c:/programdata/gcc-arm-none-eabi-10.3-2021.10/bin/../lib/gcc/arm-none-eabi/10.3.1/../../../../arm-none-eabi/lib/thumb/v7e-m+fp/hard\libg.a(lib_a-dtoa.o)
                                 0xa6 (size before relaxing)
 *fill*         0x0801ac86        0x2 
 .rodata.__multadd.str1.4
                0x0801ac88       0x7f c:/programdata/gcc-arm-none-eabi-10.3-2021.10/bin/../lib/gcc/arm-none-eabi/10.3.1/../../../../arm-none-eabi/lib/thumb/v7e-m+fp/hard\libg.a(lib_a-mprec.o)
                                 0x93 (size before relaxing)
 *fill*         0x0801ad07        0x1 
 .rodata.__mprec_bigtens
                0x0801ad08       0x28 c:/programdata/gcc-arm-none-eabi-10.3-2021.10/bin/../lib/gcc/arm-none-eabi/10.3.1/../../../../arm-none-eabi/lib/thumb/v7e-m+fp/hard\libg.a(lib_a-mprec.o)
                0x0801ad08                __mprec_bigtens
 .rodata.__mprec_tens
                0x0801ad30       0xc8 c:/programdata/gcc-arm-none-eabi-10.3-2021.10/bin/../lib/gcc/arm-none-eabi/10.3.1/../../../../arm-none-eabi/lib/thumb/v7e-m+fp/hard\libg.a(lib_a-mprec.o)
                0x0801ad30                __mprec_tens
 .rodata.p05.0  0x0801adf8        0xc c:/programdata/gcc-arm-none-eabi-10.3-2021.10/bin/../lib/gcc/arm-none-eabi/10.3.1/../../../../arm-none-eabi/lib/thumb/v7e-m+fp/hard\libg.a(lib_a-mprec.o)
 .rodata.__assert_func.str1.4
                0x0801ae04       0x3f c:/programdata/gcc-arm-none-eabi-10.3-2021.10/bin/../lib/gcc/arm-none-eabi/10.3.1/../../../../arm-none-eabi/lib/thumb/v7e-m+fp/hard\libg.a(lib_a-assert.o)
                                 0x43 (size before relaxing)
 *fill*         0x0801ae43        0x1 
 .rodata._setlocale_r.str1.4
                0x0801ae44        0xa c:/programdata/gcc-arm-none-eabi-10.3-2021.10/bin/../lib/gcc/arm-none-eabi/10.3.1/../../../../arm-none-eabi/lib/thumb/v7e-m+fp/hard\libg.a(lib_a-locale.o)
                                  0xd (size before relaxing)
 *fill*         0x0801ae4e        0x2 
 .rodata.str1.4
                0x0801ae50        0x2 c:/programdata/gcc-arm-none-eabi-10.3-2021.10/bin/../lib/gcc/arm-none-eabi/10.3.1/../../../../arm-none-eabi/lib/thumb/v7e-m+fp/hard\libg.a(lib_a-locale.o)
 .rodata._vfiprintf_r.str1.4
                0x0801ae52       0x2f c:/programdata/gcc-arm-none-eabi-10.3-2021.10/bin/../lib/gcc/arm-none-eabi/10.3.1/../../../../arm-none-eabi/lib/thumb/v7e-m+fp/hard\libg.a(lib_a-vfiprintf.o)
 *fill*         0x0801ae52        0x2 
 .rodata.blanks.1
                0x0801ae54       0x10 c:/programdata/gcc-arm-none-eabi-10.3-2021.10/bin/../lib/gcc/arm-none-eabi/10.3.1/../../../../arm-none-eabi/lib/thumb/v7e-m+fp/hard\libg.a(lib_a-vfiprintf.o)
 .rodata.zeroes.0
                0x0801ae64       0x10 c:/programdata/gcc-arm-none-eabi-10.3-2021.10/bin/../lib/gcc/arm-none-eabi/10.3.1/../../../../arm-none-eabi/lib/thumb/v7e-m+fp/hard\libg.a(lib_a-vfiprintf.o)
 .rodata._ctype_
                0x0801ae74      0x101 c:/programdata/gcc-arm-none-eabi-10.3-2021.10/bin/../lib/gcc/arm-none-eabi/10.3.1/../../../../arm-none-eabi/lib/thumb/v7e-m+fp/hard\libg.a(lib_a-ctype_.o)
                0x0801ae74                _ctype_
                0x0801af78                . = ALIGN (0x4)
 *fill*         0x0801af75        0x3 

.ARM.extab
 *(.ARM.extab* .gnu.linkonce.armextab.*)

.ARM            0x0801af78        0x8
                0x0801af78                __exidx_start = .
 *(.ARM.exidx*)
 .ARM.exidx     0x0801af78        0x8 c:/programdata/gcc-arm-none-eabi-10.3-2021.10/bin/../lib/gcc/arm-none-eabi/10.3.1/thumb/v7e-m+fp/hard\libgcc.a(_udivmoddi4.o)
                0x0801af80                __exidx_end = .

.rel.dyn        0x0801af80        0x0
 .rel.iplt      0x0801af80        0x0 c:/programdata/gcc-arm-none-eabi-10.3-2021.10/bin/../lib/gcc/arm-none-eabi/10.3.1/thumb/v7e-m+fp/hard/crtbegin.o

.preinit_array  0x0801af80        0x0
                0x0801af80                PROVIDE (__preinit_array_start = .)
 *(.preinit_array*)
                0x0801af80                PROVIDE (__preinit_array_end = .)

.init_array     0x0801af80        0x8
                0x0801af80                PROVIDE (__init_array_start = .)
 *(SORT_BY_NAME(.init_array.*))
 .init_array.00000
                0x0801af80        0x4 c:/programdata/gcc-arm-none-eabi-10.3-2021.10/bin/../lib/gcc/arm-none-eabi/10.3.1/../../../../arm-none-eabi/lib/thumb/v7e-m+fp/hard\libg.a(lib_a-__call_atexit.o)
 *(.init_array*)
 .init_array    0x0801af84        0x4 c:/programdata/gcc-arm-none-eabi-10.3-2021.10/bin/../lib/gcc/arm-none-eabi/10.3.1/thumb/v7e-m+fp/hard/crtbegin.o
                0x0801af88                PROVIDE (__init_array_end = .)

.fini_array     0x0801af88        0x4
                0x0801af88                PROVIDE (__fini_array_start = .)
 *(SORT_BY_NAME(.fini_array.*))
 *(.fini_array*)
 .fini_array    0x0801af88        0x4 c:/programdata/gcc-arm-none-eabi-10.3-2021.10/bin/../lib/gcc/arm-none-eabi/10.3.1/thumb/v7e-m+fp/hard/crtbegin.o
                0x0801af8c                PROVIDE (__fini_array_end = .)
                0x0801af8c                _sidata = LOADADDR (.data)

.data           0x24000000      0x9c0 load address 0x0801af8c
                0x24000000                . = ALIGN (0x4)
                0x24000000                _sdata = .
 *(.data)
 *(.data*)
 .data.SystemCoreClock
                0x24000000        0x4 CMakeFiles/DSPforClion.elf.dir/Core/Src/system_stm32h7xx.c.obj
                0x24000000                SystemCoreClock
 .data.SystemD2Clock
                0x24000004        0x4 CMakeFiles/DSPforClion.elf.dir/Core/Src/system_stm32h7xx.c.obj
                0x24000004                SystemD2Clock
 .data.uwTickFreq
                0x24000008        0x1 CMakeFiles/DSPforClion.elf.dir/Drivers/STM32H7xx_HAL_Driver/Src/stm32h7xx_hal.c.obj
                0x24000008                uwTickFreq
 *fill*         0x24000009        0x3 
 .data.uwTickPrio
                0x2400000c        0x4 CMakeFiles/DSPforClion.elf.dir/Drivers/STM32H7xx_HAL_Driver/Src/stm32h7xx_hal.c.obj
                0x2400000c                uwTickPrio
 .data._impure_ptr
                0x24000010        0x4 c:/programdata/gcc-arm-none-eabi-10.3-2021.10/bin/../lib/gcc/arm-none-eabi/10.3.1/../../../../arm-none-eabi/lib/thumb/v7e-m+fp/hard\libg.a(lib_a-impure.o)
                0x24000010                _impure_ptr
 *fill*         0x24000014        0x4 
 .data.impure_data
                0x24000018      0x428 c:/programdata/gcc-arm-none-eabi-10.3-2021.10/bin/../lib/gcc/arm-none-eabi/10.3.1/../../../../arm-none-eabi/lib/thumb/v7e-m+fp/hard\libg.a(lib_a-impure.o)
 .data.__malloc_av_
                0x24000440      0x408 c:/programdata/gcc-arm-none-eabi-10.3-2021.10/bin/../lib/gcc/arm-none-eabi/10.3.1/../../../../arm-none-eabi/lib/thumb/v7e-m+fp/hard\libg.a(lib_a-mallocr.o)
                0x24000440                __malloc_av_
 .data.__malloc_sbrk_base
                0x24000848        0x4 c:/programdata/gcc-arm-none-eabi-10.3-2021.10/bin/../lib/gcc/arm-none-eabi/10.3.1/../../../../arm-none-eabi/lib/thumb/v7e-m+fp/hard\libg.a(lib_a-mallocr.o)
                0x24000848                __malloc_sbrk_base
 .data.__malloc_trim_threshold
                0x2400084c        0x4 c:/programdata/gcc-arm-none-eabi-10.3-2021.10/bin/../lib/gcc/arm-none-eabi/10.3.1/../../../../arm-none-eabi/lib/thumb/v7e-m+fp/hard\libg.a(lib_a-mallocr.o)
                0x2400084c                __malloc_trim_threshold
 .data.__atexit_recursive_mutex
                0x24000850        0x4 c:/programdata/gcc-arm-none-eabi-10.3-2021.10/bin/../lib/gcc/arm-none-eabi/10.3.1/../../../../arm-none-eabi/lib/thumb/v7e-m+fp/hard\libg.a(lib_a-__call_atexit.o)
                0x24000850                __atexit_recursive_mutex
 .data.__global_locale
                0x24000854      0x16c c:/programdata/gcc-arm-none-eabi-10.3-2021.10/bin/../lib/gcc/arm-none-eabi/10.3.1/../../../../arm-none-eabi/lib/thumb/v7e-m+fp/hard\libg.a(lib_a-locale.o)
                0x24000854                __global_locale
 *(.RamFunc)
 *(.RamFunc*)
                0x240009c0                . = ALIGN (0x4)
                0x240009c0                _edata = .

.igot.plt       0x240009c0        0x0 load address 0x0801b94c
 .igot.plt      0x240009c0        0x0 c:/programdata/gcc-arm-none-eabi-10.3-2021.10/bin/../lib/gcc/arm-none-eabi/10.3.1/thumb/v7e-m+fp/hard/crtbegin.o
                0x240009c0                . = ALIGN (0x4)

.bss            0x240009c0    0x104f8 load address 0x0801b94c
                0x240009c0                _sbss = .
                0x240009c0                __bss_start__ = _sbss
 *(.bss)
 .bss           0x240009c0       0x1c c:/programdata/gcc-arm-none-eabi-10.3-2021.10/bin/../lib/gcc/arm-none-eabi/10.3.1/thumb/v7e-m+fp/hard/crtbegin.o
 *(.bss*)
 .bss.HAL_RCC_ADC12_CLK_ENABLED
                0x240009dc        0x4 CMakeFiles/DSPforClion.elf.dir/Core/Src/adc.c.obj
 .bss.hadc1     0x240009e0       0x64 CMakeFiles/DSPforClion.elf.dir/Core/Src/adc.c.obj
                0x240009e0                hadc1
 .bss.hadc2     0x24000a44       0x64 CMakeFiles/DSPforClion.elf.dir/Core/Src/adc.c.obj
                0x24000a44                hadc2
 .bss.hdma_adc1
                0x24000aa8       0x78 CMakeFiles/DSPforClion.elf.dir/Core/Src/adc.c.obj
                0x24000aa8                hdma_adc1
 .bss.hdma_adc2
                0x24000b20       0x78 CMakeFiles/DSPforClion.elf.dir/Core/Src/adc.c.obj
                0x24000b20                hdma_adc2
 .bss.adc_buf1  0x24000b98     0x2000 CMakeFiles/DSPforClion.elf.dir/Core/Src/main.c.obj
                0x24000b98                adc_buf1
 .bss.adc_buf2  0x24002b98     0x2000 CMakeFiles/DSPforClion.elf.dir/Core/Src/main.c.obj
                0x24002b98                adc_buf2
 .bss.adc_val1  0x24004b98     0x4000 CMakeFiles/DSPforClion.elf.dir/Core/Src/main.c.obj
                0x24004b98                adc_val1
 .bss.adc_val2  0x24008b98     0x4000 CMakeFiles/DSPforClion.elf.dir/Core/Src/main.c.obj
                0x24008b98                adc_val2
 .bss.fft_output_temp
                0x2400cb98     0x4000 CMakeFiles/DSPforClion.elf.dir/Core/Src/main.c.obj
                0x2400cb98                fft_output_temp
 .bss.flag_adcdone
                0x24010b98        0x4 CMakeFiles/DSPforClion.elf.dir/Core/Src/main.c.obj
                0x24010b98                flag_adcdone
 .bss.flag_fft_done
                0x24010b9c        0x4 CMakeFiles/DSPforClion.elf.dir/Core/Src/main.c.obj
                0x24010b9c                flag_fft_done
 .bss.str1      0x24010ba0       0x32 CMakeFiles/DSPforClion.elf.dir/Core/Src/main.c.obj
                0x24010ba0                str1
 *fill*         0x24010bd2        0x2 
 .bss.str3      0x24010bd4       0x32 CMakeFiles/DSPforClion.elf.dir/Core/Src/main.c.obj
                0x24010bd4                str3
 *fill*         0x24010c06        0x2 
 .bss.str4      0x24010c08       0x32 CMakeFiles/DSPforClion.elf.dir/Core/Src/main.c.obj
                0x24010c08                str4
 *fill*         0x24010c3a        0x2 
 .bss.hspi2     0x24010c3c       0x88 CMakeFiles/DSPforClion.elf.dir/Core/Src/spi.c.obj
                0x24010c3c                hspi2
 .bss.__sbrk_heap_end
                0x24010cc4        0x4 CMakeFiles/DSPforClion.elf.dir/Core/Src/sysmem.c.obj
 .bss.htim3     0x24010cc8       0x4c CMakeFiles/DSPforClion.elf.dir/Core/Src/tim.c.obj
                0x24010cc8                htim3
 .bss.htim6     0x24010d14       0x4c CMakeFiles/DSPforClion.elf.dir/Core/Src/tim.c.obj
                0x24010d14                htim6
 .bss.hdma_usart1_tx
                0x24010d60       0x78 CMakeFiles/DSPforClion.elf.dir/Core/Src/usart.c.obj
                0x24010d60                hdma_usart1_tx
 .bss.huart1    0x24010dd8       0x94 CMakeFiles/DSPforClion.elf.dir/Core/Src/usart.c.obj
                0x24010dd8                huart1
 .bss.uwTick    0x24010e6c        0x4 CMakeFiles/DSPforClion.elf.dir/Drivers/STM32H7xx_HAL_Driver/Src/stm32h7xx_hal.c.obj
                0x24010e6c                uwTick
 .bss.__malloc_current_mallinfo
                0x24010e70       0x28 c:/programdata/gcc-arm-none-eabi-10.3-2021.10/bin/../lib/gcc/arm-none-eabi/10.3.1/../../../../arm-none-eabi/lib/thumb/v7e-m+fp/hard\libg.a(lib_a-mallocr.o)
                0x24010e70                __malloc_current_mallinfo
 .bss.__malloc_max_sbrked_mem
                0x24010e98        0x4 c:/programdata/gcc-arm-none-eabi-10.3-2021.10/bin/../lib/gcc/arm-none-eabi/10.3.1/../../../../arm-none-eabi/lib/thumb/v7e-m+fp/hard\libg.a(lib_a-mallocr.o)
                0x24010e98                __malloc_max_sbrked_mem
 .bss.__malloc_max_total_mem
                0x24010e9c        0x4 c:/programdata/gcc-arm-none-eabi-10.3-2021.10/bin/../lib/gcc/arm-none-eabi/10.3.1/../../../../arm-none-eabi/lib/thumb/v7e-m+fp/hard\libg.a(lib_a-mallocr.o)
                0x24010e9c                __malloc_max_total_mem
 .bss.__malloc_top_pad
                0x24010ea0        0x4 c:/programdata/gcc-arm-none-eabi-10.3-2021.10/bin/../lib/gcc/arm-none-eabi/10.3.1/../../../../arm-none-eabi/lib/thumb/v7e-m+fp/hard\libg.a(lib_a-mallocr.o)
                0x24010ea0                __malloc_top_pad
 .bss.__lock___atexit_recursive_mutex
                0x24010ea4        0x1 c:/programdata/gcc-arm-none-eabi-10.3-2021.10/bin/../lib/gcc/arm-none-eabi/10.3.1/../../../../arm-none-eabi/lib/thumb/v7e-m+fp/hard\libg.a(lib_a-lock.o)
                0x24010ea4                __lock___atexit_recursive_mutex
 *fill*         0x24010ea5        0x3 
 .bss.__lock___malloc_recursive_mutex
                0x24010ea8        0x1 c:/programdata/gcc-arm-none-eabi-10.3-2021.10/bin/../lib/gcc/arm-none-eabi/10.3.1/../../../../arm-none-eabi/lib/thumb/v7e-m+fp/hard\libg.a(lib_a-lock.o)
                0x24010ea8                __lock___malloc_recursive_mutex
 *fill*         0x24010ea9        0x3 
 .bss.__lock___sfp_recursive_mutex
                0x24010eac        0x1 c:/programdata/gcc-arm-none-eabi-10.3-2021.10/bin/../lib/gcc/arm-none-eabi/10.3.1/../../../../arm-none-eabi/lib/thumb/v7e-m+fp/hard\libg.a(lib_a-lock.o)
                0x24010eac                __lock___sfp_recursive_mutex
 *fill*         0x24010ead        0x3 
 .bss.__lock___sinit_recursive_mutex
                0x24010eb0        0x1 c:/programdata/gcc-arm-none-eabi-10.3-2021.10/bin/../lib/gcc/arm-none-eabi/10.3.1/../../../../arm-none-eabi/lib/thumb/v7e-m+fp/hard\libg.a(lib_a-lock.o)
                0x24010eb0                __lock___sinit_recursive_mutex
 *fill*         0x24010eb1        0x3 
 .bss.errno     0x24010eb4        0x4 c:/programdata/gcc-arm-none-eabi-10.3-2021.10/bin/../lib/gcc/arm-none-eabi/10.3.1/../../../../arm-none-eabi/lib/thumb/v7e-m+fp/hard\libg.a(lib_a-reent.o)
                0x24010eb4                errno